engine: tex
active_base: 1
undefined_control_sequence: 24526
null: -268435455

del_code_base = 27485

13: : \outer macro:->\par 

14: : \par

27: : macro:->\not =

33:  : macro:-> 

40: ': macro:->^\bgroup \prim@s 

96: _: macro:->\leavevmode \kern .06em \vbox {\hrule width.3em}

127: ~: macro:->\penalty \@M \ 

261: \: macro:#1->{\accent 94 #1}

266: \	: macro:->\ 

270: \: macro:->\ 

276: \: macro:#1->{\accent 21 #1}

288: \: macro:#1->{\accent 20 #1}

289: \ : \ 

290: \!: macro:->\mskip -\thinmuskip 

291: \": macro:#1->{\accent "7F #1}

292: \#: \char"23

293: \$: \char"24

294: \%: \char"25

295: \&: \char"26

296: \': macro:#1->{\accent 19 #1}

299: \*: macro:->\discretionary {\thinspace \the \textfont 2\char 2}{}{}

300: \+: \outer macro:->\tabalign 

301: \,: macro:->\mskip \thinmuskip 

302: \-: \-

303: \.: macro:#1->{\accent 95 #1}

304: \/: \/

316: \;: macro:->\mskip \thickmuskip 

318: \=: macro:#1->{\accent 22 #1}

319: \>: macro:->\mskip \medmuskip 

329: \H: macro:#1->{\accent "7D #1}

333: \L: macro:->\leavevmode \setbox 0\hbox {L}\hbox to\wd 0{\hss \char 32L}

336: \O: \char"1F

337: \P: macro:->\mathhexbox 27B

340: \S: macro:->\mathhexbox 278

349: \\: macro:#1pt->#1

351: \^: macro:#1->{\accent 94 #1}

352: \_: macro:->\leavevmode \kern .06em \vbox {\hrule width.3em}

353: \`: macro:#1->{\accent 18 #1}

355: \b: macro:#1->{\o@lign {\relax #1\crcr \hidewidth \sh@ft {-3ex}\vbox to.2ex{\hbox {\char 22}\vss }\hidewidth }}

356: \c: macro:#1->{\setbox \z@ \hbox {#1}\ifdim \ht \z@ =1ex\accent 24 #1\else \ooalign {\unhbox \z@ \crcr \hidewidth \char 24\hidewidth }\fi }

357: \d: macro:#1->{\o@lign {\relax #1\crcr \hidewidth \sh@ft {-1ex}.\hidewidth }}

362: \i: \char"10

363: \j: \char"11

365: \l: macro:->\char 32l

368: \o: \char"1C

373: \t: macro:#1->{\edef \next {\the \font }\the \textfont 1\accent "7F\next #1}

374: \u: macro:#1->{\accent 21 #1}

375: \v: macro:#1->{\accent 20 #1}

380: \{: macro:->\delimiter "4266308 

381: \|: macro:->\delimiter "26B30D 

382: \}: macro:->\delimiter "5267309 

383: \~: macro:#1->{\accent "7E #1}

529: endlinechar: \endlinechar

709: AA: macro:->\leavevmode \setbox 0\hbox {!}\dimen@ \ht 0\advance \dimen@ -1ex\rlap {\raise .67\dimen@ \hbox {\char '27}}A

713: AE: \char"1D

719: @M: \mathchar"2710

741: OE: \char"1E

748: downbracefill: macro:->$\m@th \setbox \z@ \hbox {$\braceld $}\braceld \leaders \vrule height\ht \z@ depth\z@ \hfill \braceru \bracelu \leaders \vrule height\ht \z@ depth\z@ \hfill \bracerd $

751: @m: \mathchar"03E8

756: bigbreak: macro:->\par \ifdim \lastskip <\bigskipamount \removelastskip \penalty -200\bigskip \fi 

769: Im: \mathchar"023D

778: bordermatrix: macro:#1->\begingroup \m@th \setbox \z@ \vbox {\def \cr {\crcr \noalign {\kern 2\p@ \global \let \cr \endline }}\ialign {$##$\hfil \kern 2\p@ \kern \p@renwd &\thinspace \hfil $##$\hfil &&\quad \hfil $##$\hfil \crcr \omit \strut \hfil \crcr \noalign {\kern -\baselineskip }#1\crcr \omit \strut \cr }}\setbox \tw@ \vbox {\unvcopy \z@ \global \setbox \@ne \lastbox }\setbox \tw@ \hbox {\unhbox \@ne \unskip \global \setbox \@ne \lastbox }\setbox \tw@ \hbox {$\kern \wd \@ne \kern -\p@renwd \left (\kern -\wd \@ne \global \setbox \@ne \vbox {\box \@ne \kern 2\p@ }\vcenter {\kern -\ht \@ne \unvbox \z@ \kern -\baselineskip }\,\right )$}\null \;\vbox {\kern \ht \@ne \box \tw@ }\endgroup 

779: Pi: \mathchar"7005

788: Pr: macro:->\mathop {\rm Pr}

794: dt@ptrue: macro:->\let \ifdt@p =\iftrue 

795: Xi: \mathchar"7004

802: p@: \dimen11

805: aa: macro:->\accent 23a

807: dt@pfalse: macro:->\let \ifdt@p =\iffalse 

809: ae: \char"1A

812: bf: macro:->\fam \bffam \tenbf 

821: ge: \mathchar"3215

822: z@: \dimen12

823: fi: \fi

826: dp: \ht

831: le: \mathchar"3214

833: lg: macro:->\mathop {\rm lg}\nolimits 

834: in: \mathchar"3232

835: ne: macro:->\not =

837: oe: \char"1B

838: ht: \dp

839: ni: \mathchar"3233

840: it: macro:->\fam \itfam \tenit 

842: sb: subscript character _

843: lq: macro:->`

844: mp: \mathchar"2207

847: pm: \mathchar"2206

849: mu: \mathchar"0116

850: or: \or

851: rm: macro:->\fam \z@ \tenrm 

852: wd: \wd

855: rq: macro:->'

856: sp: superscript character ^

857: to: \mathchar"3221

859: ss: \char"19

862: tt: macro:->\fam \ttfam \tentt 

864: wp: \mathchar"017D

866: wr: \mathchar"226F

878: clubpenalty: \clubpenalty

885: batchmode: \batchmode

912: abovedisplayskip: \abovedisplayskip

926: cleaders: \cleaders

928: hbadness: \hbadness

973: rightharpoonup: \mathchar"312A

990: bigwedge: \mathchar"1356

1001: @MM: \mathchar"4E20

1006: pagecontents: macro:->\ifvoid \topins \else \unvbox \topins \fi \dimen@ =\dp \@cclv \unvbox \@cclv \ifvoid \footins \else \vskip \skip \footins \footnoterule \unvbox \footins \fi \ifr@ggedbottom \kern -\dimen@ \vfil \fi 

1019: deadcycles: \deadcycles

1024: bigoplus: \mathchar"134C

1057: bigsqcup: \mathchar"1346

1082: @if: macro:#1#2->\csname \expandafter \if@ \string #1#2\endcsname 

1084: overrightarrow: macro:#1->\vbox {\m@th \ialign {##\crcr \rightarrowfill \crcr \noalign {\kern -\p@ \nointerlineskip } $\hfil \displaystyle {#1}\hfil $\crcr }}

1086: dimen@ii: \dimen2

1091: @ne: \char"01

1096: headline: \toks10

1120: biguplus: \mathchar"1355

1124: longmapsto: macro:->\mapstochar \longrightarrow 

1135: newlanguage: \outer macro:->\alloc@ 9\language \chardef \@cclvi 

1140: TeX: macro:->T\kern -.1667em\lower .5ex\hbox {E}\kern -.125emX

1147: Phi: \mathchar"7008

1151: inputlineno: \inputlineno

1156: Orb: macro:->\mathhexbox 20D

1166: f@t: macro:#1->#1\@foot 

1169: Psi: \mathchar"7009

1178: abovewithdelims: \abovewithdelims

1181: m@g: macro:->\mag \count@ \hsize 6.5truein\vsize 8.9truein\dimen \footins 8truein

1202: if@: macro:if->

1211: dag: macro:->\mathhexbox 279

1212: cal: macro:->\fam \tw@ 

1214: bar: macro:->\mathaccent "7016 

1216: cap: \mathchar"225C

1218: def: \def

1219: dimendef: \dimendef

1223: chi: \mathchar"011F

1224: gcd: macro:->\mathop {\rm gcd}

1225: fam: \fam

1229: day: \day

1232: det: macro:->\mathop {\rm det}

1233: arg: macro:->\mathop {\rm arg}\nolimits 

1238: end: \end

1239: csc: macro:->\mathop {\rm csc}\nolimits 

1240: iff: macro:->\;\Longleftrightarrow \;

1241: geq: \mathchar"3215

1242: ell: \mathchar"0160

1244: bot: \mathchar"023F

1247: mag: \mag

1248: box: \box

1249: bye: \outer macro:->\par \vfill \supereject \end 

1252: dot: macro:->\mathaccent "705F 

1256: cup: \mathchar"225B

1258: ifx: \ifx

1259: neg: \mathchar"023A

1260: mid: \mathchar"326A

1261: widowpenalty: \widowpenalty

1264: let: \let

1265: lim: macro:->\mathop {\rm lim}

1269: neq: macro:->\not =

1270: par: \par

1271: log: macro:->\mathop {\rm log}\nolimits 

1275: hss: \hss

1276: jot: \dimen14

1280: tw@: \char"02

1282: lor: \mathchar"225F

1287: the: \the

1289: rho: \mathchar"011A

1292: not: \mathchar"3236

1293: sim: \mathchar"3218

1294: sin: macro:->\mathop {\rm sin}\nolimits 

1297: psi: \mathchar"0120

1308: begingroup: \begingroup

1312: top: \mathchar"023E

1317: sum: \mathchar"1350

1320: sup: macro:->\mathop {\rm sup}

1331: vss: \vss

1339: rightarrowfill: macro:->$\m@th \smash -\mkern -7mu\cleaders \hbox {$\mkern -2mu\smash -\mkern -2mu$}\hfill \mkern -7mu\mathord \rightarrow $

1426: noboundary: \noboundary

1428: filbreak: macro:->\par \vfil \penalty -200\vfilneg 

1436: @midfalse: macro:->\let \if@mid =\iffalse 

1500: newlinechar: \newlinechar

1523: finph@nt: macro:->\setbox \tw@ \null \ifv@ \ht \tw@ \ht \z@ \dp \tw@ \dp \z@ \fi \ifh@ \wd \tw@ \wd \z@ \fi \box \tw@ 

1529: endgroup: \endgroup

1537: endinput: \endinput

1589: closeout: \closeout

1609: finsm@sh: macro:->\ht \z@ \z@ \dp \z@ \z@ \box \z@ 

1621: clubsuit: \mathchar"027C

1629: bigotimes: \mathchar"134E

1672: delimiter: \delimiter

1688: triangleleft: \mathchar"212F

1695: cleartabs: macro:->\global \setbox \tabsyet \null \setbox \tabs \null 

1697: buildrel: macro:#1\over #2->\mathrel {\mathop {\kern \z@ #2}\limits ^{#1}}

1725: hyphenchar: \hyphenchar

1770: relpenalty: \relpenalty

1771: Bigg: macro:#1->{\hbox {$\left #1\vbox to17.5\p@ {}\right .\n@space $}}

1776: Bigl: macro:->\mathopen \Big 

1777: Bigm: macro:->\mathrel \Big 

1781: @ins: macro:->\par \begingroup \setbox \z@ \vbox \bgroup 

1782: Bigr: macro:->\mathclose \Big 

1803: centering: \skip11

1812: medbreak: macro:->\par \ifdim \lastskip <\medskipamount \removelastskip \penalty -100\medskip \fi 

1830: f@@t: macro:->\bgroup \aftergroup \@foot \let \next 

1842: language: \language

1872: bracevert: macro:->\delimiter "77C33E 

1880: rightleftharpoons: macro:->\mathrel {\mathpalette \rlh@ {}}

1881: magnification: macro:->\afterassignment \m@g \count@ 

1882: doublehyphendemerits: \doublehyphendemerits

1889: dosupereject: macro:->\ifnum \insertpenalties >\z@ \line {}\kern -\topskip \nobreak \vfill \supereject \fi 

1914: lmoustache: macro:->\delimiter "437A340 

1923: countdef: \countdef

1926: r@@t: macro:#1#2->\setbox \z@ \hbox {$\m@th #1\sqrt {#2}$}\dimen@ \ht \z@ \advance \dimen@ -\dp \z@ \mkern 5mu\raise .6\dimen@ \copy \rootbox \mkern -10mu\box \z@ 

1934: plainoutput: macro:->\shipout \vbox {\makeheadline \pagebody \makefootline }\advancepageno \ifnum \outputpenalty >-\@MM \else \dosupereject \fi 

1950: Vert: macro:->\delimiter "26B30D 

1963: m@ne: \count22

1967: splitbotmark: \splitbotmark

1978: m@th: macro:->\mathsurround \z@ 

2002: Longleftarrow: macro:->\Leftarrow \joinrel \Relbar 

2011: ddag: macro:->\mathhexbox 27A

2016: pagebody: macro:->\vbox to\vsize {\boxmaxdepth \maxdepth \pagecontents }

2018: fo@t: macro:->\ifcat \bgroup \noexpand \next \let \next \f@@t \else \let \next \f@t \fi \next 

2024: leftline: macro:#1->\line {#1\hss }

2026: edef: \edef

2027: bigg: macro:#1->{\hbox {$\left #1\vbox to14.5\p@ {}\right .\n@space $}}

2030: char: \char

2031: beta: \mathchar"010C

2032: hangafter: \hangafter

2033: bigm: macro:->\mathrel \big 

2034: ifh@: \iffalse

2037: pagegoal: \pagegoal

2038: hgl@: macro:->\leavevmode \count@ \spacefactor \vrule width\z@ \nobreak \hskip \skip@ \spacefactor \count@ 

2042: gdef: \gdef

2044: cdot: \mathchar"2201

2046: hbar: macro:->{\mathchar '26\mkern -9muh}

2052: ddot: macro:->\mathaccent "707F 

2053: circ: \mathchar"220E

2056: bmod: macro:->\nonscript \mskip -\medmuskip \mkern 5mu \mathbin {\rm mod}\penalty 900\mkern 5mu\nonscript \mskip -\medmuskip 

2057: hang: macro:->\hangindent \parindent 

2062: rightarrow: \mathchar"3221

2063: mathchar: \mathchar

2071: insc@unt: \count20

2072: hfil: \hfil

2073: cong: macro:->\mathrel {\mathpalette \@vereq \sim }

2074: crcr: \crcr

2080: hbox: \hbox

2084: mathcode: \mathcode

2085: else: \else

2086: land: \mathchar"225E

2088: atop: \atop

2089: leftskip: \leftskip

2095: copy: \copy

2101: emptyset: \mathchar"023B

2102: left: \left

2105: eqno: \eqno

2108: getf@ctor: macro:#1pt->#1

2109: mark: \mark

2110: font: \font

2112: dump: \dump

2116: llap: macro:#1->\hbox to\z@ {\hss #1}

2119: line: macro:->\hbox to\hsize 

2120: sp@n: macro:->\span \omit \advance \mscount \m@ne 

2124: read: \read

2127: iota: \mathchar"0113

2129: item: macro:->\par \hang \textindent 

2130: rlh@: macro:#1->\vcenter {\m@th \hbox {\ooalign {\raise 2pt \hbox {$#1\rightharpoonup $}\crcr $#1\leftharpoondown $}}}

2134: fontname: \fontname

2140: odot: \mathchar"220C

2141: tabs: \char"0C

2145: long: \long

2150: vgl@: macro:->\par \dimen@ \prevdepth \hrule height\z@ \nobreak \vskip \skip@ \prevdepth \dimen@ 

2156: loop: macro:#1\repeat ->\def \body {#1}\iterate 

2158: oint: macro:->\ointop \nolimits 

2164: omit: \omit

2167: prec: \mathchar"321E

2168: pmod: macro:#1->\allowbreak \mkern 18mu({\rm mod}\,\,#1)

2171: teni: select font cmmi10

2177: lastkern: \lastkern

2178: xdef: \xdef

2180: quad: macro:->\hskip 1em\relax 

2181: time: \time

2183: skew: macro:#1#2#3->{\muskip \z@ #1mu\divide \muskip \z@ \tw@ \mkern \muskip \z@ #2{\mkern -\muskip \z@ {#3}\mkern \muskip \z@ }\mkern -\muskip \z@ }{}

2184: skip: \skip

2186: span: \span

2188: prod: \mathchar"1351

2190: over: \over

2191: show: \show

2192: vbox: \vbox

2194: year: \year

2195: mathopen: \mathopen

2199: maxdimen: \dimen10

2203: maxdepth: \maxdepth

2206: star: \mathchar"213F

2208: root: macro:#1\of ->\setbox \rootbox \hbox {$\m@th \scriptscriptstyle {#1}$}\mathpalette \r@@t 

2213: owns: \mathchar"3233

2215: toks: \toks

2223: wlog: macro:->\immediate \write \m@ne 

2230: surd: macro:->{\mathchar "1270}

2236: footnote: macro:#1->\let \@sf \empty \ifhmode \edef \@sf {\spacefactor \the \spacefactor }\/\fi #1\@sf \vfootnote {#1}

2249: lastskip: \lastskip

2256: vtop: \vtop

2259: everyjob: \everyjob

2271: everypar: \everypar

2314: nulldelimiterspace: \nulldelimiterspace

2328: lefthyphenmin: \lefthyphenmin

2332: atopwithdelims: \atopwithdelims

2344: updownarrow: macro:->\delimiter "326C33F 

2355: tabalign: macro:->\us@true \m@ketabbox 

2361: lineskip: \lineskip

2439: endcsname: \endcsname

2451: narrower: macro:->\advance \leftskip \parindent \advance \rightskip \parindent 

2466: itemitem: macro:->\par \indent \hangindent 2\parindent \textindent 

2486: heartsuit: \mathchar"027E

2516: advancepageno: macro:->\ifnum \pageno <\z@ \global \advance \pageno \m@ne \else \global \advance \pageno \@ne \fi 

2544: medskipamount: \skip14

2551: newdimen: \outer macro:->\alloc@ 1\dimen \dimendef \insc@unt 

2553: normalbaselineskip: \skip16

2558: rightharpoondown: \mathchar"312B

2565: displaylines: macro:#1->\displ@y \tabskip \z@skip \halign {\hbox to\displaywidth {$\@lign \hfil \displaystyle ##\hfil $}\crcr #1\crcr }

2566: us@false: macro:->\let \ifus@ =\iffalse 

2573: scriptfont: \scriptfont

2588: aftergroup: \aftergroup

2608: tabsdone: \char"0E

2632: endinsert: macro:->\egroup \if@mid \dimen@ \ht \z@ \advance \dimen@ \dp \z@ \advance \dimen@ 12\p@ \advance \dimen@ \pagetotal \advance \dimen@ -\pageshrink \ifdim \dimen@ >\pagegoal \@midfalse \p@gefalse \fi \fi \if@mid \bigskip \box \z@ \bigbreak \else \insert \topins {\penalty 100 \splittopskip \z@skip \splitmaxdepth \maxdimen \floatingpenalty \z@ \ifp@ge \dimen@ \dp \z@ \vbox to\vsize {\unvbox \z@ \kern -\dimen@ }\else \box \z@ \nobreak \bigskip \fi }\fi \endgroup 

2639: newcount: \outer macro:->\alloc@ 0\count \countdef \insc@unt 

2661: errorcontextlines: \errorcontextlines

2680: Rightarrow: \mathchar"3229

2684: hidewidth: macro:->\hskip \hideskip 

2720: vbadness: \vbadness

2722: patterns: \patterns

2754: smallbreak: macro:->\par \ifdim \lastskip <\smallskipamount \removelastskip \penalty -50\smallskip \fi 

2756: bigskipamount: \skip15

2767: eqalignno: macro:#1->\displ@y \tabskip \centering \halign to\displaywidth {\hfil $\@lign \displaystyle {##}$\tabskip \z@skip &$\@lign \displaystyle {{}##}$\hfil \tabskip \centering &\llap {$\@lign ##$}\tabskip \z@skip \crcr #1\crcr }

2809: displaystyle: \displaystyle

2820: @crtrue: macro:->\let \if@cr =\iftrue 

2826: outputpenalty: \outputpenalty

2855: noindent: \noindent

2892: pagefilstretch: \pagefilstretch

2900: oldstyle: macro:->\fam \@ne \teni 

2932: newwrite: \outer macro:->\alloc@ 7\write \chardef \sixt@@n 

2935: floatingpenalty: \floatingpenalty

2951: noexpand: \noexpand

2970: nolimits: \nolimits

3047: moveleft: \moveleft

3060: @cclv: \char"FF

3065: @nother: macro:->\dimen@ii \dimen@ \divide \dimen@ii \count@ \setbox \tabs \hbox {\hbox to\dimen@ii {}\unhbox \tabs }\advance \dimen@ -\dimen@ii \advance \count@ \m@ne 

3085: boxmaxdepth: \boxmaxdepth

3086: triangleright: \mathchar"212E

3096: overleftarrow: macro:#1->\vbox {\m@th \ialign {##\crcr \leftarrowfill \crcr \noalign {\kern -\p@ \nointerlineskip } $\hfil \displaystyle {#1}\hfil $\crcr }}

3124: makeph@nt: macro:#1->\setbox \z@ \hbox {#1}\finph@nt 

3130: splittopskip: \splittopskip

3136: hyphenation: \hyphenation

3137: Biggm: macro:->\mathrel \Bigg 

3138: @lign: macro:->\tabskip \z@skip \everycr {}

3142: Biggr: macro:->\mathclose \Bigg 

3159: smallint: \mathchar"1273

3171: predisplaysize: \predisplaysize

3177: Gamma: \mathchar"7000

3192: insertpenalties: \insertpenalties

3210: makesm@sh: macro:#1->\setbox \z@ \hbox {#1}\finsm@sh 

3211: centerline: macro:#1->\line {\hss #1\hss }

3231: skewchar: \skewchar

3280: setminus: \mathchar"226E

3294: hyphenpenalty: \hyphenpenalty

3333: varepsilon: \mathchar"0122

3339: prevgraf: \prevgraf

3350: proclaim: \outer macro:#1. #2\par ->\medbreak \noindent {\bf #1.\enspace }{\sl #2\par }\ifdim \lastskip <\medskipamount \removelastskip \penalty 55\medskip \fi 

3357: Omega: \mathchar"700A

3359: nullfont: select font nullfont

3376: arrowvert: macro:->\delimiter "26A33C 

3378: varsigma: \mathchar"0126

3388: multiply: \multiply

3392: vartheta: \mathchar"0123

3409: Sigma: \mathchar"7006

3423: Theta: \mathchar"7002

3432: overline: \overline

3441: lineskiplimit: \lineskiplimit

3455: underbar: macro:#1->$\setbox \z@ \hbox {#1}\dp \z@ \z@ \m@th \underline {\box \z@ }$

3463: righthyphenmin: \righthyphenmin

3487: firstmark: \firstmark

3491: ch@ck: macro:#1#2#3->\ifnum \count 1#1<#2\else \errmessage {No room for a new #3}\fi 

3500: copyright: macro:->{\ooalign {\hfil \raise .07ex\hbox {c}\hfil \crcr \Orb }}

3504: nopagenumbers: macro:->\footline {\hfil }

3527: thinmuskip: \thinmuskip

3573: goodbreak: macro:->\par \penalty -500 

3578: if@cr: \iffalse

3580: Updownarrow: macro:->\delimiter "326D377 

3585: leftarrow: \mathchar"3220

3609: bffam: \char"06

3612: pagedepth: \pagedepth

3614: xleaders: \xleaders

3615: textfont: \textfont

3631: above: \above

3638: tracinglostchars: \tracinglostchars

3639: check: macro:->\mathaccent "7014 

3645: amalg: \mathchar"2271

3648: biggl: macro:->\mathopen \bigg 

3649: biggm: macro:->\mathrel \bigg 

3651: cases: macro:#1->\left \{\,\vcenter {\normalbaselines \m@th \ialign {$##\hfil $&\quad ##\hfil \crcr #1\crcr }}\right .

3654: biggr: macro:->\mathclose \bigg 

3659: acute: macro:->\mathaccent "7013 

3662: aleph: \mathchar"0240

3675: angle: macro:->{\vbox {\ialign {$\m@th \scriptstyle ##$\crcr \not \mathrel {\mkern 14mu}\crcr \noalign {\nointerlineskip } \mkern 2.5mu\leaders \hrule height.34pt\hfill \mkern 2.5mu\crcr }}}

3676: triangle: \mathchar"0234

3681: brace: macro:->\atopwithdelims \{\}

3683: alpha: \mathchar"010B

3685: Arrowvert: macro:->\delimiter "26B33D 

3686: cdotp: \mathchar"6201

3687: brack: macro:->\atopwithdelims []

3689: gamma: \mathchar"010D

3696: eject: macro:->\par \break 

3699: break: macro:->\penalty -\@M 

3702: dimen: \dimen

3705: ddots: macro:->\mathinner {\mkern 1mu\raise 7\p@ \vbox {\kern 7\p@ \hbox {.}}\mkern 2mu \raise 4\p@ \hbox {.}\mkern 2mu\raise \p@ \hbox {.}\mkern 1mu}

3708: tracingmacros: \tracingmacros

3709: immediate: \immediate

3713: downarrow: macro:->\delimiter "3223379 

3716: ifcat: \ifcat

3729: ifdim: \ifdim

3730: ph@nt: macro:->\ifmmode \def \next {\mathpalette \mathph@nt }\else \let \next \makeph@nt \fi \next 

3735: allowbreak: macro:->\penalty \z@ 

3738: ifeof: \ifeof

3750: colon: \mathchar"603A

3754: ifodd: \ifodd

3755: nabla: \mathchar"0272

3756: lceil: macro:->\delimiter "4264306 

3762: sh@ft: macro:#1->\dimen@ #1\kern \expandafter \getf@ctor \the \fontdimen 1\font \dimen@ 

3765: fivei: select font cmmi5

3768: fontdimen: \fontdimen

3769: hglue: macro:->\afterassignment \hgl@ \skip@ =

3770: medmuskip: \medmuskip

3771: kappa: \mathchar"0114

3772: ifus@: \iffalse

3781: doteq: macro:->\buildrel \textstyle .\over =

3782: subseteq: \mathchar"3212

3787: folio: macro:->\ifnum \pageno <\z@ \romannumeral -\pageno \else \number \pageno \fi 

3790: count: \count

3793: ifnum: \ifnum

3796: mathph@nt: macro:#1#2->\setbox \z@ \hbox {$\m@th #1{#2}$}\finph@nt 

3799: grave: macro:->\mathaccent "7012 

3800: asymp: \mathchar"3210

3803: mathclose: \mathclose

3806: jmath: \mathchar"017C

3828: hfuzz: \hfuzz

3830: equiv: \mathchar"3211

3833: leqno: \leqno

3835: infty: \mathchar"0231

3838: vphantom: macro:->\v@true \h@false \ph@nt 

3847: lhook: \mathchar"312C

3848: hskip: \hskip

3850: thr@@: \char"03

3852: rceil: macro:->\delimiter "5265307 

3856: mkern: \mkern

3863: hsize: \hsize

3865: raise: \raise

3869: omega: \mathchar"0121

3870: newif: \outer macro:#1->\count@ \escapechar \escapechar \m@ne \expandafter \expandafter \expandafter \def \@if #1{true}{\let #1=\iftrue }\expandafter \expandafter \expandafter \def \@if #1{false}{\let #1=\iffalse }\@if #1{false}\escapechar \count@ 

3872: input: \input

3875: hrule: \hrule

3882: mathsm@sh: macro:#1#2->\setbox \z@ \hbox {$\m@th #1{#2}$}\finsm@sh 

3888: h@false: macro:->\let \ifh@ =\iffalse 

3892: relax: \relax

3894: Leftarrow: \mathchar"3228

3896: mathinner: \mathinner

3914: hangindent: \hangindent

3916: tenbf: select font cmbx10

3918: skip@: \skip0

3921: sigma: \mathchar"011B

3922: month: \month

3924: vdash: \mathchar"3260

3928: mskip: \mskip

3929: maxdeadcycles: \maxdeadcycles

3930: pagetotal: \pagetotal

3933: wedge: \mathchar"225E

3935: theta: \mathchar"0112

3936: errorstopmode: \errorstopmode

3937: space: macro:-> 

3940: tenex: select font cmex10

3943: rhook: \mathchar"312D

3944: tenit: select font cmti10

3945: simeq: \mathchar"3227

3946: notin: macro:->\mathrel {\mathpalette \c@ncel \in }

3948: smash: macro:->\relax \ifmmode \def \next {\mathpalette \mathsm@sh }\else \let \next \makesm@sh \fi \next 

3955: tenrm: select font cmr10

3956: tensl: select font cmsl10

3957: prime: \mathchar"0230

3960: sqcap: \mathchar"2275

3962: vfill: \vfill

3963: varpi: \mathchar"0124

3966: tentt: select font cmtt10

3967: oplus: \mathchar"2208

3969: tensy: select font cmsy10

3980: toks@: \toks0

3985: tracingall: macro:->\tracingonline \@ne \loggingall 

3988: qquad: macro:->\hskip 2em\relax 

3993: vglue: macro:->\afterassignment \vgl@ \skip@ =

4000: tracingonline: \tracingonline

4006: outer: \outer

4009: ttfam: \char"07

4022: Downarrow: macro:->\delimiter "322B37F 

4040: midinsert: macro:->\@midtrue \@ins 

4052: vfuzz: \vfuzz

4062: splitmaxdepth: \splitmaxdepth

4063: uplus: \mathchar"225D

4064: r@ggedbottomfalse: macro:->\let \ifr@ggedbottom =\iffalse 

4072: vskip: \vskip

4082: everyhbox: \everyhbox

4083: write: \write

4087: vsize: \vsize

4088: strut: macro:->\relax \ifmmode \copy \strutbox \else \unhcopy \strutbox \fi 

4099: vrule: \vrule

4112: everymath: \everymath

4129: obeylines: macro:->\catcode `\\active \let \par 

4144: underbrace: macro:#1->\mathop {\vtop {\m@th \ialign {##\crcr $\hfil \displaystyle {#1}\hfil $\crcr \noalign {\kern 3\p@ \nointerlineskip } \upbracefill \crcr \noalign {\kern 3\p@ }}}}\limits 

4146: beginsection: \outer macro:#1\par ->\vskip \z@ plus.3\vsize \penalty -250 \vskip \z@ plus-.3\vsize \bigskip \vskip \parskip \message {#1}\leftline {\bf #1}\nobreak \smallskip \noindent 

4154: mathstrut: macro:->\vphantom (

4165: interlinepenalty: \interlinepenalty

4194: everyvbox: \everyvbox

4218: footstrut: macro:->\vbox to\splittopskip {}

4222: delimitershortfall: \delimitershortfall

4230: supseteq: \mathchar"3213

4233: tracingoutput: \tracingoutput

4255: tracingparagraphs: \tracingparagraphs

4260: footnoterule: macro:->\kern -3\p@ \hrule width 2truein \kern 2.6\p@ 

4270: everydisplay: \everydisplay

4298: Uparrow: macro:->\delimiter "322A37E 

4313: postdisplaypenalty: \postdisplaypenalty

4337: strutbox: \char"0B

4342: bigtriangleup: \mathchar"2234

4343: magstephalf: macro:->1095 

4481: Upsilon: \mathchar"7007

4483: leftrightarrow: \mathchar"3224

4524: n@space: macro:->\nulldelimiterspace \z@ \m@th 

4525: delimiterfactor: \delimiterfactor

4552: parindent: \parindent

4584: baselineskip: \baselineskip

4618: badness: \badness

4624: pagefillstretch: \pagefillstretch

4626: displayindent: \displayindent

4639: p@renwd: \dimen15

4693: textindent: macro:#1->\indent \llap {#1\enspace }\ignorespaces 

4717: ddagger: \mathchar"227A

4741: displaylimits: \displaylimits

4749: makeheadline: macro:->\vbox to\z@ {\vskip -22.5\p@ \line {\vbox to8.5\p@ {}\the \headline }\vss }\nointerlineskip 

4766: scriptscriptstyle: \scriptscriptstyle

4768: overwithdelims: \overwithdelims

4784: v@false: macro:->\let \ifv@ =\iffalse 

4793: removelastskip: macro:->\ifdim \lastskip =\z@ \else \vskip -\lastskip \fi 

4824: advance: \advance

4828: tracingcommands: \tracingcommands

4830: raggedbottom: macro:->\topskip 10\p@ plus60\p@ \r@ggedbottomtrue 

4832: bigcirc: \mathchar"220D

4833: Longleftrightarrow: macro:->\Leftarrow \joinrel \Rightarrow 

4844: s@tcols: macro:#1\columns ->\count@ #1\dimen@ \hsize \loop \ifnum \count@ >\z@ \@nother \repeat 

4845: chardef: \chardef

4846: catcode: \catcode

4859: @crfalse: macro:->\let \if@cr =\iffalse 

4863: scriptspace: \scriptspace

4889: hookrightarrow: macro:->\lhook \joinrel \rightarrow 

4895: mathsurround: \mathsurround

4910: delcode: \delcode

4919: bigodot: \mathchar"134A

4950: thickmuskip: \thickmuskip

4961: diamond: \mathchar"2205

4963: bigskip: macro:->\vskip \bigskipamount 

4968: spacefactor: \spacefactor

4982: binoppenalty: \binoppenalty

4986: rmoustache: macro:->\delimiter "537B341 

4997: braceld: \mathchar"037A

4998: dimen@i: \dimen1

5000: newinsert: \outer macro:#1->\global \advance \insc@unt by\m@ne \ch@ck 0\insc@unt \count \ch@ck 1\insc@unt \dimen \ch@ck 2\insc@unt \skip \ch@ck 4\insc@unt \box \allocationnumber =\insc@unt \global \chardef #1=\allocationnumber \wlog {\string #1=\string \insert \the \allocationnumber }

5009: predisplaypenalty: \predisplaypenalty

5014: bracelu: \mathchar"037C

5026: braceru: \mathchar"037D

5074: negthinspace: macro:->\kern -.16667em 

5078: offinterlineskip: macro:->\baselineskip -1000\p@ \lineskip \z@ \lineskiplimit \maxdimen 

5088: nonfrenchspacing: macro:->\sfcode `\.3000\sfcode `\?3000\sfcode `\!3000\sfcode `\:2000\sfcode `\;1500\sfcode `\,1250 

5109: mathchardef: \mathchardef

5146: futurelet: \futurelet

5168: iffalse: \iffalse

5172: pretolerance: \pretolerance

5173: endgraf: \par

5190: displ@y: macro:->\global \dt@ptrue \openup \jot \m@th \everycr {\noalign {\ifdt@p \global \dt@pfalse \ifdim \prevdepth >-1000\p@ \vskip -\lineskiplimit \vskip \normallineskiplimit \fi \else \penalty \interdisplaylinepenalty \fi }}

5202: endline: \cr

5222: hfilneg: \hfilneg

5225: closein: \closein

5242: newmuskip: \outer macro:->\alloc@ 3\muskip \muskipdef \@cclvi 

5245: eqalign: macro:#1->\null \,\vcenter {\openup \jot \m@th \ialign {\strut \hfil $\displaystyle {##}$&$\displaystyle {{}##}$\hfil \crcr #1\crcr }}\,

5250: escapechar: \escapechar

5256: leaders: \leaders

5278: ifhmode: \ifhmode

5288: botmark: \botmark

5313: holdinginserts: \holdinginserts

5358: ifmmode: \ifmmode

5359: @midtrue: macro:->\let \if@mid =\iftrue 

5372: diamondsuit: \mathchar"027D

5381: dotfill: macro:->\cleaders \hbox {$\m@th \mkern 1.5mu.\mkern 1.5mu$}\hfill 

5393: looseness: \looseness

5396: meaning: \meaning

5420: enspace: macro:->\kern .5em 

5439: magstep: macro:#1->\ifcase #1 \@m \or 1200\or 1440\or 1728\or 2074\or 2488\fi \relax 

5447: hoffset: \hoffset

5472: fmtname: macro:->plain

5487: setlanguage: \setlanguage

5491: medskip: macro:->\vskip \medskipamount 

5493: mathbin: \mathbin

5502: ifvmode: \ifvmode

5504: jobname: \jobname

5505: epsilon: \mathchar"010F

5513: errhelp: \errhelp

5531: lastbox: \lastbox

5546: nearrow: \mathchar"3225

5547: mathrel: \mathrel

5548: showboxbreadth: \showboxbreadth

5551: radical: \radical

5552: footins: \char"FE

5553: mathord: \mathord

5559: longleftarrow: macro:->\leftarrow \joinrel \relbar 

5577: everycr: \everycr

5578: rightskip: \rightskip

5608: frenchspacing: macro:->\sfcode `\.\@m \sfcode `\?\@m \sfcode `\!\@m \sfcode `\:\@m \sfcode `\;\@m \sfcode `\,\@m 

5625: ttraggedright: macro:->\tt \rightskip \z@ plus2em\relax 

5658: allocationnumber: \count21

5675: joinrel: macro:->\mathrel {\mkern -3mu}

5676: message: \message

5694: iterate: macro:->\body \let \next \iterate \else \let \next \relax \fi \next 

5707: natural: \mathchar"015C

5711: @cclvi: \mathchar"0100

5721: globaldefs: \globaldefs

5734: penalty: \penalty

5736: phantom: macro:->\v@true \h@true \ph@nt 

5744: belowdisplayshortskip: \belowdisplayshortskip

5753: newhelp: \outer macro:#1#2->\newtoks #1#1\expandafter {\csname #2\endcsname }

5757: noalign: \noalign

5759: partial: \mathchar"0140

5779: parskip: \parskip

5790: nobreak: macro:->\penalty \@M 

5799: newread: \outer macro:->\alloc@ 6\read \chardef \sixt@@n 

5804: moveright: \moveright

5808: exhyphenpenalty: \exhyphenpenalty

5820: pausing: \pausing

5821: ooalign: macro:->\lineskiplimit -\maxdimen \oalign 

5831: tabsyet: \char"0D

5837: makefootline: macro:->\baselineskip 24\p@ \lineskiplimit \z@ \line {\the \footline }

5852: nonscript: \nonscript

5859: newskip: \outer macro:->\alloc@ 2\skip \skipdef \insc@unt 

5866: searrow: \mathchar"3226

5870: Leftrightarrow: \mathchar"322C

5882: mathpalette: macro:#1#2->\mathchoice {#1\displaystyle {#2}}{#1\textstyle {#2}}{#1\scriptstyle {#2}}{#1\scriptscriptstyle {#2}}

5890: newtoks: \outer macro:->\alloc@ 5\toks \toksdef \@cclvi 

5911: romannumeral: \romannumeral

5924: us@true: macro:->\let \ifus@ =\iftrue 

5931: vadjust: \vadjust

5935: pmatrix: macro:#1->\left (\matrix {#1}\right )

5945: mscount: \count25

5946: spaceskip: \spaceskip

5948: @penup: macro:->\advance \lineskip \dimen@ \advance \baselineskip \dimen@ \advance \lineskiplimit \dimen@ 

5953: showboxdepth: \showboxdepth

5962: smallskip: macro:->\vskip \smallskipamount 

5991: openout: \openout

6009: vcenter: \vcenter

6010: longrightarrow: macro:->\relbar \joinrel \rightarrow 

6022: spadesuit: \mathchar"027F

6029: @vereq: macro:#1#2->\lower .5\p@ \vbox {\lineskiplimit \maxdimen \lineskip -.5\p@ \ialign {$\m@th #1\hfil ##\hfil $\crcr #2\crcr =\crcr }}

6039: sevenbf: select font cmbx7

6059: Lambda: \mathchar"7003

6071: shipout: \shipout

6075: sixt@@n: \char"10

6077: skipdef: \skipdef

6078: sevenrm: select font cmr7

6087: special: \special

6088: settabs: macro:->\setbox \tabs \null \futurelet \next \sett@b 

6092: sevensy: select font cmsy7

6107: pagestretch: \pagestretch

6118: vfilneg: \vfilneg

6122: nwarrow: \mathchar"322D

6123: widehat: macro:->\mathaccent "0362 

6137: m@ketabbox: macro:->\begingroup \global \setbox \tabsyet \copy \tabs \global \setbox \tabsdone \null \def \cr {\@crtrue \crcr \egroup \egroup \ifus@ \unvbox \z@ \lastbox \fi \endgroup \setbox \tabs \hbox {\unhbox \tabsyet \unhbox \tabsdone }}\setbox \z@ \vbox \bgroup \@crfalse \ialign \bgroup &\t@bbox ##\t@bb@x \crcr 

6163: showbox: \showbox

6179: thinspace: macro:->\kern .16667em 

6202: showthe: \showthe

6204: prevdepth: \prevdepth

6225: nonstopmode: \nonstopmode

6237: voidb@x: \char"0A

6254: lastpenalty: \lastpenalty

6266: unhcopy: \unhcopy

6292: c@ncel: macro:#1#2->\m@th \ooalign {$\hfil #1\mkern 1mu/\hfil $\crcr $#1#2$}

6299: rootbox: \char"0F

6307: overbrace: macro:#1->\mathop {\vbox {\m@th \ialign {##\crcr \noalign {\kern 3\p@ } \downbracefill \crcr \noalign {\kern 3\p@ \nointerlineskip } $\hfil \displaystyle {#1}\hfil $\crcr }}}\limits 

6318: Relbar: macro:->\mathrel =

6325: toksdef: \toksdef

6343: voffset: \voffset

6346: tracingpages: \tracingpages

6359: leavevmode: macro:->\unhbox \voidb@x 

6364: multispan: macro:#1->\omit \mscount #1\relax \loop \ifnum \mscount >\@ne \sp@n \repeat 

6372: topglue: macro:->\nointerlineskip \vglue -\topskip \vglue 

6376: topmark: \topmark

6381: dospecials: macro:->\do \ \do \\\do \{\do \}\do \$\do \&\do \#\do \^\do \\do \_\do \\do \%\do \~

6442: overfullrule: \overfullrule

6451: topskip: \topskip

6452: muskipdef: \muskipdef

6463: supereject: macro:->\par \penalty -\@MM 

6473: widetilde: macro:->\mathaccent "0365 

6490: unvcopy: \unvcopy

6519: leftharpoondown: \mathchar"3129

6529: upsilon: \mathchar"011D

6542: tracingrestores: \tracingrestores

6547: showlists: \showlists

6552: tracingstats: \tracingstats

6580: sqsubseteq: \mathchar"3276

6585: h@true: macro:->\let \ifh@ =\iftrue 

6601: underline: \underline

6673: r@ggedbottomtrue: macro:->\let \ifr@ggedbottom =\iftrue 

6674: t@bb@x: macro:->\if@cr \egroup \else \hss \egroup \global \setbox \tabsyet \hbox {\unhbox \tabsyet \global \setbox \@ne \lastbox }\ifvoid \@ne \global \setbox \@ne \hbox to\wd \z@ {}\else \setbox \z@ \hbox to\wd \@ne {\unhbox \z@ }\fi \global \setbox \tabsdone \hbox {\box \@ne \unhbox \tabsdone }\fi \box \z@ 

6690: o@lign: macro:->\lineskiplimit \z@ \oalign 

6702: scriptscriptfont: \scriptscriptfont

6734: accent: \accent

6764: if@mid: \iffalse

6768: t@bbox: macro:->\setbox \z@ \hbox \bgroup 

6818: dagger: \mathchar"2279

6821: interfootnotelinepenalty: \count24

6836: s@tt@b: macro:->\let \nxt \relax \us@false \m@ketabbox 

6856: bigcap: \mathchar"1354

6866: mathaccent: \mathaccent

6887: active: \char"0D

6895: tolerance: \tolerance

6896: bigcup: \mathchar"1353

6916: alloc@: macro:#1#2#3#4#5->\global \advance \count 1#1by\@ne \ch@ck #1#4#2\allocationnumber =\count 1#1\global #3#5=\allocationnumber \wlog {\string #5=\string #2\the \allocationnumber }

6929: bigvee: \mathchar"1357

6933: pr@@@s: macro:#1->\prim@s 

6934: pr@@@t: macro:#1#2->#2\egroup 

6941: belowdisplayskip: \belowdisplayskip

6954: dimen@: \dimen0

6963: emergencystretch: \emergencystretch

6965: ifp@ge: \iffalse

6967: arccos: macro:->\mathop {\rm arccos}\nolimits 

6994: halign: \halign

7000: bgroup: begin-group character {

7002: arctan: macro:->\mathop {\rm arctan}\nolimits 

7005: raggedright: macro:->\rightskip \z@ plus2em \spaceskip .3333em \xspaceskip .5em\relax 

7009: choose: macro:->\atopwithdelims ()

7010: ifdt@p: \iffalse

7014: arcsin: macro:->\mathop {\rm arcsin}\nolimits 

7017: ifcase: \ifcase

7026: ialign: macro:->\everycr {}\tabskip \z@skip \halign 

7028: sqsupseteq: \mathchar"3277

7033: v@true: macro:->\let \ifv@ =\iftrue 

7034: nointerlineskip: macro:->\prevdepth -1000\p@ 

7057: leqalignno: macro:#1->\displ@y \tabskip \centering \halign to\displaywidth {\hfil $\@lign \displaystyle {##}$\tabskip \z@skip &$\@lign \displaystyle {{}##}$\hfil \tabskip \centering &\kern -\displaywidth \rlap {$\@lign ##$}\tabskip \displaywidth \crcr #1\crcr }

7059: divide: \divide

7072: ifhbox: \ifhbox

7083: lambda: \mathchar"0115

7085: mathchoice: \mathchoice

7091: lccode: \lccode

7093: textstyle: \textstyle

7096: egroup: end-group character }

7104: fivebf: select font cmbx5

7109: csname: \csname

7112: z@skip: \skip12

7113: pr@m@s: macro:->\ifx '\next \let \nxt \pr@@@s \else \ifx ^\next \let \nxt \pr@@@t \else \let \nxt \egroup \fi \fi \nxt 

7114: pageinsert: macro:->\@midfalse \p@getrue \@ins 

7120: global: \global

7130: count@: \count255

7131: langle: macro:->\delimiter "426830A 

7132: coprod: \mathchar"1360

7136: bullet: \mathchar"220F

7137: lbrace: macro:->\delimiter "4266308 

7143: fiverm: select font cmr5

7150: linepenalty: \linepenalty

7153: bowtie: macro:->\mathrel \triangleright \joinrel \mathrel \triangleleft 

7157: fivesy: select font cmsy5

7174: indent: \indent

7176: enskip: macro:->\hskip .5em\relax 

7178: forall: \mathchar"0238

7184: ifvbox: \ifvbox

7185: smallskipamount: \skip13

7204: ifvoid: \ifvoid

7205: splitfirstmark: \splitfirstmark

7209: pageno: \count0

7218: oalign: macro:#1->\leavevmode \vtop {\baselineskip \z@skip \lineskip .25ex\ialign {##\crcr #1\crcr }}

7225: iftrue: \iftrue

7232: mathop: \mathop

7246: lfloor: macro:->\delimiter "4262304 

7253: mapsto: macro:->\mapstochar \rightarrow 

7261: unpenalty: \unpenalty

7264: liminf: macro:->\mathop {\rm lim\,inf}

7268: matrix: macro:#1->\null \,\vcenter {\normalbaselines \m@th \ialign {\hfil $##$\hfil &&\quad \hfil $##$\hfil \crcr \mathstrut \crcr \noalign {\kern -\baselineskip } #1\crcr \mathstrut \crcr \noalign {\kern -\baselineskip }}}\,

7284: mathhexbox: macro:#1#2#3->\leavevmode \hbox {$\m@th \mathchar "#1#2#3$}

7289: limits: \limits

7302: insert: \insert

7313: newfam: \outer macro:->\alloc@ 8\fam \chardef \sixt@@n 

7320: lgroup: macro:->\delimiter "462833A 

7323: rangle: macro:->\delimiter "526930B 

7328: limsup: macro:->\mathop {\rm lim\,sup}

7329: expandafter: \expandafter

7335: rbrack: macro:->]

7336: newbox: \outer macro:->\alloc@ 4\box \chardef \insc@unt 

7339: defaulthyphenchar: \defaulthyphenchar

7342: relbar: macro:->\mathrel {\smash -}

7363: sfcode: \sfcode

7368: topinsert: macro:->\@midfalse \p@gefalse \@ins 

7379: uccode: \uccode

7387: afterassignment: \afterassignment

7388: repeat: \fi

7397: Longrightarrow: macro:->\Relbar \joinrel \Rightarrow 

7399: brokenpenalty: \brokenpenalty

7424: ointop: \mathchar"1348

7426: openin: \openin

7428: sett@b: macro:->\ifx \next \+\def \nxt {\afterassignment \s@tt@b \let \nxt }\else \let \nxt \s@tcols \fi \let \next \relax \nxt 

7438: rfloor: macro:->\delimiter "5263305 

7439: ominus: \mathchar"2209

7441: prim@s: macro:->\prime \futurelet \next \pr@m@s 

7442: valign: \valign

7452: openup: macro:->\afterassignment \@penup \dimen@ =

7472: setbox: \setbox

7483: seveni: select font cmmi7

7486: uchyph: \uchyph

7492: oslash: \mathchar"220B

7512: rgroup: macro:->\delimiter "562933B 

7515: varphi: \mathchar"0127

7529: varrho: \mathchar"0125

7531: uppercase: \uppercase

7533: bigtriangledown: \mathchar"2235

7544: muskip: \muskip

7569: succeq: \mathchar"3217

7584: unhbox: \unhbox

7601: propto: \mathchar"322F

7616: unkern: \unkern

7628: subset: \mathchar"321A

7653: errmessage: \errmessage

7661: finalhyphendemerits: \finalhyphendemerits

7664: output: \output

7688: unskip: \unskip

7696: unvbox: \unvbox

7705: string: \string

7740: supset: \mathchar"321B

7758: fmtversion: macro:->3.141592653

7784: vsplit: \vsplit

7842: mapstochar: \mathchar"3237

7844: ifr@ggedbottom: \iffalse

7868: p@gefalse: macro:->\let \ifp@ge =\iffalse 

7879: xspaceskip: \xspaceskip

7880: normallineskiplimit: \dimen13

8035: showhyphens: macro:#1->\setbox 0\vbox {\parfillskip \z@skip \hsize \maxdimen \tenrm \pretolerance \m@ne \tolerance \m@ne \hbadness 0\showboxdepth 0\ #1}

8055: obeyspaces: macro:->\catcode `\ \active 

8088: pagefilllstretch: \pagefilllstretch

8144: longleftrightarrow: macro:->\leftarrow \joinrel \rightarrow 

8155: parfillskip: \parfillskip

8209: displaywidowpenalty: \displaywidowpenalty

8292: discretionary: \discretionary

8339: abovedisplayshortskip: \abovedisplayshortskip

8575: p@getrue: macro:->\let \ifp@ge =\iftrue 

8646: loggingall: macro:->\tracingcommands \tw@ \tracingstats \tw@ \tracingpages \@ne \tracingoutput \@ne \tracinglostchars \@ne \tracingmacros \tw@ \tracingparagraphs \@ne \tracingrestores \@ne \showboxbreadth \maxdimen \showboxdepth \maxdimen 

8699: backslash: macro:->\delimiter "26E30F 

8702: adjdemerits: \adjdemerits

8705: leftarrowfill: macro:->$\m@th \mathord \leftarrow \mkern -7mu\cleaders \hbox {$\mkern -2mu\smash -\mkern -2mu$}\hfill \mkern -7mu\smash -$

8729: ignorespaces: \ignorespaces

8872: upbracefill: macro:->$\m@th \setbox \z@ \hbox {$\braceld $}\bracelu \leaders \vrule height\ht \z@ depth\z@ \hfill \bracerd \braceld \leaders \vrule height\ht \z@ depth\z@ \hfill \braceru $

8885: defaultskewchar: \defaultskewchar

15515: cr: \cr

15516: endgroup: \endgroup

15517: right: \right

15518: fi: \fi

15519: endtemplate: \endtemplate

15520: endtemplate: alignment template

15521: relax: \relax

15522: endwrite: \outer macro:

15523: notexpanded:: \dont_expand

15524: special: \special

15525: nullfont: select font nullfont

15526: tenrm: select font cmr10

15527: preloaded: select font cmr9

15528: preloaded: select font cmr8

15529: sevenrm: select font cmr7

15530: preloaded: select font cmr6

15531: fiverm: select font cmr5

15532: teni: select font cmmi10

15533: preloaded: select font cmmi9

15534: preloaded: select font cmmi8

15535: seveni: select font cmmi7

15536: preloaded: select font cmmi6

15537: fivei: select font cmmi5

15538: tensy: select font cmsy10

15539: preloaded: select font cmsy9

15540: preloaded: select font cmsy8

15541: sevensy: select font cmsy7

15542: preloaded: select font cmsy6

15543: fivesy: select font cmsy5

15544: tenex: select font cmex10

15545: preloaded: select font cmss10

15546: preloaded: select font cmssq8

15547: preloaded: select font cmssi10

15548: preloaded: select font cmssqi8

15549: tenbf: select font cmbx10

15550: preloaded: select font cmbx9

15551: preloaded: select font cmbx8

15552: sevenbf: select font cmbx7

15553: preloaded: select font cmbx6

15554: fivebf: select font cmbx5

15555: tentt: select font cmtt10

15556: preloaded: select font cmtt9

15557: preloaded: select font cmtt8

15558: preloaded: select font cmsltt10

15559: tensl: select font cmsl10

15560: preloaded: select font cmsl9

15561: preloaded: select font cmsl8

15562: tenit: select font cmti10

15563: preloaded: select font cmti9

15564: preloaded: select font cmti8

15565: preloaded: select font cmti7

15566: preloaded: select font cmu10

15567: preloaded: select font cmmib10

15568: preloaded: select font cmbsy10

15569: preloaded: select font cmcsc10

15570: preloaded: select font cmssbx10

15571: preloaded: select font cmdunh10

15572: preloaded: select font cmr7 at 14.51799pt

15573: preloaded: select font cmtt10 at 14.4pt

15574: preloaded: select font cmssbx10 at 14.4pt

15575: preloaded: select font manfnt

