*** tlyear = 2016

engine: xetex
active_base: 1
undefined_control_sequence: 2252239
null: -268435455

13: : \outer macro:->\par 

14: : \par

27: : macro:->\not =

33:  : macro:-> 

40: ': macro:->^\bgroup \prim@s 

96: _: macro:->\leavevmode \kern .06em \vbox {\hrule width.3em}

127: ~: macro:->\penalty \@M \ 

1114117: \: macro:#1->{\accent 94 #1}

1114122: \	: macro:->\ 

1114126: \: macro:->\ 

1114132: \: macro:#1->{\accent 21 #1}

1114144: \: macro:#1->{\accent 20 #1}

1114145: \ : \ 

1114146: \!: macro:->\mskip -\thinmuskip 

1114147: \": macro:#1->{\accent "7F #1}

1114148: \#: \char"23

1114149: \$: \char"24

1114150: \%: \char"25

1114151: \&: \char"26

1114152: \': macro:#1->{\accent 19 #1}

1114155: \*: macro:->\discretionary {\thinspace \the \textfont 2\char 2}{}{}

1114156: \+: \outer macro:->\tabalign 

1114157: \,: macro:->\mskip \thinmuskip 

1114158: \-: \-

1114159: \.: macro:#1->{\accent 95 #1}

1114160: \/: \/

1114172: \;: macro:->\mskip \thickmuskip 

1114174: \=: macro:#1->{\accent 22 #1}

1114175: \>: macro:->\mskip \medmuskip 

1114185: \H: macro:#1->{\accent "7D #1}

1114189: \L: macro:->\leavevmode \setbox 0\hbox {L}\hbox to\wd 0{\hss \char 32L}

1114192: \O: \char"1F

1114193: \P: macro:->\mathhexbox 27B

1114196: \S: macro:->\mathhexbox 278

1114205: \\: macro:#1pt->#1

1114207: \^: macro:#1->{\accent 94 #1}

1114208: \_: macro:->\leavevmode \kern .06em \vbox {\hrule width.3em}

1114209: \`: macro:#1->{\accent 18 #1}

1114211: \b: macro:#1->{\o@lign {\relax #1\crcr \hidewidth \sh@ft {-3ex}\vbox to.2ex{\hbox {\char 22}\vss }\hidewidth }}

1114212: \c: macro:#1->{\setbox \z@ \hbox {#1}\ifdim \ht \z@ =1ex\accent 24 #1\else \ooalign {\unhbox \z@ \crcr \hidewidth \char 24\hidewidth }\fi }

1114213: \d: macro:#1->{\o@lign {\relax #1\crcr \hidewidth \sh@ft {-1ex}.\hidewidth }}

1114218: \i: \char"10

1114219: \j: \char"11

1114221: \l: macro:->\char 32l

1114224: \o: \char"1C

1114229: \t: macro:#1->{\edef \next {\the \font }\the \textfont 1\accent "7F\next #1}

1114230: \u: macro:#1->{\accent 21 #1}

1114231: \v: macro:#1->{\accent 20 #1}

1114236: \{: macro:->\delimiter "4266308 

1114237: \|: macro:->\delimiter "26B30D 

1114238: \}: macro:->\delimiter "5267309 

1114239: \~: macro:#1->{\accent "7E #1}

2228241: \endlinechar: \endlinechar

2228302: \pagediscards: \pagediscards

2228342: \interactionmodes: macro:#1->\csname m@de: #1\endcsname 

2228380: \Umathchardef: \Umathchardef

2228391: \et@xl@@d: macro:#1 #2\endl@ad ->\ifcsname module:#1\endcsname \et@xwarn {duplicate module name "#1"}\else \csname module:#1\endcsname \et@xtoks =\expandafter {\the \et@xtoks \expandafter \let \csname module:#1\endcsname =\undefined }\fi 

2228420: \loctoksblk: macro:->\et@xlblk 5 \toks 

2228421: \AA: macro:->\leavevmode \setbox 0\hbox {!}\dimen@ \ht 0\advance \dimen@ -1ex\rlap {\raise .67\dimen@ \hbox {\char '27}}A

2228425: \AE: \char"1D

2228453: \OE: \char"1E

2228457: \et@xl@ad: macro:#1#2,#3\endl@ad ->\et@xl@@d #1#2 \endl@ad \if *#3* \let \n@xt =\relax \else \def \n@xt {\et@xl@ad #3\endl@ad }\fi \n@xt 

2228459: \Umathcharnum: \Umathcharnum

2228460: \downbracefill: macro:->$\m@th \setbox \z@ \hbox {$\braceld $}\braceld \leaders \vrule height\ht \z@ depth\z@ \hfill \braceru \bracelu \leaders \vrule height\ht \z@ depth\z@ \hfill \bracerd $

2228463: \@m: \mathchar"03E8

2228476: \scantokens: \scantokens

2228530: \XeTeXtracingfonts: \count21

2228535: \fi: \fi

2228538: \dp: \dp

2228550: \ht: \ht

2228554: \sb: subscript character _

2228555: \lq: macro:->`

2228556: \mp: \mathchar"2207

2228561: \mu: \mathchar"0116

2228562: \or: \or

2228563: \rm: macro:->\fam \z@ \tenrm 

2228564: \wd: \wd

2228567: \rq: macro:->'

2228568: \sp: superscript character ^

2228569: \to: \mathchar"3221

2228571: \ss: \char"19

2228574: \tt: macro:->\fam \ttfam \tentt 

2228576: \wp: \mathchar"017D

2228578: \wr: \mathchar"226F

2228582: \et@xgblk: macro:#1#2#3#4->\et@xchkblk #1#2{#4}{\allocationnumber =\count 26#1 \global \advance \count 26#1 by #4\global \mathchardef #3=\allocationnumber \wlog {\string #3=\string #2blk{\number #4} at \the \allocationnumber }}

2228590: \clubpenalty: \clubpenalty

2228597: \batchmode: \batchmode

2228618: \et@xlang: macro:->\csname newlanguage\endcsname 

2228619: \et@xglob: macro:#1#2#3#4->\et@xchk #1#2{\allocationnumber =\count 26#1 \global \advance \count 26#1 by \@ne \global #3#4=\allocationnumber \wlog {\string #4=\string #2\the \allocationnumber }}

2228622: \et@xlblk: macro:#1#2#3#4->\et@xchkblk #1#2{#4}{\advance \count 27#1 by -#4\allocationnumber =\count 27#1 \mathchardef #3=\allocationnumber \wlog {\string #3=\string #2blk{\number #4} at \the \allocationnumber \space (local)}}

2228624: \abovedisplayskip: \abovedisplayskip

2228627: \Umathcodenum: \Umathcodenum

2228638: \cleaders: \cleaders

2228640: \hbadness: \hbadness

2228645: \et@xload: macro:#1 ->\def \module ##1{\unless \ifcsname module:##1\endcsname \message {Skipping module "##1";}\else \message {Loading module "##1";}}\input #1 \def \module ##1{\iftrue }

2228665: \locmuskipblk: macro:->\et@xlblk 3 \muskip 

2228676: \leftmarginkern: \leftmarginkern

2228680: \et@xlvec: macro:#1#2#3#4->\et@xchkblk #1#2{#4}{\advance \count 27#1 by -#4\allocationnumber =\count 27#1 \mathchardef #3=\allocationnumber \ifx #2\box \def \2{}\else \ifx #2\marks \def \2{}\else \def \2{\string #2}\fi \fi \edef #3##1{\2 \noexpand \numexpr \the \allocationnumber +##1\relax }\wlog {\string #3 {\et@xhash 1} = \2 {\the \allocationnumber +\et@xhash 1} (local #2 vector)}}

2228684: \glueshrinkorder: \glueshrinkorder

2228685: \rightharpoonup: \mathchar"312A

2228702: \bigwedge: \mathchar"1356

2228713: \@MM: \mathchar"4E20

2228718: \pagecontents: macro:->\ifvoid \topins \else \unvbox \topins \fi \dimen@ =\dp \@cclv \unvbox \@cclv \ifvoid \footins \else \vskip \skip \footins \footnoterule \unvbox \footins \fi \ifr@ggedbottom \kern -\dimen@ \vfil \fi 

2228721: \et@xwarn: macro:#1->\et@xmsg {W}{#1}

2228731: \deadcycles: \deadcycles

2228736: \bigoplus: \mathchar"134C

2228738: \XeTeXinterwordspaceshaping: \count22

2228794: \@if: macro:#1#2->\csname \expandafter \if@ \string #1#2\endcsname 

2228796: \overrightarrow: macro:#1->\vbox {\m@th \ialign {##\crcr \rightarrowfill \crcr \noalign {\kern -\p@ \nointerlineskip } $\hfil \displaystyle {#1}\hfil $\crcr }}

2228798: \dimen@ii: \dimen1113858

2228803: \@ne: \char"01

2228863: \inputlineno: \inputlineno

2228890: \abovewithdelims: \abovewithdelims

2228930: \def: \def

2228931: \dimendef: \dimendef

2228935: \chi: \mathchar"011F

2228937: \fam: \fam

2228941: \day: \day

2228943: \XeTeXmathaccent: \Umathaccent

2228944: \det: macro:->\mathop {\rm det}

2228945: \arg: macro:->\mathop {\rm arg}\nolimits 

2228950: \end: \end

2228951: \csc: macro:->\mathop {\rm csc}\nolimits 

2228952: \iff: macro:->\;\Longleftrightarrow \;

2228953: \geq: \mathchar"3215

2228954: \ell: \mathchar"0160

2228956: \bot: \mathchar"023F

2228959: \mag: \mag

2228960: \box: \box

2228961: \bye: \outer macro:->\par \vfill \supereject \end 

2228964: \dot: macro:->\mathaccent "705F 

2228967: \pdfpageheight: \dimen1113855

2228968: \cup: \mathchar"225B

2228970: \ifx: \ifx

2228971: \neg: \mathchar"023A

2228972: \mid: \mathchar"326A

2228973: \widowpenalty: \widowpenalty

2228976: \let: \let

2228977: \lim: macro:->\mathop {\rm lim}

2228981: \neq: macro:->\not =

2228982: \par: \par

2228983: \XeTeXglyph: \XeTeXglyph

2228987: \hss: \hss

2228988: \jot: \dimen1113870

2228992: \tw@: \char"02

2228994: \lor: \mathchar"225F

2228999: \the: \the

2229001: \rho: \mathchar"011A

2229004: \not: \mathchar"3236

2229005: \sim: \mathchar"3218

2229006: \sin: macro:->\mathop {\rm sin}\nolimits 

2229009: \psi: \mathchar"0120

2229020: \begingroup: \begingroup

2229024: \top: \mathchar"023E

2229029: \sum: \mathchar"1350

2229032: \sup: macro:->\mathop {\rm sup}

2229043: \vss: \vss

2229051: \rightarrowfill: macro:->$\m@th \smash -\mkern -7mu\cleaders \hbox {$\mkern -2mu\smash -\mkern -2mu$}\hfill \mkern -7mu\mathord \rightarrow $

2229058: \locskipvector: macro:->\et@xlvec 2 \skip 

2229113: \globmuskipvector: \outer macro:->\et@xgvec 3 \muskip 

2229138: \noboundary: \noboundary

2229140: \filbreak: macro:->\par \vfil \penalty -200\vfilneg 

2229148: \@midfalse: macro:->\let \if@mid =\iffalse 

2229167: \locmarksvector: macro:->\et@xlvec 6 \marks 

2229212: \newlinechar: \newlinechar

2229218: \et@xinput: \char"00

2229235: \finph@nt: macro:->\setbox \tw@ \null \ifv@ \ht \tw@ \ht \z@ \dp \tw@ \dp \z@ \fi \ifh@ \wd \tw@ \wd \z@ \fi \box \tw@ 

2229241: \endgroup: \endgroup

2229249: \endinput: \endinput

2229286: \ifcsname: \ifcsname

2229301: \closeout: \closeout

2229318: \XeTeXdashbreakstate: \count14

2229321: \finsm@sh: macro:->\ht \z@ \z@ \dp \z@ \z@ \box \z@ 

2229333: \clubsuit: \mathchar"027C

2229359: \XeTeXcountglyphs: \XeTeXcountglyphs

2229384: \delimiter: \delimiter

2229388: \botmarks: \botmarks

2229400: \triangleleft: \mathchar"212F

2229437: \hyphenchar: \hyphenchar

2229482: \relpenalty: \relpenalty

2229483: \Bigg: macro:#1->{\hbox {$\left #1\vbox to17.5\p@ {}\right .\n@space $}}

2229488: \Bigl: macro:->\mathopen \Big 

2229489: \Bigm: macro:->\mathrel \Big 

2229493: \@ins: macro:->\par \begingroup \setbox \z@ \vbox \bgroup 

2229494: \Bigr: macro:->\mathclose \Big 

2229512: \ifb@dresponse: \iffalse

2229515: \centering: \skip11

2229524: \medbreak: macro:->\par \ifdim \lastskip <\medskipamount \removelastskip \penalty -100\medskip \fi 

2229542: \f@@t: macro:->\bgroup \aftergroup \@foot \let \next 

2229554: \language: \language

2229572: \xe@ch@ck: macro:#1#2#3->\ifnum #1<#2\else \errmessage {No room for a new #3}\fi 

2229584: \bracevert: macro:->\delimiter "77C33E 

2229592: \rightleftharpoons: macro:->\mathrel {\mathpalette \rlh@ {}}

2229593: \magnification: macro:->\afterassignment \m@g \count@ 

2229594: \doublehyphendemerits: \doublehyphendemerits

2229601: \dosupereject: macro:->\ifnum \insertpenalties >\z@ \line {}\kern -\topskip \nobreak \vfill \supereject \fi 

2229609: \globskip: \outer macro:->\et@xglob 2 \skip \skipdef 

2229617: \globcountvector: \outer macro:->\et@xgvec 0 \count 

2229626: \lmoustache: macro:->\delimiter "437A340 

2229635: \countdef: \countdef

2229675: \m@ne: \count48

2229679: \splitbotmark: \splitbotmark

2229690: \m@th: macro:->\mathsurround \z@ 

2229714: \Longleftarrow: macro:->\Leftarrow \joinrel \Relbar 

2229723: \ddag: macro:->\mathhexbox 27A

2229728: \pagebody: macro:->\vbox to\vsize {\boxmaxdepth \maxdepth \pagecontents }

2229730: \fo@t: macro:->\ifcat \bgroup \noexpand \next \let \next \f@@t \else \let \next \f@t \fi \next 

2229736: \leftline: macro:#1->\line {#1\hss }

2229738: \edef: \edef

2229739: \bigg: macro:#1->{\hbox {$\left #1\vbox to14.5\p@ {}\right .\n@space $}}

2229742: \char: \char

2229743: \beta: \mathchar"010C

2229744: \hangafter: \hangafter

2229745: \bigm: macro:->\mathrel \big 

2229746: \ifh@: \iffalse

2229749: \pagegoal: \pagegoal

2229750: \endL: \endL

2229754: \gdef: \gdef

2229756: \endR: \endR

2229758: \hbar: macro:->{\mathchar '26\mkern -9muh}

2229762: \XeTeXprotrudechars: \count12

2229764: \ddot: macro:->\mathaccent "707F 

2229765: \circ: \mathchar"220E

2229768: \bmod: macro:->\nonscript \mskip -\medmuskip \mkern 5mu \mathbin {\rm mod}\penalty 900\mkern 5mu\nonscript \mskip -\medmuskip 

2229769: \hang: macro:->\hangindent \parindent 

2229774: \parshapedimen: \parshapedimen

2229775: \mathchar: \mathchar

2229783: \insc@unt: \count46

2229784: \hfil: \hfil

2229785: \cong: macro:->\mathrel {\mathpalette \@vereq \sim }

2229786: \crcr: \crcr

2229792: \hbox: \hbox

2229796: \mathcode: \mathcode

2229797: \else: \else

2229798: \land: \mathchar"225E

2229800: \atop: \atop

2229801: \leftskip: \leftskip

2229805: \glueexpr: \glueexpr

2229807: \copy: \copy

2229813: \emptyset: \mathchar"023B

2229814: \left: \left

2229817: \eqno: \eqno

2229820: \getf@ctor: macro:#1pt->#1

2229821: \mark: \mark

2229822: \font: \font

2229824: \dump: \dump

2229828: \llap: macro:#1->\hbox to\z@ {\hss #1}

2229831: \line: macro:->\hbox to\hsize 

2229832: \sp@n: macro:->\span \omit \advance \mscount \m@ne 

2229836: \read: \read

2229839: \iota: \mathchar"0113

2229841: \item: macro:->\par \hang \textindent 

2229842: \rlh@: macro:#1->\vcenter {\m@th \hbox {\ooalign {\raise 2pt \hbox {$#1\rightharpoonup $}\crcr $#1\leftharpoondown $}}}

2229846: \fontname: \fontname

2229852: \odot: \mathchar"220C

2229853: \tabs: \char"0C

2229857: \long: \long

2229862: \vgl@: macro:->\par \dimen@ \prevdepth \hrule height\z@ \nobreak \vskip \skip@ \prevdepth \dimen@ 

2229866: \next: macro:\preloaded =#1->\endgroup 

2229868: \loop: macro:#1\repeat ->\def \body {#1}\iterate 

2229870: \oint: macro:->\ointop \nolimits 

2229876: \omit: \omit

2229879: \prec: \mathchar"321E

2229880: \pmod: macro:#1->\allowbreak \mkern 18mu({\rm mod}\,\,#1)

2229883: \teni: select font cmmi10

2229886: \gluetomu: \gluetomu

2229889: \lastkern: \lastkern

2229890: \xdef: \xdef

2229892: \quad: macro:->\hskip 1em\relax 

2229893: \time: \time

2229895: \skew: macro:#1#2#3->{\muskip \z@ #1mu\divide \muskip \z@ \tw@ \mkern \muskip \z@ #2{\mkern -\muskip \z@ {#3}\mkern \muskip \z@ }\mkern -\muskip \z@ }{}

2229896: \skip: \skip

2229897: \et@xchkblk: macro:#1#2#3#4->\ifnum #3 < \z@ \errmessage {Negative register block size \number #3}\else \ifnum \numexpr \count 26#1+#3 > \count 27#1 \errmessage {No room for new #2block of size \number #3}\else #4\fi \fi 

2229898: \span: \span

2229900: \prod: \mathchar"1351

2229902: \over: \over

2229903: \show: \show

2229904: \vbox: \vbox

2229906: \year: \year

2229907: \mathopen: \mathopen

2229911: \maxdimen: \dimen1113866

2229915: \maxdepth: \dimen1113838

2229918: \star: \mathchar"213F

2229920: \root: macro:#1\of ->\setbox \rootbox \hbox {$\m@th \scriptscriptstyle {#1}$}\mathpalette \r@@t 

2229925: \owns: \mathchar"3233

2229927: \toks: \toks

2229935: \clubpenalties: \clubpenalties

2229942: \surd: macro:->{\mathchar "1270}

2229948: \footnote: macro:#1->\let \@sf \empty \ifhmode \edef \@sf {\spacefactor \the \spacefactor }\/\fi #1\@sf \vfootnote {#1}

2229955: \everyeof: \everyeof

2229961: \lastskip: \lastskip

2229968: \vtop: \vtop

2229971: \everyjob: \everyjob

2229983: \everypar: \everypar

2230002: \ifdefined: \ifdefined

2230007: \locdimen: macro:->\et@xloc 1 \dimen \dimendef 

2230026: \nulldelimiterspace: \dimen1113844

2230040: \lefthyphenmin: \lefthyphenmin

2230044: \atopwithdelims: \atopwithdelims

2230052: \XeTeXmathchardef: \Umathchardef

2230056: \updownarrow: macro:->\delimiter "326C33F 

2230067: \tabalign: macro:->\us@true \m@ketabbox 

2230073: \lineskip: \lineskip

2230074: \uselanguage: macro:#1->\ifcsname lang@#1\endcsname \language =\csname lang@#1\endcsname \lefthyphenmin =\csname lhm@#1\endcsname \righthyphenmin =\csname rhm@#1\endcsname \ifdefined \uselanguage@hook \uselanguage@hook {#1}\fi \else \et@xerr {language #1 undefined.}{You are trying to use a language which has not previously been defined; remember that any language you want to use will need to have been specified at the time the format was created.}\fi 

2230088: \readline: \readline

2230095: \loccount: macro:->\et@xloc 0 \count \countdef 

2230124: \locmarks: macro:->\et@xloc 6 \marks \mathchardef 

2230125: \XeTeXlinebreaklocale: \XeTeXlinebreaklocale

2230131: \XeTeXmathcharnum: \Umathcharnum

2230144: \et@xlibhdr: macro:->%% e-TeXlib V2.6

2230151: \endcsname: \endcsname

2230163: \narrower: macro:->\advance \leftskip \parindent \advance \rightskip \parindent 

2230178: \itemitem: macro:->\par \indent \hangindent 2\parindent \textindent 

2230180: \locdimenvector: macro:->\et@xlvec 1 \dimen 

2230198: \heartsuit: \mathchar"027E

2230211: \globskipvector: \outer macro:->\et@xgvec 2 \skip 

2230228: \advancepageno: macro:->\ifnum \pageno <\z@ \global \advance \pageno \m@ne \else \global \advance \pageno \@ne \fi 

2230229: \XeTeXglyphindex: \XeTeXglyphindex

2230256: \medskipamount: \skip14

2230263: \newdimen: \outer macro:->\alloc@ 1\dimen \dimendef \insc@unt 

2230265: \normalbaselineskip: \skip16

2230270: \rightharpoondown: \mathchar"312B

2230277: \displaylines: macro:#1->\displ@y \tabskip \z@skip \halign {\hbox to\displaywidth {$\@lign \hfil \displaystyle ##\hfil $}\crcr #1\crcr }

2230278: \us@false: macro:->\let \ifus@ =\iffalse 

2230285: \scriptfont: \scriptfont

2230299: \XeTeXmathcodenum: \Umathcodenum

2230300: \aftergroup: \aftergroup

2230320: \tabsdone: \char"0E

2230324: \XeTeXvariationname: \XeTeXvariationname

2230344: \endinsert: macro:->\egroup \if@mid \dimen@ \ht \z@ \advance \dimen@ \dp \z@ \advance \dimen@ 12\p@ \advance \dimen@ \pagetotal \advance \dimen@ -\pageshrink \ifdim \dimen@ >\pagegoal \@midfalse \p@gefalse \fi \fi \if@mid \bigskip \box \z@ \bigbreak \else \insert \topins {\penalty 100 \splittopskip \z@skip \splitmaxdepth \maxdimen \floatingpenalty \z@ \ifp@ge \dimen@ \dp \z@ \vbox to\vsize {\unvbox \z@ \kern -\dimen@ }\else \box \z@ \nobreak \bigskip \fi }\fi \endgroup 

2230346: \XeTeXcharclass: \XeTeXcharclass

2230351: \newcount: \outer macro:->\alloc@ 0\count \countdef \insc@unt 

2230373: \errorcontextlines: \errorcontextlines

2230392: \Rightarrow: \mathchar"3229

2230396: \hidewidth: macro:->\hskip \hideskip 

2230399: \Udelimiter: \Udelimiter

2230405: \endmodule: \fi

2230432: \vbadness: \vbadness

2230434: \patterns: \patterns

2230466: \smallbreak: macro:->\par \ifdim \lastskip <\smallskipamount \removelastskip \penalty -50\smallskip \fi 

2230468: \bigskipamount: \skip15

2230479: \eqalignno: macro:#1->\displ@y \tabskip \centering \halign to\displaywidth {\hfil $\@lign \displaystyle {##}$\tabskip \z@skip &$\@lign \displaystyle {{}##}$\hfil \tabskip \centering &\llap {$\@lign ##$}\tabskip \z@skip \crcr #1\crcr }

2230489: \XeTeXcharglyph: \XeTeXcharglyph

2230496: \XeTeXcountselectors: \XeTeXcountselectors

2230497: \globboxvector: \outer macro:->\et@xgvec 4 \box 

2230521: \displaystyle: \displaystyle

2230532: \@crtrue: macro:->\let \if@cr =\iftrue 

2230535: \eTeXversion: \eTeXversion

2230538: \outputpenalty: \outputpenalty

2230567: \noindent: \noindent

2230590: \suppressfontnotfounderror: \count9

2230604: \pagefilstretch: \pagefilstretch

2230612: \oldstyle: macro:->\fam \@ne \teni 

2230628: \savinghyphcodes: \count8

2230644: \newwrite: \outer macro:->\alloc@ 7\write \chardef \sixt@@n 

2230647: \floatingpenalty: \floatingpenalty

2230663: \noexpand: \noexpand

2230682: \nolimits: \nolimits

2230759: \moveleft: \moveleft

2230772: \@cclv: \char"FF

2230777: \@nother: macro:->\dimen@ii \dimen@ \divide \dimen@ii \count@ \setbox \tabs \hbox {\hbox to\dimen@ii {}\unhbox \tabs }\advance \dimen@ -\dimen@ii \advance \count@ \m@ne 

2230794: \Umathcharnumdef: \Umathcharnumdef

2230797: \boxmaxdepth: \dimen1113840

2230798: \triangleright: \mathchar"212E

2230808: \overleftarrow: macro:#1->\vbox {\m@th \ialign {##\crcr \leftarrowfill \crcr \noalign {\kern -\p@ \nointerlineskip } $\hfil \displaystyle {#1}\hfil $\crcr }}

2230817: \XeTeXdelimiter: \Udelimiter

2230836: \makeph@nt: macro:#1->\setbox \z@ \hbox {#1}\finph@nt 

2230840: \globdimen: \outer macro:->\et@xglob 1 \dimen \dimendef 

2230842: \splittopskip: \splittopskip

2230848: \hyphenation: \hyphenation

2230849: \Biggm: macro:->\mathrel \Bigg 

2230850: \@lign: macro:->\tabskip \z@skip \everycr {}

2230854: \Biggr: macro:->\mathclose \Bigg 

2230855: \XeTeXdelcode: \Udelcode

2230871: \smallint: \mathchar"1273

2230877: \newXeTeXintercharclass: macro:->\xe@alloc@ \xe@alloc@intercharclass \XeTeXcharclass \chardef \xe@charclass@boundary 

2230883: \predisplaysize: \dimen1113846

2230889: \Gamma: \mathchar"7000

2230904: \insertpenalties: \insertpenalties

2230913: \splitdiscards: \splitdiscards

2230922: \makesm@sh: macro:#1->\setbox \z@ \hbox {#1}\finsm@sh 

2230923: \centerline: macro:#1->\line {\hss #1\hss }

2230928: \globcount: \outer macro:->\et@xglob 0 \count \countdef 

2230943: \skewchar: \skewchar

2230946: \rightmarginkern: \rightmarginkern

2230957: \globmarks: \outer macro:->\et@xglob 6 \marks \mathchardef 

2230992: \setminus: \mathchar"226E

2231006: \hyphenpenalty: \hyphenpenalty

2231042: \loctoksvector: macro:->\et@xlvec 5 \toks 

2231045: \XeTeXinterchartoks: \XeTeXinterchartoks

2231051: \prevgraf: \prevgraf

2231062: \proclaim: \outer macro:#1. #2\par ->\medbreak \noindent {\bf #1.\enspace }{\sl #2\par }\ifdim \lastskip <\medskipamount \removelastskip \penalty 55\medskip \fi 

2231069: \Omega: \mathchar"700A

2231071: \nullfont: select font nullfont

2231088: \arrowvert: macro:->\delimiter "26A33C 

2231090: \varsigma: \mathchar"0126

2231093: \XeTeXOTlanguagetag: \XeTeXOTlanguagetag

2231097: \currentifbranch: \currentifbranch

2231100: \multiply: \multiply

2231102: \Uchar: \Uchar

2231104: \vartheta: \mathchar"0123

2231121: \Sigma: \mathchar"7006

2231135: \Theta: \mathchar"7002

2231144: \overline: \overline

2231153: \lineskiplimit: \dimen1113835

2231167: \underbar: macro:#1->$\setbox \z@ \hbox {#1}\dp \z@ \z@ \m@th \underline {\box \z@ }$

2231175: \righthyphenmin: \righthyphenmin

2231199: \firstmark: \firstmark

2231203: \ch@ck: macro:#1#2#3#4->\ifnum \count 1#1 < #2#4\else \errmessage {No room for a new #3}\fi 

2231212: \copyright: macro:->{\ooalign {\hfil \raise .07ex\hbox {c}\hfil \crcr \Orb }}

2231216: \nopagenumbers: macro:->\footline {\hfil }

2231239: \thinmuskip: \thinmuskip

2231242: \mutoglue: \mutoglue

2231247: \splitbotmarks: \splitbotmarks

2231285: \goodbreak: macro:->\par \penalty -500 

2231290: \if@cr: \iffalse

2231292: \Updownarrow: macro:->\delimiter "326D377 

2231297: \leftarrow: \mathchar"3220

2231311: \mdfivesum: \mdfivesum

2231321: \bffam: \char"06

2231324: \pagedepth: \pagedepth

2231326: \xleaders: \xleaders

2231327: \textfont: \textfont

2231343: \above: \above

2231350: \tracinglostchars: \tracinglostchars

2231351: \check: macro:->\mathaccent "7014 

2231357: \amalg: \mathchar"2271

2231360: \biggl: macro:->\mathopen \bigg 

2231361: \biggm: macro:->\mathrel \bigg 

2231363: \cases: macro:#1->\left \{\,\vcenter {\normalbaselines \m@th \ialign {$##\hfil $&\quad ##\hfil \crcr #1\crcr }}\right .

2231366: \biggr: macro:->\mathclose \bigg 

2231370: \savingvdiscards: \count7

2231371: \acute: macro:->\mathaccent "7013 

2231374: \aleph: \mathchar"0240

2231377: \shellescape: \shellescape

2231387: \angle: macro:->{\vbox {\ialign {$\m@th \scriptstyle ##$\crcr \not \mathrel {\mkern 14mu}\crcr \noalign {\nointerlineskip } \mkern 2.5mu\leaders \hrule height.34pt\hfill \mkern 2.5mu\crcr }}}

2231388: \triangle: \mathchar"0234

2231393: \brace: macro:->\atopwithdelims \{\}

2231395: \alpha: \mathchar"010B

2231397: \Arrowvert: macro:->\delimiter "26B33D 

2231398: \cdotp: \mathchar"6201

2231399: \brack: macro:->\atopwithdelims []

2231401: \gamma: \mathchar"010D

2231408: \eject: macro:->\par \break 

2231411: \break: macro:->\penalty -\@M 

2231414: \dimen: \dimen

2231417: \ddots: macro:->\mathinner {\mkern 1mu\raise 7\p@ \vbox {\kern 7\p@ \hbox {.}}\mkern 2mu \raise 4\p@ \hbox {.}\mkern 2mu\raise \p@ \hbox {.}\mkern 1mu}

2231420: \tracingmacros: \tracingmacros

2231421: \immediate: \immediate

2231425: \downarrow: macro:->\delimiter "3223379 

2231428: \ifcat: \ifcat

2231441: \ifdim: \ifdim

2231442: \ph@nt: macro:->\ifmmode \def \next {\mathpalette \mathph@nt }\else \let \next \makeph@nt \fi \next 

2231447: \allowbreak: macro:->\penalty \z@ 

2231450: \ifeof: \ifeof

2231462: \colon: \mathchar"603A

2231466: \ifodd: \ifodd

2231467: \widowpenalties: \widowpenalties

2231468: \lceil: macro:->\delimiter "4264306 

2231473: \globmarksvector: \outer macro:->\et@xgvec 6 \marks 

2231474: \sh@ft: macro:#1->\dimen@ #1\kern \expandafter \getf@ctor \the \fontdimen 1\font \dimen@ 

2231477: \fivei: select font cmmi5

2231480: \fontdimen: \fontdimen

2231481: \hglue: macro:->\afterassignment \hgl@ \skip@ =

2231482: \medmuskip: \medmuskip

2231483: \kappa: \mathchar"0114

2231484: \ifus@: \iffalse

2231493: \doteq: macro:->\buildrel \textstyle .\over =

2231494: \subseteq: \mathchar"3212

2231496: \XeTeXradical: \Uradical

2231499: \folio: macro:->\ifnum \pageno <\z@ \romannumeral -\pageno \else \number \pageno \fi 

2231500: \lastnodetype: \lastnodetype

2231502: \count: \count

2231504: \globskipblk: \outer macro:->\et@xgblk 2 \skip 

2231505: \ifnum: \ifnum

2231508: \mathph@nt: macro:#1#2->\setbox \z@ \hbox {$\m@th #1{#2}$}\finph@nt 

2231511: \XeTeXpdffile: \XeTeXpdffile

2231512: \asymp: \mathchar"3210

2231515: \mathclose: \mathclose

2231518: \jmath: \mathchar"017C

2231531: \marks: \marks

2231540: \hfuzz: \dimen1113841

2231542: \equiv: \mathchar"3211

2231545: \leqno: \leqno

2231547: \infty: \mathchar"0231

2231550: \vphantom: macro:->\v@true \h@false \ph@nt 

2231559: \lhook: \mathchar"312C

2231560: \hskip: \hskip

2231562: \XeTeXfeaturecode: \XeTeXfeaturecode

2231564: \topmarks: \topmarks

2231568: \mkern: \mkern

2231575: \hsize: \dimen1113836

2231577: \raise: \raise

2231581: \omega: \mathchar"0121

2231582: \newif: \outer macro:#1->\count@ \escapechar \escapechar \m@ne \expandafter \expandafter \expandafter \def \@if #1{true}{\let #1=\iftrue }\expandafter \expandafter \expandafter \def \@if #1{false}{\let #1=\iffalse }\@if #1{false}\escapechar \count@ 

2231584: \input: \input

2231587: \hrule: \hrule

2231594: \mathsm@sh: macro:#1#2->\setbox \z@ \hbox {$\m@th #1{#2}$}\finsm@sh 

2231600: \h@false: macro:->\let \ifh@ =\iffalse 

2231604: \relax: \relax

2231606: \parshapeindent: \parshapeindent

2231608: \mathinner: \mathinner

2231610: \tracinggroups: \count1

2231612: \XeTeXfeaturename: \XeTeXfeaturename

2231623: \XeTeXpicfile: \XeTeXpicfile

2231626: \hangindent: \dimen1113850

2231628: \tenbf: select font cmbx10

2231630: \skip@: \skip0

2231633: \sigma: \mathchar"011B

2231634: \month: \month

2231636: \vdash: \mathchar"3260

2231640: \mskip: \mskip

2231641: \maxdeadcycles: \maxdeadcycles

2231642: \pagetotal: \pagetotal

2231645: \wedge: \mathchar"225E

2231646: \parshapelength: \parshapelength

2231647: \theta: \mathchar"0112

2231648: \errorstopmode: \errorstopmode

2231649: \space: macro:-> 

2231652: \tenex: select font cmex10

2231655: \rhook: \mathchar"312D

2231656: \tenit: select font cmti10

2231657: \simeq: \mathchar"3227

2231658: \notin: macro:->\mathrel {\mathpalette \c@ncel \in }

2231660: \smash: macro:->\relax \ifmmode \def \next {\mathpalette \mathsm@sh }\else \let \next \makesm@sh \fi \next 

2231667: \tenrm: select font cmr10

2231668: \tensl: select font cmsl10

2231669: \prime: \mathchar"0230

2231672: \sqcap: \mathchar"2275

2231674: \vfill: \vfill

2231675: \varpi: \mathchar"0124

2231678: \tentt: select font cmtt10

2231679: \oplus: \mathchar"2208

2231681: \tensy: select font cmsy10

2231692: \toks@: \toks0

2231697: \tracingall: macro:->\tracingonline =\@ne \tracingcommands =\thr@@ \tracingstats =\tw@ \tracingpages =\@ne \tracingoutput =\@ne \tracinglostchars =\tw@ \tracingmacros =\tw@ \tracingparagraphs =\@ne \tracingrestores =\@ne \showboxbreadth =\maxdimen \showboxdepth =\maxdimen \errorstopmode \tracinggroups =\@ne \tracingifs =\@ne \tracingscantokens =\@ne \tracingnesting =\@ne \tracingassigns =\tw@ 

2231700: \qquad: macro:->\hskip 2em\relax 

2231705: \vglue: macro:->\afterassignment \vgl@ \skip@ =

2231712: \tracingonline: \tracingonline

2231718: \outer: \outer

2231721: \ttfam: \char"07

2231724: \tracingifs: \count2

2231734: \Downarrow: macro:->\delimiter "322B37F 

2231752: \midinsert: macro:->\@midtrue \@ins 

2231764: \vfuzz: \dimen1113842

2231774: \splitmaxdepth: \dimen1113839

2231775: \uplus: \mathchar"225D

2231776: \r@ggedbottomfalse: macro:->\let \ifr@ggedbottom =\iffalse 

2231784: \vskip: \vskip

2231794: \everyhbox: \everyhbox

2231795: \write: \write

2231799: \vsize: \dimen1113837

2231800: \strut: macro:->\relax \ifmmode \copy \strutbox \else \unhcopy \strutbox \fi 

2231811: \vrule: \vrule

2231824: \everymath: \everymath

2231841: \obeylines: macro:->\catcode `\\active \let \par 

2231856: \showgroups: \showgroups

2231858: \beginsection: \outer macro:#1\par ->\vskip \z@ plus.3\vsize \penalty -250 \vskip \z@ plus-.3\vsize \bigskip \vskip \parskip \message {#1}\leftline {\bf #1}\nobreak \smallskip \noindent 

2231866: \mathstrut: macro:->\vphantom (

2231876: \XeTeXuseglyphmetrics: \count16

2231877: \interlinepenalty: \interlinepenalty

2231895: \XeTeXcountfeatures: \XeTeXcountfeatures

2231896: \XeTeXhyphenatablelength: \count24

2231906: \everyvbox: \everyvbox

2231907: \detokenize: \detokenize

2231930: \footstrut: macro:->\vbox to\splittopskip {}

2231934: \delimitershortfall: \dimen1113843

2231942: \supseteq: \mathchar"3213

2231945: \tracingoutput: \tracingoutput

2231962: \m@de: batch: \char"00

2231967: \tracingparagraphs: \tracingparagraphs

2231972: \footnoterule: macro:->\kern -3\p@ \hrule width 2truein \kern 2.6\p@ 

2231982: \everydisplay: \everydisplay

2231999: \locboxblk: macro:->\et@xlblk 4 \box 

2232010: \Uparrow: macro:->\delimiter "322A37E 

2232025: \postdisplaypenalty: \postdisplaypenalty

2232049: \strutbox: \char"0B

2232054: \bigtriangleup: \mathchar"2234

2232055: \magstephalf: macro:->1095 

2232085: \gluestretchorder: \gluestretchorder

2232124: \showtokens: \showtokens

2232174: \XeTeXinputnormalization: \count18

2232193: \Upsilon: \mathchar"7007

2232195: \leftrightarrow: \mathchar"3224

2232203: \Udelcodenum: \Udelcodenum

2232236: \n@space: macro:->\nulldelimiterspace \z@ \m@th 

2232237: \delimiterfactor: \delimiterfactor

2232238: \XeTeXversion: \XeTeXversion

2232246: \XeTeXfirstfontchar: \XeTeXfirstfontchar

2232264: \parindent: \dimen1113833

2232271: \XeTeXglyphbounds: \XeTeXglyphbounds

2232282: \ifprimitive: \ifprimitive

2232287: \XeTeXlinebreakpenalty: \count11

2232296: \baselineskip: \baselineskip

2232330: \badness: \badness

2232336: \pagefillstretch: \pagefillstretch

2232338: \displayindent: \dimen1113848

2232351: \p@renwd: \dimen1113871

2232399: \et@xmaxregs: macro:->32768

2232405: \textindent: macro:#1->\indent \llap {#1\enspace }\ignorespaces 

2232429: \ddagger: \mathchar"227A

2232442: \locmuskip: macro:->\et@xloc 3 \muskip \muskipdef 

2232453: \displaylimits: \displaylimits

2232461: \makeheadline: macro:->\vbox to\z@ {\vskip -22.5\p@ \line {\vbox to8.5\p@ {}\the \headline }\vss }\nointerlineskip 

2232468: \eTeXrevision: \eTeXrevision

2232477: \interactionmode: \interactionmode

2232478: \scriptscriptstyle: \scriptscriptstyle

2232480: \overwithdelims: \overwithdelims

2232486: \globdimenvector: \outer macro:->\et@xgvec 1 \dimen 

2232496: \v@false: macro:->\let \ifv@ =\iffalse 

2232505: \removelastskip: macro:->\ifdim \lastskip =\z@ \else \vskip -\lastskip \fi 

2232536: \advance: \advance

2232540: \tracingcommands: \tracingcommands

2232542: \raggedbottom: macro:->\topskip 10\p@ plus60\p@ \r@ggedbottomtrue 

2232544: \bigcirc: \mathchar"220D

2232545: \Longleftrightarrow: macro:->\Leftarrow \joinrel \Rightarrow 

2232556: \s@tcols: macro:#1\columns ->\count@ #1\dimen@ \hsize \loop \ifnum \count@ >\z@ \@nother \repeat 

2232557: \chardef: \chardef

2232558: \catcode: \catcode

2232571: \@crfalse: macro:->\let \if@cr =\iffalse 

2232575: \scriptspace: \dimen1113845

2232593: \alloc@@: macro:#1#2->\endgroup \message {Normal \csname #1\endcsname register pool exhausted, switching to extended pool.}\global \expandafter \let \csname new#1\expandafter \endcsname \csname glob#1\endcsname \csname new#1\endcsname #2

2232607: \mathsurround: \dimen1113834

2232622: \delcode: \delcode

2232631: \et@xerr: macro:#1#2->{\errhelp ={#2}\et@xmsg {E}{#1}}

2232638: \et@xloc: macro:#1#2#3#4->\et@xchk #1#2{\advance \count 27#1 by \m@ne \allocationnumber =\count 27#1 #3#4=\allocationnumber \wlog {\string #4=\string #2\the \allocationnumber \space (local)}}

2232640: \et@xins: \count52

2232654: \et@xmsg: macro:#1#2->\begingroup \def \n {
}\def \ { }\newlinechar =\expandafter `\n \if E#1\errorcontextlines =0 \errmessage {e-TeX error: #2}\else \message {\n ! e-TeX \if I#1 message\else \if W#1 warning\else \if F#1 fatal error\else \ unknown (#1)\fi \fi \fi : #2}\fi \endgroup 

2232662: \thickmuskip: \thickmuskip

2232673: \diamond: \mathchar"2205

2232675: \bigskip: macro:->\vskip \bigskipamount 

2232679: \et@xtmp: macro:->%% e-TeX V2

2232680: \spacefactor: \spacefactor

2232694: \binoppenalty: \binoppenalty

2232698: \rmoustache: macro:->\delimiter "537B341 

2232709: \braceld: \mathchar"037A

2232710: \dimen@i: \dimen1113857

2232712: \XeTeXfindfeaturebyname: \XeTeXfindfeaturebyname

2232721: \predisplaypenalty: \predisplaypenalty

2232726: \bracelu: \mathchar"037C

2232738: \braceru: \mathchar"037D

2232786: \negthinspace: macro:->\kern -.16667em 

2232790: \offinterlineskip: macro:->\baselineskip -1000\p@ \lineskip \z@ \lineskiplimit \maxdimen 

2232800: \nonfrenchspacing: macro:->\sfcode `\.3000\sfcode `\?3000\sfcode `\!3000\sfcode `\:2000\sfcode `\;1500\sfcode `\,1250 

2232821: \mathchardef: \mathchardef

2232851: \globdimenblk: \outer macro:->\et@xgblk 1 \dimen 

2232855: \dimexpr: \dimexpr

2232858: \futurelet: \futurelet

2232880: \iffalse: \iffalse

2232884: \pretolerance: \pretolerance

2232885: \endgraf: \par

2232902: \displ@y: macro:->\global \dt@ptrue \openup \jot \m@th \everycr {\noalign {\ifdt@p \global \dt@pfalse \ifdim \prevdepth >-1000\p@ \vskip -\lineskiplimit \vskip \normallineskiplimit \fi \else \penalty \interdisplaylinepenalty \fi }}

2232914: \endline: \cr

2232934: \hfilneg: \hfilneg

2232937: \closein: \closein

2232939: \XeTeXlinebreakskip: \XeTeXlinebreakskip

2232954: \newmuskip: \outer macro:->\alloc@ 3\muskip \muskipdef \@cclvi 

2232957: \eqalign: macro:#1->\null \,\vcenter {\openup \jot \m@th \ialign {\strut \hfil $\displaystyle {##}$&$\displaystyle {{}##}$\hfil \crcr #1\crcr }}\,

2232962: \escapechar: \escapechar

2232968: \leaders: \leaders

2232990: \ifhmode: \ifhmode

2233000: \botmark: \botmark

2233002: \locmuskipvector: macro:->\et@xlvec 3 \muskip 

2233025: \holdinginserts: \holdinginserts

2233033: \XeTeXdefaultencoding: \XeTeXdefaultencoding

2233039: \XeTeXdelcodenum: \Udelcodenum

2233067: \pdfpagewidth: \dimen1113854

2233070: \ifmmode: \ifmmode

2233071: \@midtrue: macro:->\let \if@mid =\iftrue 

2233084: \diamondsuit: \mathchar"027D

2233087: \tracingscantokens: \count3

2233093: \dotfill: macro:->\cleaders \hbox {$\m@th \mkern 1.5mu.\mkern 1.5mu$}\hfill 

2233103: \unexpanded: \unexpanded

2233105: \looseness: \looseness

2233108: \meaning: \meaning

2233132: \enspace: macro:->\kern .5em 

2233138: \iffontchar: \iffontchar

2233151: \magstep: macro:#1->\ifcase #1 \@m \or 1200\or 1440\or 1728\or 2074\or 2488\fi \relax 

2233159: \hoffset: \dimen1113851

2233161: \ifincsname: \ifincsname

2233184: \fmtname: macro:->plain

2233199: \setlanguage: \setlanguage

2233203: \medskip: macro:->\vskip \medskipamount 

2233205: \mathbin: \mathbin

2233214: \ifvmode: \ifvmode

2233216: \jobname: \jobname

2233217: \epsilon: \mathchar"010F

2233222: \splitfirstmarks: \splitfirstmarks

2233225: \errhelp: \errhelp

2233243: \lastbox: \lastbox

2233258: \nearrow: \mathchar"3225

2233259: \mathrel: \mathrel

2233260: \showboxbreadth: \showboxbreadth

2233263: \radical: \radical

2233264: \footins: \char"FE

2233265: \mathord: \mathord

2233271: \longleftarrow: macro:->\leftarrow \joinrel \relbar 

2233289: \everycr: \everycr

2233290: \rightskip: \rightskip

2233320: \frenchspacing: macro:->\sfcode `\.\@m \sfcode `\?\@m \sfcode `\!\@m \sfcode `\:\@m \sfcode `\;\@m \sfcode `\,\@m 

2233337: \ttraggedright: macro:->\tt \rightskip \z@ plus2em\relax 

2233370: \allocationnumber: \count47

2233373: \etexmodedef: macro:#1 ->\expandafter \expandafter \expandafter \chardef \interactionmodes {#1}

2233387: \joinrel: macro:->\mathrel {\mkern -3mu}

2233388: \message: \message

2233406: \iterate: macro:->\body \let \next \iterate \else \let \next \relax \fi \next 

2233419: \natural: \mathchar"015C

2233423: \@cclvi: \mathchar"0100

2233424: \XeTeXglyphname: \XeTeXglyphname

2233433: \globaldefs: \globaldefs

2233443: \locskip: macro:->\et@xloc 2 \skip \skipdef 

2233446: \penalty: \penalty

2233448: \phantom: macro:->\v@true \h@true \ph@nt 

2233456: \belowdisplayshortskip: \belowdisplayshortskip

2233457: \XeTeXfindvariationbyname: \XeTeXfindvariationbyname

2233465: \newhelp: \outer macro:#1#2->\newtoks #1#1\expandafter {\csname #2\endcsname }

2233469: \noalign: \noalign

2233471: \partial: \mathchar"0140

2233474: \loctoks: macro:->\et@xloc 5 \toks \toksdef 

2233476: \XeTeXOTcountlanguages: \XeTeXOTcountlanguages

2233482: \XeTeXvariationmax: \XeTeXvariationmax

2233488: \XeTeXvariationmin: \XeTeXvariationmin

2233491: \parskip: \parskip

2233492: \globmuskipblk: \outer macro:->\et@xgblk 3 \muskip 

2233496: \newmark: \outer macro:->\et@xglob 6 \marks \mathchardef 

2233502: \nobreak: macro:->\penalty \@M 

2233511: \newread: \outer macro:->\alloc@ 6\read \chardef \sixt@@n 

2233514: \XeTeXgenerateactualtext: \count23

2233516: \moveright: \moveright

2233520: \exhyphenpenalty: \exhyphenpenalty

2233532: \pausing: \pausing

2233533: \ooalign: macro:->\lineskiplimit -\maxdimen \oalign 

2233543: \tabsyet: \char"0D

2233546: \xtxHanSpace: macro:->\hskip 0.2em plus 0.2em minus 0.1em\relax 

2233549: \makefootline: macro:->\baselineskip 24\p@ \lineskiplimit \z@ \line {\the \footline }

2233555: \globcountblk: \outer macro:->\et@xgblk 0 \count 

2233562: \XeTeXfindselectorbyname: \XeTeXfindselectorbyname

2233564: \nonscript: \nonscript

2233571: \newskip: \outer macro:->\alloc@ 2\skip \skipdef \insc@unt 

2233573: \m@de: errorstop: \char"03

2233578: \searrow: \mathchar"3226

2233582: \Leftrightarrow: \mathchar"322C

2233594: \mathpalette: macro:#1#2->\mathchoice {#1\displaystyle {#2}}{#1\textstyle {#2}}{#1\scriptstyle {#2}}{#1\scriptscriptstyle {#2}}

2233602: \newtoks: \outer macro:->\alloc@ 5\toks \toksdef \@cclvi 

2233623: \romannumeral: \romannumeral

2233636: \us@true: macro:->\let \ifus@ =\iftrue 

2233643: \vadjust: \vadjust

2233647: \pmatrix: macro:#1->\left (\matrix {#1}\right )

2233657: \mscount: \count51

2233658: \spaceskip: \spaceskip

2233660: \@penup: macro:->\advance \lineskip \dimen@ \advance \baselineskip \dimen@ \advance \lineskiplimit \dimen@ 

2233665: \showboxdepth: \showboxdepth

2233674: \smallskip: macro:->\vskip \smallskipamount 

2233703: \openout: \openout

2233721: \vcenter: \vcenter

2233722: \longrightarrow: macro:->\relbar \joinrel \rightarrow 

2233734: \spadesuit: \mathchar"027F

2233741: \@vereq: macro:#1#2->\lower .5\p@ \vbox {\lineskiplimit \maxdimen \lineskip -.5\p@ \ialign {$\m@th #1\hfil ##\hfil $\crcr #2\crcr =\crcr }}

2233751: \sevenbf: select font cmbx7

2233756: \displaywidowpenalties: \displaywidowpenalties

2233771: \Lambda: \mathchar"7003

2233778: \XeTeXlastfontchar: \XeTeXlastfontchar

2233783: \shipout: \shipout

2233787: \sixt@@n: \char"10

2233789: \skipdef: \skipdef

2233790: \sevenrm: select font cmr7

2233799: \special: \special

2233800: \settabs: macro:->\setbox \tabs \null \futurelet \next \sett@b 

2233804: \sevensy: select font cmsy7

2233819: \pagestretch: \pagestretch

2233830: \vfilneg: \vfilneg

2233834: \nwarrow: \mathchar"322D

2233835: \widehat: macro:->\mathaccent "0362 

2233849: \m@ketabbox: macro:->\begingroup \global \setbox \tabsyet \copy \tabs \global \setbox \tabsdone \null \def \cr {\@crtrue \crcr \egroup \egroup \ifus@ \unvbox \z@ \lastbox \fi \endgroup \setbox \tabs \hbox {\unhbox \tabsyet \unhbox \tabsdone }}\setbox \z@ \vbox \bgroup \@crfalse \ialign \bgroup &\t@bbox ##\t@bb@x \crcr 

2233866: \TeXXeTstate: \count13

2233875: \showbox: \showbox

2233879: \numexpr: \numexpr

2233880: \showifs: \showifs

2233891: \thinspace: macro:->\kern .16667em 

2233914: \showthe: \showthe

2233916: \prevdepth: \prevdepth

2233937: \nonstopmode: \nonstopmode

2233949: \voidb@x: \char"0A

2233966: \lastpenalty: \lastpenalty

2233978: \unhcopy: \unhcopy

2233991: \currentiflevel: \currentiflevel

2234004: \c@ncel: macro:#1#2->\m@th \ooalign {$\hfil #1\mkern 1mu/\hfil $\crcr $#1#2$}

2234011: \rootbox: \char"0F

2234019: \overbrace: macro:#1->\mathop {\vbox {\m@th \ialign {##\crcr \noalign {\kern 3\p@ } \downbracefill \crcr \noalign {\kern 3\p@ \nointerlineskip } $\hfil \displaystyle {#1}\hfil $\crcr }}}\limits 

2234030: \Relbar: macro:->\mathrel =

2234037: \toksdef: \toksdef

2234055: \voffset: \dimen1113852

2234057: \primitive: \primitive

2234058: \tracingpages: \tracingpages

2234071: \leavevmode: macro:->\unhbox \voidb@x 

2234076: \multispan: macro:#1->\omit \mscount #1\relax \loop \ifnum \mscount >\@ne \sp@n \repeat 

2234084: \topglue: macro:->\nointerlineskip \vglue -\topskip \vglue 

2234088: \topmark: \topmark

2234093: \dospecials: macro:->\do \ \do \\\do \{\do \}\do \$\do \&\do \#\do \^\do \\do \_\do \\do \%\do \~

2234108: \globmuskip: \outer macro:->\et@xglob 3 \muskip \muskipdef 

2234154: \overfullrule: \dimen1113849

2234163: \topskip: \topskip

2234164: \muskipdef: \muskipdef

2234171: \locboxvector: macro:->\et@xlvec 4 \box 

2234175: \supereject: macro:->\par \penalty -\@MM 

2234185: \widetilde: macro:->\mathaccent "0365 

2234202: \unvcopy: \unvcopy

2234231: \leftharpoondown: \mathchar"3129

2234241: \upsilon: \mathchar"011D

2234254: \tracingrestores: \tracingrestores

2234259: \showlists: \showlists

2234264: \tracingstats: \tracingstats

2234283: \XeTeXcountvariations: \XeTeXcountvariations

2234287: \firstmarks: \firstmarks

2234292: \sqsubseteq: \mathchar"3276

2234295: \synctex: \count25

2234297: \h@true: macro:->\let \ifh@ =\iftrue 

2234313: \underline: \underline

2234385: \r@ggedbottomtrue: macro:->\let \ifr@ggedbottom =\iftrue 

2234386: \t@bb@x: macro:->\if@cr \egroup \else \hss \egroup \global \setbox \tabsyet \hbox {\unhbox \tabsyet \global \setbox \@ne \lastbox }\ifvoid \@ne \global \setbox \@ne \hbox to\wd \z@ {}\else \setbox \z@ \hbox to\wd \@ne {\unhbox \z@ }\fi \global \setbox \tabsdone \hbox {\box \@ne \unhbox \tabsdone }\fi \box \z@ 

2234402: \XeTeXOTcountfeatures: \XeTeXOTcountfeatures

2234414: \scriptscriptfont: \scriptscriptfont

2234417: \xe@charclass@boundary: \char"FFF

2234446: \accent: \accent

2234474: \protected: \protected

2234476: \if@mid: \iffalse

2234480: \t@bbox: macro:->\setbox \z@ \hbox \bgroup 

2234518: \beginL: \beginL

2234524: \beginR: \beginR

2234530: \dagger: \mathchar"2279

2234533: \Umathchar: \Umathchar

2234548: \s@tt@b: macro:->\let \nxt \relax \us@false \m@ketabbox 

2234554: \Umathcode: \Umathcode

2234568: \bigcap: \mathchar"1354

2234578: \mathaccent: \mathaccent

2234582: \interlinepenalties: \interlinepenalties

2234599: \active: \char"0D

2234607: \tolerance: \tolerance

2234608: \bigcup: \mathchar"1353

2234628: \alloc@: macro:#1#2#3#4#5->\ifnum \count 1#1 < #4\allocationnumber =\count 1#1 \global \advance \count 1#1 by \@ne \global #3#5=\allocationnumber \wlog {\string #5=\string #2\the \allocationnumber }\else \ifnum #1 < 6 \begingroup \escapechar =\m@ne \expandafter \alloc@@ \expandafter {\string #2}#5\else \errmessage {No room for a new #2}\fi \fi 

2234641: \bigvee: \mathchar"1357

2234645: \pr@@@s: macro:#1->\prim@s 

2234646: \pr@@@t: macro:#1#2->#2\egroup 

2234653: \belowdisplayskip: \belowdisplayskip

2234666: \dimen@: \dimen1113856

2234675: \emergencystretch: \dimen1113853

2234677: \ifp@ge: \iffalse

2234679: \tracingassigns: \count0

2234688: \locdimenblk: macro:->\et@xlblk 1 \dimen 

2234706: \halign: \halign

2234712: \bgroup: begin-group character {

2234714: \arctan: macro:->\mathop {\rm arctan}\nolimits 

2234717: \raggedright: macro:->\rightskip \z@ plus2em \spaceskip .3333em \xspaceskip .5em\relax 

2234721: \choose: macro:->\atopwithdelims ()

2234722: \ifdt@p: \iffalse

2234726: \arcsin: macro:->\mathop {\rm arcsin}\nolimits 

2234729: \ifcase: \ifcase

2234731: \fontcharic: \fontcharic

2234734: \fontchardp: \fontchardp

2234738: \ialign: macro:->\everycr {}\tabskip \z@skip \halign 

2234740: \sqsupseteq: \mathchar"3277

2234742: \XeTeXmathchar: \Umathchar

2234745: \v@true: macro:->\let \ifv@ =\iftrue 

2234746: \fontcharht: \fontcharht

2234760: \fontcharwd: \fontcharwd

2234763: \XeTeXmathcode: \Umathcode

2234769: \leqalignno: macro:#1->\displ@y \tabskip \centering \halign to\displaywidth {\hfil $\@lign \displaystyle {##}$\tabskip \z@skip &$\@lign \displaystyle {{}##}$\hfil \tabskip \centering &\kern -\displaywidth \rlap {$\@lign ##$}\tabskip \displaywidth \crcr #1\crcr }

2234771: \divide: \divide

2234781: \etexhdrchk: macro:#1#2->\openin \et@xinput =#2 \ifeof \et@xinput \chardef \etexstatus =0 \else \begingroup \endlinechar =-1 \readline \et@xinput to \et@xbuf \closein \et@xinput \def \p@rtition ##1.##2\endp@rtition {##1}\xdef \et@xbuf {\expandafter \p@rtition \et@xbuf .\endp@rtition }\xdef \et@xtmp {\csname et@x#1hdr\endcsname }\xdef \et@xtmp {\expandafter \p@rtition \et@xtmp .\endp@rtition }\endgroup \ifx \et@xtmp \et@xbuf \chardef \etexstatus =2 \else \chardef \etexstatus =1 \fi \fi 

2234784: \ifhbox: \ifhbox

2234795: \lambda: \mathchar"0115

2234797: \mathchoice: \mathchoice

2234803: \lccode: \lccode

2234805: \textstyle: \textstyle

2234808: \egroup: end-group character }

2234816: \fivebf: select font cmbx5

2234821: \csname: \csname

2234824: \z@skip: \skip12

2234825: \pr@m@s: macro:->\ifx '\next \let \nxt \pr@@@s \else \ifx ^\next \let \nxt \pr@@@t \else \let \nxt \egroup \fi \fi \nxt 

2234826: \pageinsert: macro:->\@midfalse \p@getrue \@ins 

2234832: \global: \global

2234842: \count@: \count281

2234843: \langle: macro:->\delimiter "426830A 

2234844: \coprod: \mathchar"1360

2234848: \bullet: \mathchar"220F

2234849: \lbrace: macro:->\delimiter "4266308 

2234855: \fiverm: select font cmr5

2234862: \linepenalty: \linepenalty

2234865: \bowtie: macro:->\mathrel \triangleright \joinrel \mathrel \triangleleft 

2234869: \fivesy: select font cmsy5

2234886: \indent: \indent

2234888: \enskip: macro:->\hskip .5em\relax 

2234890: \forall: \mathchar"0238

2234896: \ifvbox: \ifvbox

2234897: \smallskipamount: \skip13

2234911: \middle: \middle

2234916: \ifvoid: \ifvoid

2234917: \splitfirstmark: \splitfirstmark

2234921: \pageno: \count26

2234930: \oalign: macro:#1->\leavevmode \vtop {\baselineskip \z@skip \lineskip .25ex\ialign {##\crcr #1\crcr }}

2234937: \iftrue: \iftrue

2234938: \Ucharcat: \Ucharcat

2234944: \mathop: \mathop

2234958: \lfloor: macro:->\delimiter "4262304 

2234963: \XeTeXfonttype: \XeTeXfonttype

2234965: \mapsto: macro:->\mapstochar \rightarrow 

2234973: \unpenalty: \unpenalty

2234976: \liminf: macro:->\mathop {\rm lim\,inf}

2234980: \matrix: macro:#1->\null \,\vcenter {\normalbaselines \m@th \ialign {\hfil $##$\hfil &&\quad \hfil $##$\hfil \crcr \mathstrut \crcr \noalign {\kern -\baselineskip } #1\crcr \mathstrut \crcr \noalign {\kern -\baselineskip }}}\,

2234984: \locbox: macro:->\et@xloc 4 \box \mathchardef 

2234996: \mathhexbox: macro:#1#2#3->\leavevmode \hbox {$\m@th \mathchar "#1#2#3$}

2235001: \limits: \limits

2235011: \lpcode: \lpcode

2235014: \insert: \insert

2235016: \xtxHanGlue: macro:->\hskip 0pt plus 0.1em\relax 

2235022: \pdflastypos: \pdflastypos

2235025: \newfam: \outer macro:->\alloc@ 8\fam \chardef \sixt@@n 

2235032: \lgroup: macro:->\delimiter "462833A 

2235035: \rangle: macro:->\delimiter "526930B 

2235040: \limsup: macro:->\mathop {\rm lim\,sup}

2235041: \expandafter: \expandafter

2235047: \rbrack: macro:->]

2235048: \newbox: \outer macro:->\alloc@ 4\box \chardef \insc@unt 

2235051: \defaulthyphenchar: \defaulthyphenchar

2235054: \relbar: macro:->\mathrel {\smash -}

2235075: \sfcode: \sfcode

2235080: \topinsert: macro:->\@midfalse \p@gefalse \@ins 

2235091: \uccode: \uccode

2235099: \afterassignment: \afterassignment

2235100: \repeat: \fi

2235109: \Longrightarrow: macro:->\Relbar \joinrel \Rightarrow 

2235111: \brokenpenalty: \brokenpenalty

2235136: \ointop: \mathchar"1348

2235138: \openin: \openin

2235140: \sett@b: macro:->\ifx \next \+\def \nxt {\afterassignment \s@tt@b \let \nxt }\else \let \nxt \s@tcols \fi \let \next \relax \nxt 

2235147: \tracingnesting: \count4

2235150: \rfloor: macro:->\delimiter "5263305 

2235151: \ominus: \mathchar"2209

2235153: \prim@s: macro:->\prime \futurelet \next \pr@m@s 

2235154: \valign: \valign

2235164: \openup: macro:->\afterassignment \@penup \dimen@ =

2235165: \XeTeXvariation: \XeTeXvariation

2235184: \setbox: \setbox

2235195: \seveni: select font cmmi7

2235198: \uchyph: \uchyph

2235203: \rpcode: \rpcode

2235204: \oslash: \mathchar"220B

2235212: \muexpr: \muexpr

2235224: \rgroup: macro:->\delimiter "562933B 

2235227: \varphi: \mathchar"0127

2235241: \varrho: \mathchar"0125

2235243: \uppercase: \uppercase

2235245: \bigtriangledown: \mathchar"2235

2235256: \muskip: \muskip

2235281: \succeq: \mathchar"3217

2235296: \unhbox: \unhbox

2235313: \propto: \mathchar"322F

2235328: \unkern: \unkern

2235340: \subset: \mathchar"321A

2235343: \unless: \unless

2235355: \etexstatus: \char"02

2235365: \errmessage: \errmessage

2235373: \finalhyphendemerits: \finalhyphendemerits

2235376: \output: \output

2235377: \XeTeXisdefaultselector: \XeTeXisdefaultselector

2235389: \tracingnone: macro:->\tracingassigns =\z@ \tracingnesting =\z@ \tracingscantokens =\z@ \tracingifs =\z@ \tracinggroups =\z@ \showboxdepth =\thr@@ \showboxbreadth =5 \tracingrestores =\z@ \tracingparagraphs =\z@ \tracingmacros =\z@ \tracinglostchars =\@ne \tracingoutput =\z@ \tracingpages =\z@ \tracingstats =\z@ \tracingcommands =\z@ \tracingonline =\z@ 

2235392: \loccountblk: macro:->\et@xlblk 0 \count 

2235400: \unskip: \unskip

2235408: \unvbox: \unvbox

2235417: \string: \string

2235437: \currentiftype: \currentiftype

2235452: \supset: \mathchar"321B

2235470: \fmtversion: macro:->3.141592653/USenglish/afrikaans/ancientgreek/ibycus/arabic/armenian/basque/bulgarian/catalan/pinyin/churchslavonic/coptic/croatian/czech/danish/dutch/ukenglish/british/UKenglish/usenglishmax/esperanto/estonian/ethiopic/amharic/geez/farsi/persian/finnish/french/patois/francais/friulan/galician/georgian/german/ngerman/swissgerman/monogreek/greek/polygreek/hungarian/icelandic/assamese/bengali/gujarati/hindi/kannada/malayalam/marathi/oriya/panjabi/tamil/telugu/indonesian/interlingua/irish/italian/kurmanji/latin/classiclatin/liturgicallatin/latvian/lithuanian/mongolian/mongolianlmc/bokmal/norwegian/norsk/nynorsk/occitan/piedmontese/polish/portuguese/portuges/romanian/romansh/russian/sanskrit/serbian/serbianc/slovak/slovenian/slovene/spanish/espanol/swedish/thai/turkish/turkmen/ukrainian/uppersorbian/welsh

2235496: \vsplit: \vsplit

2235513: \XeTeXOTfeaturetag: \XeTeXOTfeaturetag

2235554: \mapstochar: \mathchar"3237

2235556: \ifr@ggedbottom: \iffalse

2235580: \p@gefalse: macro:->\let \ifp@ge =\iffalse 

2235590: \XeTeXOTscripttag: \XeTeXOTscripttag

2235591: \xspaceskip: \xspaceskip

2235592: \normallineskiplimit: \dimen1113869

2235624: \locmarksblk: macro:->\et@xlblk 6 \marks 

2235639: \pdfmapfile: macro:->#1->\special {pdf:mapfile #1}

2235642: \Uradical: \Uradical

2235653: \predisplaydirection: \count5

2235669: \XeTeXmathcharnumdef: \Umathcharnumdef

2235691: \pdfmapline: macro:->#1->\special {pdf:mapline #1}

2235747: \showhyphens: macro:#1->\setbox 0\vbox {\parfillskip \z@skip \hsize \maxdimen \tenrm \pretolerance \m@ne \tolerance \m@ne \hbadness 0\showboxdepth 0\ #1}

2235767: \obeyspaces: macro:->\catcode `\ \active 

2235800: \pagefilllstretch: \pagefilllstretch

2235812: \loccountvector: macro:->\et@xlvec 0 \count 

2235826: \XeTeXpdfpagecount: \XeTeXpdfpagecount

2235856: \longleftrightarrow: macro:->\leftarrow \joinrel \rightarrow 

2235867: \parfillskip: \parfillskip

2235874: \XeTeXrevision: \XeTeXrevision

2235921: \displaywidowpenalty: \displaywidowpenalty

2235943: \currentgrouplevel: \currentgrouplevel

2236004: \discretionary: \discretionary

2236051: \abovedisplayshortskip: \abovedisplayshortskip

2236151: \XeTeXinputencoding: \XeTeXinputencoding

2236159: \pdfsavepos: \pdfsavepos

2236234: \XeTeXinterchartokenstate: \count17

2236238: \reserveinserts: \outer macro:#1->\global \insc@unt =\numexpr \et@xins \ifnum #1 > \z@ -#1\fi \relax 

2236242: \XeTeXselectorcode: \XeTeXselectorcode

2236287: \p@getrue: macro:->\let \ifp@ge =\iftrue 

2236292: \XeTeXselectorname: \XeTeXselectorname

2236299: \m@de: nonstop: \char"01

2236358: \loggingall: macro:->\tracingall \tracingonline =\z@ 

2236411: \backslash: macro:->\delimiter "26E30F 

2236413: \currentgrouptype: \currentgrouptype

2236414: \adjdemerits: \adjdemerits

2236417: \leftarrowfill: macro:->$\m@th \mathord \leftarrow \mkern -7mu\cleaders \hbox {$\mkern -2mu\smash -\mkern -2mu$}\hfill \mkern -7mu\smash -$

2236422: \m@de: scroll: \char"02

2236441: \ignorespaces: \ignorespaces

2236457: \XeTeXOTcountscripts: \XeTeXOTcountscripts

2236501: \xe@alloc@intercharclass: \count53

2236584: \upbracefill: macro:->$\m@th \setbox \z@ \hbox {$\braceld $}\bracelu \leaders \vrule height\ht \z@ depth\z@ \hfill \bracerd \braceld \leaders \vrule height\ht \z@ depth\z@ \hfill \braceru $

2236597: \defaultskewchar: \defaultskewchar

2236608: \Umathaccent: \Umathaccent

2236653: \XeTeXvariationdefault: \XeTeXvariationdefault

2243227: \cr: \cr

2243228: \endgroup: \endgroup

2243229: \right: \right

2243230: \fi: \fi

2243231: \endtemplate: \endtemplate

2243232: \endtemplate: alignment template

2243233: \relax: \relax

2243234: \endwrite: \outer macro:

2243235: \notexpanded:: \dont_expand

2243236: \special: \special

2243237: \primitive: \frozen_primitive

2243238: \nullfont: select font nullfont

2243239: \tenrm: select font cmr10

2243240: \sevenrm: select font cmr7

2243241: \fiverm: select font cmr5

2243242: \teni: select font cmmi10

2243243: \seveni: select font cmmi7

2243244: \fivei: select font cmmi5

2243245: \tensy: select font cmsy10

2243246: \sevensy: select font cmsy7

2243247: \fivesy: select font cmsy5

2243248: \tenex: select font cmex10

2243249: \tenbf: select font cmbx10

2243250: \sevenbf: select font cmbx7

2243251: \fivebf: select font cmbx5

2243252: \tentt: select font cmtt10

2243253: \tensl: select font cmsl10

2243254: \tenit: select font cmti10

