<?xml version="1.0" encoding="UTF-8"?>
<!DOCTYPE article PUBLIC "-//AMS TEXML//DTD MODIFIED JATS (Z39.96) Journal Archiving and Interchange DTD with MathML3 v1.3d2 20201130//EN" "texml-jats-1-3d2.dtd">
<article xmlns:xlink="http://www.w3.org/1999/xlink">
  <front id="ltxid1">
    <article-meta>
      <title-group>
        <article-title>hello</article-title>
      </title-group>
    </article-meta>
  </front>
  <body id="ltxid2">
    <sec id="ltxid3" specific-use="section">
      <p>hello, world</p>
      <p>ķ</p>
      <p>ü</p>
      <p>bare accent: ¨</p>
      <p>char: ü</p>
      <p>synthetic: c̈</p>
      <p>chardef: ü</p>
      <p>Uchar: ü</p>
      <p>UCSchar: ü</p>
      <p>UCSchardef: ü</p>
      <p>A1</p>
      <p>ä</p>
      <p>A2</p>
      <p>ë</p>
      <p>B3</p>
      <p>ï</p>
      <p>C3</p>
    </sec>
  </body>
</article>
