<?xml version="1.0" encoding="UTF-8"?>
<!DOCTYPE article PUBLIC "-//AMS TEXML//DTD MODIFIED JATS (Z39.96) Journal Archiving and Interchange DTD with MathML3 v1.3d2 20201130//EN" "texml-jats-1-3d2.dtd">
<article xmlns:xlink="http://www.w3.org/1999/xlink">
  <front id="ltxid1">
    <article-meta>
      <title-group>
        <article-title>Sample article</article-title>
      </title-group>
      <contrib-group content-type="authors">
        <contrib contrib-type="author">
          <string-name>Jane Doe</string-name>
          <contrib-id contrib-id-type="orcid">ORCID id</contrib-id>
          <contrib-id contrib-id-type="mrauth">MR author id</contrib-id>
          <aff>First author’s address</aff>
          <aff specific-use="current">First author’s current address</aff>
          <email>jane.doe@nowhere</email>
          <uri>https://www.ams.org/</uri>
        </contrib>
        <contrib contrib-type="author">
          <string-name>John Bull</string-name>
          <aff>Second author’s address</aff>
          <email>john.bull@nowhere</email>
          <uri>https://www.ams.org/</uri>
        </contrib>
      </contrib-group>
      <abstract>
        <title>Abstract<x>.</x></title>
        <p>Abstract text goes here.</p>
      </abstract>
      <funding-group>
        <funding-statement>The first author’s research was supported by...</funding-statement>
        <funding-statement>The second author’s research was supported by...</funding-statement>
      </funding-group>
    </article-meta>
  </front>
  <body id="ltxid2">
    <sec id="ltxid3" specific-use="section">
      <label>1<x>.</x></label>
      <title>Introduction</title>
      <p>Here is some text.</p>
    </sec>
  </body>
</article>
