<?xml version="1.0" encoding="UTF-8"?>
<!DOCTYPE article PUBLIC "-//AMS TEXML//DTD MODIFIED JATS (Z39.96) Journal Archiving and Interchange DTD with MathML3 v1.3d2 20201130//EN" "texml-jats-1-3d2.dtd">
<article xmlns:xlink="http://www.w3.org/1999/xlink">
  <front id="ltxid1">
    <article-meta>
      <title-group>
        <article-title>tabular</article-title>
      </title-group>
    </article-meta>
  </front>
  <body id="ltxid2">
    <sec disp-level="1" id="ltxid3" specific-use="section">
      <p>hello, world</p>
      <table-wrap id="ltxid4" specific-use="table">
        <label>Table 1</label>
        <caption>
          <p>pmb</p>
        </caption> <table class="texml-bcc" id="tblrid1"><tr class="texml-bttsb"><td class="texml-bltsb texml-brtsb texml-pl texml-pr texml-tal"><monospace>l</monospace></td><td class="texml-brtsb texml-pl texml-pr texml-vat texml-w"><monospace>p{1in}</monospace></td><td class="texml-brtsb texml-pl texml-pr texml-vam texml-w"><monospace>m{1in}</monospace></td><td class="texml-brtsb texml-pl texml-pr texml-vab texml-w"><monospace>b{1in}</monospace></td></tr><tr class="texml-bbtsb texml-bttsb"><td class="texml-bltsb texml-brtsb texml-pl texml-pr texml-tal">Blah</td><td class="texml-brtsb texml-pl texml-pr texml-vat texml-w">Blah blah blah blah blah blah blah blah blah</td><td class="texml-brtsb texml-pl texml-pr texml-vam texml-w">Blah blah blah blah blah blah blah blah blah blah blah blah blah</td><td class="texml-brtsb texml-pl texml-pr texml-vab texml-w">Blah blah blah blah blah blah blah blah blah</td></tr></table></table-wrap>
      <table-wrap id="ltxid5" specific-use="table">
        <label>Table 2</label>
        <caption>
          <p>
            <monospace>ll!{X}l@{X}l</monospace>
          </p>
        </caption> <table class="texml-bcc" id="tblrid2"><tr><td class="texml-pl texml-pr texml-tal">A</td><td class="texml-pl texml-pr1 texml-tal">BX</td><td class="texml-pl texml-pr1 texml-tal">CX</td><td class="texml-pl1 texml-pr texml-tal">D</td></tr></table></table-wrap>
      <table-wrap id="ltxid6" specific-use="table">
        <table class="texml-bcc" id="tblrid3">
          <tr>
            <td class="texml-pl texml-pr texml-tal">U1BlahV1</td>
            <td class="texml-pl texml-pr texml-tal">U2BlahV2</td>
            <td class="texml-pl texml-pr texml-tal">U3BlahV3</td>
          </tr>
        </table>
      </table-wrap>
      <table-wrap id="ltxid7" specific-use="table">
        <table class="texml-bcc" id="tblrid4">
          <tr>
            <td class="texml-bltsb texml-brdb texml-pl texml-pr texml-tal">U1BlahV1</td>
            <td class="texml-brdb texml-pl texml-pr texml-tal">U2BlahV2</td>
            <td class="texml-brtsb texml-pl texml-pr texml-tal">U3BlahV3</td>
          </tr>
        </table>
      </table-wrap>
    </sec>
  </body>
</article>
