.texml-bltsc { border-left: thin solid currentColor }
.texml-brtsc { border-right: thin solid currentColor }
.texml-pl { padding-left: 5.0pt }
.texml-pr { padding-right: 5.0pt }
.texml-tal { text-align: left }
.texml-vat { vertical-align: top }
.texml-w { width: 72.26999pt }
.texml-vam { vertical-align: middle }
.texml-vab { vertical-align: bottom }
.texml-bttsc { border-top: thin solid currentColor }
.texml-bbtsc { border-bottom: thin solid currentColor }
.texml-bcc { border-collapse: collapse }
.texml-pr1 { padding-right: 0.0pt }
.texml-pl1 { padding-left: 0.0pt }
.texml-brdc { border-right: double currentColor }
