.texml-bltsb { border-left: thin solid black }
.texml-brtsb { border-right: thin solid black }
.texml-pl { padding-left: 5.0pt }
.texml-pr { padding-right: 5.0pt }
.texml-tal { text-align: left }
.texml-vat { vertical-align: top }
.texml-w { width: 72.26999pt }
.texml-vam { vertical-align: middle }
.texml-vab { vertical-align: bottom }
.texml-bttsb { border-top: thin solid black }
.texml-bbtsb { border-bottom: thin solid black }
.texml-bcc { border-collapse: collapse }
.texml-pr1 { padding-right: 0.0pt }
.texml-pl1 { padding-left: 0.0pt }
.texml-brdb { border-right: double black }
