<?xml version="1.0" encoding="UTF-8"?>
<!DOCTYPE article PUBLIC "-//AMS TEXML//DTD MODIFIED JATS (Z39.96) Journal Archiving and Interchange DTD with MathML3 v1.3d2 20201130//EN" "texml-jats-1-3d2.dtd">
<article xmlns:xlink="http://www.w3.org/1999/xlink">
  <front id="ltxid1">
    <article-meta>
      <title-group>
        <article-title>arXiv</article-title>
      </title-group>
    </article-meta>
  </front>
  <body id="ltxid2">
    <sec id="ltxid3" specific-use="section">
      <p>hello, world</p>
      <p><ext-link xlink:href="https://arxiv.org/abs/0010262">
          <monospace>arXiv:0010262 [math.SG]</monospace>
        </ext-link></p>
      <p><ext-link xlink:href="https://arxiv.org/abs/math.SG/0010262">
          <monospace>arXiv:math.SG/0010262</monospace>
        </ext-link></p>
      <p><ext-link xlink:href="https://arxiv.org/abs/math/0010262">
          <monospace>arXiv:math/0010262</monospace>
        </ext-link></p>
      <p><ext-link xlink:href="https://arxiv.org/abs/SG/0010262">
          <monospace>arXiv:SG/0010262</monospace>
        </ext-link></p>
      <p><ext-link xlink:href="https://arxiv.org/abs/sg/0010262">
          <monospace>arXiv:sg/0010262</monospace>
        </ext-link></p>
      <p><ext-link xlink:href="https://arxiv.org/abs/0010262">
          <monospace>arXiv:0010262</monospace>
        </ext-link></p>
    </sec>
  </body>
</article>
