<?xml version="1.0" encoding="utf-8"?>
<!DOCTYPE book PUBLIC "-//NLM//DTD BITS Book Interchange DTD v2.1 20180401//EN" "BITS-book2.dtd">
<book xmlns:xlink="http://www.w3.org/1999/xlink">
  <p>hello, world</p>
  <p>appendix: See <xref-group><xref ref-subtype="appendix" ref-type="sec" rid="ltxid12" specific-use="autoref">Appendix A</xref></xref-group>.</p>
  <p>section: See <xref-group><xref ref-subtype="section" ref-type="sec" rid="ltxid2" specific-use="autoref">section 1</xref></xref-group>.</p>
  <p>appendix section: See <xref-group><xref ref-subtype="section" ref-type="sec" rid="ltxid13" specific-use="autoref">section 1</xref></xref-group>.</p>
  <p>subsection: See <xref-group><xref ref-subtype="subsection" ref-type="sec" rid="ltxid5" specific-use="autoref">subsection 1.1</xref></xref-group>.</p>
  <p>subsubsection: See <xref-group><xref ref-subtype="subsubsection" ref-type="sec" rid="ltxid6" specific-use="autoref">subsubsection 1.1.1</xref></xref-group>.</p>
  <p>paragraph: See <xref-group><xref ref-subtype="paragraph" ref-type="sec" rid="ltxid7" specific-use="autoref">paragraph 1.1.1</xref></xref-group>.</p>
  <p>subparagraph: See <xref-group><xref ref-subtype="subparagraph" ref-type="sec" rid="ltxid8" specific-use="autoref">subparagraph 1.1.1</xref></xref-group>.</p>
  <p>thingy: See <xref-group><xref ref-subtype="x" ref-type="statement" rid="ltxid3" specific-use="autoref">Thingy 1</xref></xref-group>.</p>
  <p>theorem: See <xref-group><xref ref-subtype="thm" ref-type="statement" rid="ltxid4" specific-use="autoref">Theorem 1</xref></xref-group>.</p>
  <p>main theorem: See <xref-group><xref ref-subtype="main_thm" ref-type="statement" rid="ltxid9" specific-use="autoref">Main Theorem 1</xref></xref-group>.</p>
  <sec disp-level="1" id="ltxid1" specific-use="chapter">
    <label>Chapter 1</label>
    <title>Chapter heading</title>
    <p><monospace>macro:-&gt;{1}{ltxid1}{sec}{chapter}</monospace></p>
    <p>Chapter text.</p>
    <sec disp-level="2" id="ltxid2" specific-use="section">
      <label>1<x>.</x></label>
      <title>A section</title>
      <p>Section text.</p>
      <statement content-type="theorem x" id="ltxid3" style="thmplain">
        <label>Thingy 1<x>.</x></label>
        <p>Here is a thingy.</p>
      </statement>
      <statement content-type="theorem thm" id="ltxid4" style="thmplain">
        <label>Theorem 1<x>.</x></label>
        <p>Here is a theorem.</p>
      </statement>
      <sec disp-level="3" id="ltxid5" specific-use="subsection">
        <label>1.1<x>.</x></label>
        <title>A subsection<x>.</x></title>
        <p>Subsection text.</p>
        <p><disp-formula content-type="math/tex">
            <tex-math>\begin{equation}
 a^2 + b^2 = c^3 <target id="texmlid1"><tag parens="yes">1</tag></target>
\end{equation}</tex-math>
          </disp-formula></p>
        <sec disp-level="4" id="ltxid6" specific-use="subsubsection">
          <label>1.1.1<x>.</x></label>
          <title>A subsubsection<x>.</x></title>
          <p>Subsubsection text.</p>
          <sec disp-level="5" id="ltxid7" specific-use="paragraph">
            <title>A paragraph<x>.</x></title>
            <p>Paragraph text.</p>
            <sec disp-level="6" id="ltxid8" specific-use="subparagraph">
              <title>A subparagraph<x>.</x></title>
              <p>Subparagraph text.</p>
              <statement content-type="theorem main_thm" id="ltxid9" style="thmplain">
                <label>Main Theorem 1<x>.</x></label>
                <p>Here is a main theorem.</p>
              </statement>
            </sec>
          </sec>
        </sec>
      </sec>
    </sec>
  </sec>
  <book-back id="ltxid10">
    <book-app-group id="ltxid11">
      <book-app disp-level="1" id="ltxid12" specific-use="chapter">
        <book-part-meta>
          <title-group>
            <label>Appendix A</label>
            <title>Appendix title</title>
          </title-group>
        </book-part-meta>
        <body>
          <p>Appendix text.</p>
          <sec disp-level="2" id="ltxid13" specific-use="section">
            <label>1<x>.</x></label>
            <title>Appendix section title</title>
            <p>Appendix section title.</p>
          </sec>
        </body>
      </book-app>
    </book-app-group>
  </book-back>
</book>
