.texml-bltsb { border-left: thin solid black }
.texml-brtsb { border-right: thin solid black }
.texml-pl { padding-left: 5.0pt }
.texml-pr { padding-right: 5.0pt }
.texml-tac { text-align: center }
.texml-bcc { border-collapse: collapse }
.texml-brmsb { border-right: medium solid black }
.texml-blmsb { border-left: medium solid black }
.texml-bttsb { border-top: thin solid black }
.texml-bbtsb { border-bottom: thin solid black }
.texml-btmsb { border-top: medium solid black }
.texml-bbmsb { border-bottom: medium solid black }
