.texml-pl { padding-left: 5.0pt }
.texml-pr { padding-right: 5.0pt }
.texml-tac { text-align: center }
.texml-bttsb { border-top: thin solid black }
.texml-bbtsb { border-bottom: thin solid black }
.texml-bcc { border-collapse: collapse }
.texml-bt { border-top: 0.80002pt solid black }
.texml-bb { border-bottom: 0.80002pt solid black }
.texml-bt1 { border-top: 0.50003pt solid black }
.texml-bt2 { border-top: 1.5pt solid black }
