<?xml version="1.0" encoding="utf-8"?>
<!DOCTYPE book PUBLIC "-//NLM//DTD BITS Book Interchange DTD v1.0 20131225//EN" "BITS-book1.dtd">
<book xmlns:mml="http://www.w3.org/1998/Math/MathML" xmlns:xi="http://www.w3.org/2001/XInclude" xmlns:xlink="http://www.w3.org/1999/xlink" xmlns:xsi="http://www.w3.org/2001/XMLSchema-instance">
  <book-meta>
    <book-id book-id-type="publ_key">amsbook</book-id>
  </book-meta>
  <disp-quote specific-use="text-align: left">
    <table id="tblrid1">
      <tr>
        <td>x</td>
      </tr>
      <tr>
        <td>y</td>
      </tr>
    </table>
  </disp-quote>
  <p>blah blah blah blah blah blah blah blah blah blah blah blah</p>
  <disp-quote specific-use="text-align: left">
    <table id="tblrid2">
      <tr>
        <td>x</td>
      </tr>
      <tr>
        <td>y</td>
      </tr>
    </table>
  </disp-quote>
  <p>blah blah blah blah blah blah blah blah blah blah blah blah</p>
  <disp-quote specific-use="text-align: left">
    <table id="tblrid3">
      <tr>
        <td>x</td>
      </tr>
      <tr>
        <td>y</td>
      </tr>
    </table>
  </disp-quote>
  <p>blah blah blah blah blah blah blah blah blah blah blah blah</p>
</book>
