<?xml version="1.0" encoding="UTF-8"?>
<!DOCTYPE book PUBLIC "-//NLM//DTD BITS Book Interchange DTD v2.1 20180401//EN" "BITS-book2.dtd">
<book xmlns:xlink="http://www.w3.org/1999/xlink">
  <book-meta>
    <book-title-group>
      <book-title>Sample book</book-title>
    </book-title-group>
    <contrib-group content-type="authors">
      <contrib contrib-type="author">
        <string-name>Jane Doe</string-name>
      </contrib>
      <contrib contrib-type="author">
        <string-name>John Bull</string-name>
      </contrib>
    </contrib-group>
    <funding-group>
      <funding-statement>A</funding-statement>
      <funding-statement>B</funding-statement>
    </funding-group>
  </book-meta>
  <front-matter id="ltxid1">
    <toc id="ltxid2" specific-use="toc">
      <toc-title-group>
        <title>Contents</title>
      </toc-title-group>
      <toc-entry specific-use="chapter">
        <title>Preface</title>
        <nav-pointer rid="ltxid3"/>
      </toc-entry>
      <toc-entry specific-use="chapter">
        <label>Chapter 1<x>.</x></label>
        <title>Main matter</title>
        <nav-pointer rid="ltxid5"/>
      </toc-entry>
      <toc-entry specific-use="ref-list">
        <title>Bibliography</title>
        <nav-pointer rid="ltxid8"/>
      </toc-entry>
    </toc>
    <preface disp-level="1" id="ltxid3" specific-use="chapter">
      <book-part-meta>
        <title-group>
          <title>Preface</title>
        </title-group>
      </book-part-meta>
      <named-book-part-body>
        <p>Here is the preface.</p>
      </named-book-part-body>
    </preface>
  </front-matter>
  <book-body id="ltxid4">
    <book-part>
      <body>
        <sec disp-level="1" id="ltxid5" specific-use="chapter">
          <label>Chapter 1</label>
          <title>Main matter</title>
          <p>Here is the body of the book.</p>
        </sec>
      </body>
    </book-part>
  </book-body>
  <book-back id="ltxid6">
    <ref-list content-type="thebibliography" id="ltxid8">
      <title>Bibliography</title>
      <ref id="bibr-GrahamKP1994">
        <label><x>[</x>1<x>]</x></label>
        <mixed-citation>Graham, Ronald L., Donald E. Knuth, and Oren Patashnik, 1994. <italic toggle="yes">Concrete Mathematics: A Foundation for Computer Science</italic>, second edition. Reprint: Addison-Wesley, Reading, Massachusetts, 1995. This printing incorporates the final corrections made in 1995. 0-201-55802-5.</mixed-citation>
      </ref>
    </ref-list>
  </book-back>
</book>
