<?xml version="1.0" encoding="utf-8"?>
<!DOCTYPE book PUBLIC "-//NLM//DTD BITS Book Interchange DTD v2.1 20180401//EN" "BITS-book2.dtd">
<book xmlns:xlink="http://www.w3.org/1999/xlink">
  <sec disp-level="1" id="ltxid1" specific-use="chapter">
    <label>Chapter 1</label>
    <title>Chapter heading</title>
    <p>hello, world</p>
  </sec>
  <book-back id="ltxid2">
    <book-app-group id="ltxid3">
      <book-app disp-level="1" id="ltxid4" specific-use="chapter">
        <book-part-meta>
          <title-group>
            <label>Appendix</label>
            <title>An Appendix</title>
          </title-group>
        </book-part-meta>
        <body>
          <p>hello, appendix</p>
        </body>
      </book-app>
      <book-app disp-level="1" id="ltxid5" specific-use="chapter">
        <book-part-meta>
          <title-group>
            <label>Appendix</label>
            <title>Another Appendix</title>
          </title-group>
        </book-part-meta>
        <body>
          <p>hello, other appendix</p>
        </body>
      </book-app>
    </book-app-group>
  </book-back>
</book>
