.texml-pl { padding-left: 5.0pt }
.texml-pr { padding-right: 5.0pt }
.texml-tac { text-align: center }
.texml-bttsc { border-top: thin solid currentColor }
.texml-bbtsc { border-bottom: thin solid currentColor }
.texml-bcc { border-collapse: collapse }
.texml-bt { border-top: 0.80002pt solid currentColor }
.texml-bb { border-bottom: 0.80002pt solid currentColor }
.texml-bt1 { border-top: 0.50003pt solid currentColor }
.texml-bt2 { border-top: 1.5pt solid currentColor }
.texml-bln { border-left: none }
.texml-brn { border-right: none }
.texml-bt3 { border-top: 0.29999pt solid currentColor }
.texml-pl1 { padding-left: 0.0pt }
.texml-tal { text-align: left }
.texml-pr1 { padding-right: 0.0pt }
.texml-tar { text-align: right }
