<?xml version="1.0" encoding="UTF-8"?>
<!DOCTYPE article PUBLIC "-//AMS TEXML//DTD MODIFIED JATS (Z39.96) Journal Archiving and Interchange DTD with MathML3 v1.3d2 20201130//EN" "texml-jats-1-3d2.dtd">
<article xmlns:xlink="http://www.w3.org/1999/xlink">
  <front id="ltxid1">
    <article-meta>
      <title-group>
        <article-title>Sorting cites</article-title>
      </title-group>
    </article-meta>
  </front>
  <body id="ltxid2">
    <sec disp-level="1" id="ltxid3" specific-use="section">
      <p>hello, world</p>
      <p>
        <x>[</x>
        <xref ref-type="bibr" rid="bibr-A" specific-use="cite">1</xref>
        <x>]</x>
      </p>
      <p>
        <x>[</x>
        <xref ref-type="bibr" rid="bibr-A" specific-use="cite">1<x>, </x>2.3</xref>
        <x>]</x>
      </p>
      <p>
        <x>[</x>
        <xref ref-type="bibr" rid="bibr-A" specific-use="cite">1</xref>
        <x>, </x>
        <xref ref-type="bibr" rid="bibr-B" specific-use="cite">2</xref>
        <x>]</x>
      </p>
      <p>
        <x>[</x>
        <xref ref-type="bibr" rid="bibr-A" specific-use="cite">1</xref>
        <x>, </x>
        <xref ref-type="bibr" rid="bibr-B" specific-use="cite">2</xref>
        <x>]</x>
      </p>
      <p>
        <x>[</x>
        <xref ref-type="bibr" rid="bibr-A" specific-use="cite">1</xref>
        <x>, </x>
        <xref ref-type="bibr" rid="bibr-B" specific-use="cite">2</xref>
        <x>, </x>
        <xref ref-type="bibr" rid="bibr-C" specific-use="cite">3</xref>
        <x>]</x>
      </p>
      <p>
        <x>[</x>
        <xref ref-type="bibr" rid="bibr-A" specific-use="cite">1</xref>
        <x>, </x>
        <xref ref-type="bibr" rid="bibr-B" specific-use="cite">2</xref>
        <x>, </x>
        <xref ref-type="bibr" rid="bibr-C" specific-use="cite">3</xref>
        <x>, </x>
        <xref ref-type="bibr" rid="bibr-D" specific-use="cite">4</xref>
        <x>]</x>
      </p>
      <p>
        <x>[</x>
        <xref ref-type="bibr" rid="bibr-H" specific-use="cite">H</xref>
        <x>, </x>
        <xref ref-type="bibr" rid="bibr-D" specific-use="cite">4</xref>
        <x>, </x>
        <xref ref-type="bibr" rid="bibr-C" specific-use="cite">3</xref>
        <x>, </x>
        <xref ref-type="bibr" rid="bibr-B" specific-use="cite">2</xref>
        <x>, </x>
        <xref ref-type="bibr" rid="bibr-A" specific-use="cite">1</xref>
        <x>]</x>
      </p>
    </sec>
  </body>
  <back id="ltxid4">
    <ref-list content-type="thebibliography" id="ltxid5">
      <title>References</title>
      <ref id="bibr-A">
        <label>[1]</label>
        <mixed-citation>V. Alexeev, A. Gibney and D. Swinarski.</mixed-citation>
      </ref>
      <ref id="bibr-B">
        <label>[2]</label>
        <mixed-citation>V. Alexeev and D. Swinarski.</mixed-citation>
      </ref>
      <ref id="bibr-C">
        <label>[3]</label>
        <mixed-citation>E. Arbarello and M. Cornalba.</mixed-citation>
      </ref>
      <ref id="bibr-D">
        <label>[4]</label>
        <mixed-citation>E. Arbarello and M. Cornalba.</mixed-citation>
      </ref>
      <ref id="bibr-E">
        <label>[5]</label>
        <mixed-citation>E. Arbarello and M. Cornalba.</mixed-citation>
      </ref>
      <ref id="bibr-F">
        <label>[6]</label>
        <mixed-citation>E. Arbarello and M. Cornalba.</mixed-citation>
      </ref>
      <ref id="bibr-G">
        <label>[7]</label>
        <mixed-citation>E. Arbarello and M. Cornalba.</mixed-citation>
      </ref>
      <ref id="bibr-H">
        <label>[H]</label>
        <mixed-citation>E. Arbarello and M. Cornalba.</mixed-citation>
      </ref>
    </ref-list>
  </back>
</article>
