<?xml version="1.0" encoding="UTF-8"?>
<!DOCTYPE article PUBLIC "-//AMS TEXML//DTD MODIFIED JATS (Z39.96) Journal Archiving and Interchange DTD with MathML3 v1.3d2 20201130//EN" "texml-jats-1-3d2.dtd">
<article xmlns:xlink="http://www.w3.org/1999/xlink">
  <front id="ltxid1">
    <article-meta>
      <title-group>
        <article-title>Bibliography test</article-title>
      </title-group>
    </article-meta>
  </front>
  <body id="ltxid2">
    <sec disp-level="1" id="ltxid3" specific-use="section">
      <p>See <cite-group><x>[</x><xref ref-type="bibr" rid="bibr-AGS" specific-use="cite">AGS10</xref><x>]</x></cite-group>.</p>
      <p>See <cite-group><x>[</x><xref ref-type="bibr" rid="bibr-AGS" specific-use="cite">AGS10</xref><x>, </x><xref ref-type="bibr" rid="bibr-AS" specific-use="cite">AS08</xref><x>]</x></cite-group>.</p>
      <p>See <cite-group><x>[</x><xref ref-type="bibr" rid="bibr-XXX" specific-use="unresolved cite"><monospace>?XXX</monospace></xref><x>]</x></cite-group>.</p>
      <p>See <cite-group><x>[</x><xref ref-type="bibr" rid="bibr-AGS" specific-use="cite">AGS10</xref><x>, </x><xref ref-type="bibr" rid="bibr-AS" specific-use="cite">AS08</xref><x>, </x><xref ref-type="bibr" rid="bibr-AC" specific-use="cite">AC96</xref><x>]</x></cite-group>.</p>
      <p>See <cite-group><x>[</x><xref ref-type="bibr" rid="bibr-AC" specific-use="cite">AC96<cite-detail><x>, </x>section 5</cite-detail></xref><x>]</x></cite-group>.</p>
    </sec>
  </body>
  <back id="ltxid4">
    <ref-list content-type="thebibliography" id="ltxid5">
      <title>References</title>
      <ref id="bibr-AGS">
        <label>[AGS10]</label>
        <mixed-citation>V. Alexeev, A. Gibney and D. Swinarski.</mixed-citation>
      </ref>
      <ref id="bibr-AS">
        <label>[AS08]</label>
        <mixed-citation>V. Alexeev and D. Swinarski.</mixed-citation>
      </ref>
      <ref id="bibr-AC">
        <label>[AC96]</label>
        <mixed-citation>E. Arbarello and M. Cornalba.</mixed-citation>
      </ref>
    </ref-list>
    <p>
      <cite-group><x>[</x><xref ref-type="bibr" rid="bibr-AGS" specific-use="cite">AGS10</xref><x>, </x><xref ref-type="bibr" rid="bibr-AS" specific-use="cite">AS08</xref><x>, </x><xref ref-type="bibr" rid="bibr-AC" specific-use="cite">AC96</xref><x>]</x></cite-group>
    </p>
  </back>
</article>
