<?xml version="1.0" encoding="UTF-8"?>
<!DOCTYPE article PUBLIC "-//AMS TEXML//DTD MODIFIED JATS (Z39.96) Journal Archiving and Interchange DTD with MathML3 v1.3d2 20201130//EN" "texml-jats-1-3d2.dtd">
<article xmlns:xlink="http://www.w3.org/1999/xlink">
  <p>See [section] <xref-group><xref ref-subtype="section" ref-type="sec" rid="ltxid1" specific-use="cref">section 1</xref></xref-group>.</p>
  <p>See [theorem] <xref-group><xref ref-subtype="theorem" ref-type="statement" rid="ltxid2" specific-use="cref">theorem 1</xref></xref-group></p>
  <p>See [equation] <xref-group><xref ref-subtype="equation" ref-type="disp-formula" rid="texmlid1" specific-use="cref">eq. <roman>(1)</roman></xref></xref-group></p>
  <p>See [ref definition] <xref-group><xref ref-subtype="definition" ref-type="statement" rid="ltxid3" specific-use="ref">2</xref></xref-group></p>
  <p>See [definition] <xref-group><xref ref-subtype="definition" ref-type="statement" rid="ltxid3" specific-use="cref">definition 2</xref></xref-group></p>
  <p>See [two definitions] <xref-group><xref ref-subtype="definition" ref-type="statement" rid="ltxid3" specific-use="cref">definitions 2</xref><xref ref-subtype="definition" ref-type="statement" rid="ltxid4" specific-use="cref"> and 3</xref></xref-group></p>
  <p>See [three definitions] <xref-group>definitions 2 to 4</xref-group></p>
  <p>See [many definitions] <xref-group>definitions 2 to 6</xref-group></p>
  <p>See [Definitions] <xref-group>Definitions 2 to 6</xref-group></p>
  <p>See [nonsequential definitions] <xref-group><xref ref-subtype="definition" ref-type="statement" rid="ltxid3" specific-use="cref">definitions 2</xref><xref ref-subtype="definition" ref-type="statement" rid="ltxid5" specific-use="cref">, 4</xref><xref ref-subtype="definition" ref-type="statement" rid="ltxid7" specific-use="cref"> and 6</xref></xref-group></p>
  <sec disp-level="1" id="ltxid1" specific-use="section">
    <label>1<x>.</x></label>
    <title>Introduction</title>
    <p>This is <xref-group><xref ref-subtype="section" ref-type="sec" rid="ltxid1" specific-use="cref">section 1</xref></xref-group>.</p>
    <p><disp-formula content-type="math/tex">
        <tex-math>\begin{equation}
  1 + 1 = 2 <target id="texmlid1"><tag parens="yes">1</tag></target>
\end{equation}</tex-math>
      </disp-formula></p>
    <statement content-type="theorem theorem" id="ltxid2" style="thmplain">
      <label>Theorem 1<x>.</x></label>
      <p>Here is a theorem.</p>
    </statement>
    <statement content-type="theorem definition" id="ltxid3" style="thmplain">
      <label>Definition 2<x>.</x></label>
      <p>Here is a definition.</p>
    </statement>
    <statement content-type="theorem definition" id="ltxid4" style="thmplain">
      <label>Definition 3<x>.</x></label>
      <p>Here is another definition.</p>
    </statement>
    <statement content-type="theorem definition" id="ltxid5" style="thmplain">
      <label>Definition 4<x>.</x></label>
      <p>Here is another definition.</p>
    </statement>
    <statement content-type="theorem definition" id="ltxid6" style="thmplain">
      <label>Definition 5<x>.</x></label>
      <p>Here is another definition.</p>
    </statement>
    <statement content-type="theorem definition" id="ltxid7" style="thmplain">
      <label>Definition 6<x>.</x></label>
      <p>Here is another definition.</p>
    </statement>
  </sec>
</article>
