<?xml version="1.0" encoding="UTF-8"?>
<!DOCTYPE article PUBLIC "-//AMS TEXML//DTD MODIFIED JATS (Z39.96) Journal Archiving and Interchange DTD with MathML3 v1.3d2 20201130//EN" "texml-jats-1-3d2.dtd">
<article xmlns:xlink="http://www.w3.org/1999/xlink">
  <p>See [section cref] <xref-group>section <xref ref-subtype="section" ref-type="sec" rid="ltxid1" specific-use="cref">1</xref></xref-group>.</p>
  <p>See [section Cref] <xref-group>Section <xref ref-subtype="section" ref-type="sec" rid="ltxid1" specific-use="Cref">1</xref></xref-group>.</p>
  <p>See [theorem cref] <xref-group>theorem <xref ref-subtype="theorem" ref-type="statement" rid="ltxid2" specific-use="cref">1</xref></xref-group></p>
  <p>See [theorem Cref] <xref-group>Theorem <xref ref-subtype="theorem" ref-type="statement" rid="ltxid2" specific-use="Cref">1</xref></xref-group></p>
  <p>See [equation cref] <xref-group>eq. <roman>(1)</roman></xref-group></p>
  <p>See [equation Cref] <xref-group>Equation <roman>(1)</roman></xref-group></p>
  <p>See [ref definition] <xref-group><xref ref-subtype="definition" ref-type="statement" rid="ltxid3" specific-use="ref">2</xref></xref-group></p>
  <p>See [definition] <xref-group>definition <xref ref-subtype="definition" ref-type="statement" rid="ltxid3" specific-use="cref">2</xref></xref-group></p>
  <p>See [two definitions] <xref-group>definitions <xref ref-subtype="definition" ref-type="statement" rid="ltxid3" specific-use="cref">2</xref><x> and </x><xref ref-subtype="definition" ref-type="statement" rid="ltxid4" specific-use="cref">3</xref></xref-group></p>
  <p>See [three definitions] <xref-group first="ltxid3" last="ltxid5" middle="ltxid4" ref-subtype="definition" ref-type="statement">definitions <x/><xref ref-subtype="definition" ref-type="statement" rid="ltxid3" specific-use="cref">2</xref><x> to </x><xref ref-subtype="definition" ref-type="statement" rid="ltxid5" specific-use="cref">4</xref><x/></xref-group></p>
  <p>See [many definitions] <xref-group first="ltxid3" last="ltxid7" middle="ltxid4 ltxid5 ltxid6" ref-subtype="definition" ref-type="statement">definitions <x/><xref ref-subtype="definition" ref-type="statement" rid="ltxid3" specific-use="cref">2</xref><x> to </x><xref ref-subtype="definition" ref-type="statement" rid="ltxid7" specific-use="cref">6</xref><x/></xref-group></p>
  <p>See [nonsequential definitions] <xref-group>definitions <xref ref-subtype="definition" ref-type="statement" rid="ltxid3" specific-use="cref">2</xref><x>, </x><xref ref-subtype="definition" ref-type="statement" rid="ltxid5" specific-use="cref">4</xref><x> and </x><xref ref-subtype="definition" ref-type="statement" rid="ltxid7" specific-use="cref">6</xref></xref-group></p>
  <p>See [definition crefrange] <xref-group first="ltxid3" last="ltxid7" middle="ltxid4 ltxid5 ltxid6" ref-subtype="definition" ref-type="statement">definitions <x/><xref ref-subtype="definition" ref-type="statement" rid="ltxid3" specific-use="cref">2</xref><x> to </x><xref ref-subtype="definition" ref-type="statement" rid="ltxid7" specific-use="cref">6</xref><x/></xref-group></p>
  <p>See [definition Crefrange] <xref-group first="ltxid3" last="ltxid7" middle="ltxid4 ltxid5 ltxid6" ref-subtype="definition" ref-type="statement">Definitions <x/><xref ref-subtype="definition" ref-type="statement" rid="ltxid3" specific-use="Cref">2</xref><x> to </x><xref ref-subtype="definition" ref-type="statement" rid="ltxid7" specific-use="Cref">6</xref><x/></xref-group></p>
  <p>[labelcref] <xref-group><xref ref-subtype="definition" ref-type="statement" rid="ltxid3" specific-use="labelcref">2</xref></xref-group></p>
  <p>[namecref] definition</p>
  <p>[nameCref] Definition</p>
  <p>[lcnamecref] Definition</p>
  <p>[namecrefs] definitions</p>
  <p>[nameCrefs] Definitions</p>
  <p>[lcnamecrefs] definitions</p>
  <sec disp-level="1" id="ltxid1" specific-use="section">
    <label>1<x>.</x></label>
    <title>Introduction</title>
    <p>This is <xref-group>section <xref ref-subtype="section" ref-type="sec" rid="ltxid1" specific-use="cref">1</xref></xref-group>.</p>
    <p><disp-formula content-type="math/tex">
        <tex-math>\begin{equation}
  1 + 1 = 2 <target id="texmlid1"><tag parens="yes">1</tag></target>
\end{equation}</tex-math>
      </disp-formula></p>
    <statement content-type="theorem theorem" id="ltxid2" style="thmplain">
      <label>Theorem 1<x>.</x></label>
      <p>Here is a theorem.</p>
    </statement>
    <statement content-type="theorem definition" id="ltxid3" style="thmplain">
      <label>Definition 2<x>.</x></label>
      <p>Here is a definition.</p>
    </statement>
    <statement content-type="theorem definition" id="ltxid4" style="thmplain">
      <label>Definition 3<x>.</x></label>
      <p>Here is another definition.</p>
    </statement>
    <statement content-type="theorem definition" id="ltxid5" style="thmplain">
      <label>Definition 4<x>.</x></label>
      <p>Here is another definition.</p>
    </statement>
    <statement content-type="theorem definition" id="ltxid6" style="thmplain">
      <label>Definition 5<x>.</x></label>
      <p>Here is another definition.</p>
    </statement>
    <statement content-type="theorem definition" id="ltxid7" style="thmplain">
      <label>Definition 6<x>.</x></label>
      <p>Here is another definition.</p>
    </statement>
  </sec>
</article>
