<?xml version="1.0" encoding="UTF-8"?>
<!DOCTYPE article PUBLIC "-//AMS TEXML//DTD MODIFIED JATS (Z39.96) Journal Archiving and Interchange DTD with MathML3 v1.3d2 20201130//EN" "texml-jats-1-3d2.dtd">
<article xmlns:xlink="http://www.w3.org/1999/xlink">
  <front id="ltxid1">
    <article-meta>
      <title-group>
        <article-title>toksapp, tokspre, etc.</article-title>
      </title-group>
    </article-meta>
  </front>
  <body id="ltxid2">
    <sec id="ltxid3" specific-use="section">
      <p>hello, world</p>
      <p>adjdemerits: <monospace>adjdemrits\AXG </monospace></p>
      <p>toks0: <monospace>0 tokens</monospace></p>
      <p>toksapp0: <monospace>0 tokens\A </monospace></p>
      <p>X: <monospace>X tokens</monospace></p>
      <p>toksapp X: <monospace>X tokens\A </monospace></p>
      <p>tokspre y: <monospace>\B Y tokens</monospace></p>
      <p>etoksapp X: <monospace>X tokens[expansion of A]</monospace></p>
      <p>etoksapp X: <monospace>X tokens\A \C </monospace></p>
      <p>etokspre Y: <monospace>[expansion of B]Y tokens</monospace></p>
      <p>etokspre everyjob: <monospace>[expansion of C]job tokens</monospace></p>
      <p>toksapp X Y: <monospace>X tokens\A \C [expansion of B]Y tokens</monospace></p>
    </sec>
  </body>
</article>
