<?xml version="1.0" encoding="UTF-8"?>
<!DOCTYPE book PUBLIC "-//NLM//DTD BITS Book Interchange DTD v2.2 20250930//EN" "BITS-book2-2.dtd">
<book xmlns:xlink="http://www.w3.org/1999/xlink">
  <book-part id="ltxid1" specific-use="chapter">
    <book-part-meta>
      <title-group>
        <title>Preface</title>
      </title-group>
    </book-part-meta>
    <body>
      <sec id="ltxid2" specific-use="section untagged">
        <disp-quote content-type="epigraph">
          <p>Factoring integers is important.</p>
          <attrib>C. F. Gauss</attrib>
        </disp-quote>
        <p>Gauss said so in 1801.</p>
      </sec>
    </body>
  </book-part>
</book>
