<?xml version="1.0" encoding="utf-8"?>
<!DOCTYPE book PUBLIC "-//NLM//DTD BITS Book Interchange DTD v2.1 20180401//EN" "BITS-book2.dtd">
<book xmlns:xlink="http://www.w3.org/1999/xlink">
  <toc id="ltxid1">
    <title-group>
      <title>Contents</title>
    </title-group>
    <toc-entry specific-use="epub-opening-page">
      <title>Publisher’s Notice</title>
      <nav-pointer rid="ltxid2"/>
    </toc-entry>
    <toc-entry specific-use="part">
      <label>Part 1<x>.</x></label>
      <title>Part title</title>
      <nav-pointer rid="ltxid3"/>
      <toc-entry specific-use="chapter">
        <label>Chapter 1<x>.</x></label>
        <title>Chapter</title>
        <nav-pointer rid="ltxid5"/>
        <toc-entry specific-use="section">
          <label>1<x>.</x></label>
          <title>Section title</title>
          <nav-pointer rid="ltxid7"/>
        </toc-entry>
        <toc-entry specific-use="section">
          <label>2<x>.</x></label>
          <title>Another section title </title>
          <alt-title>Another section title</alt-title>
          <nav-pointer rid="ltxid9"/>
        </toc-entry>
      </toc-entry>
    </toc-entry>
  </toc>
  <notes id="ltxid2" notes-type="publishers-note" specific-use="epub-opening-page">
    <title>Publisher’s Notice</title>
    <p>The <ext-link xlink:href="https://www.ams.org">American Mathematical Society</ext-link> has provided this ebook to you without Digital Rights Management (DRM) software applied so that you can enjoy reading it on your personal devices. This ebook is for your personal use only and must not be made publicly available in any way. You may not copy, reproduce, or upload this ebook except to read it on your personal devices.</p>
  </notes>
  <sec disp-level="1" id="ltxid3" specific-use="part">
    <label>Part 1</label>
    <title>Part title⁠<xref alt="Footnote 1" ref-type="fn" rid="ltxid4">1</xref><fn id="ltxid4"><label>1</label><p>Footnote in part</p></fn></title>
    <alt-title>Part title⁠</alt-title>
    <sec disp-level="2" id="ltxid5" specific-use="chapter">
      <label>Chapter 1</label>
      <title>Chapter⁠<xref alt="Footnote 1" ref-type="fn" rid="ltxid6">1</xref><fn id="ltxid6"><label>1</label><p>Footnote in chapter</p></fn></title>
      <alt-title>Chapter⁠</alt-title>
      <p>hello, world</p>
      <sec disp-level="3" id="ltxid7" specific-use="section">
        <label>1<x>.</x></label>
        <title>Section title⁠<xref alt="Footnote 2" ref-type="fn" rid="ltxid8">2</xref><fn id="ltxid8"><label>2</label><p>Footnote in section title</p></fn></title>
        <alt-title>Section title⁠</alt-title>
      </sec>
      <sec disp-level="3" id="ltxid9" specific-use="section">
        <label>2<x>.</x></label>
        <title>Another section title ⁠<xref alt="Footnote 3" ref-type="fn" rid="ltxid10">3</xref><fn id="ltxid10"><label>3</label><p>Footnote with optional argument</p></fn></title>
        <alt-title>Another section title</alt-title>
      </sec>
    </sec>
  </sec>
</book>
