<?xml version="1.0" encoding="UTF-8"?>
<!DOCTYPE article PUBLIC "-//AMS TEXML//DTD MODIFIED JATS (Z39.96) Journal Archiving and Interchange DTD with MathML3 v1.3d2 20201130//EN" "texml-jats-1-3d2.dtd">
<article xmlns:xlink="http://www.w3.org/1999/xlink">
  <p>frac: <monospace>macro:-&gt;\protect \frac  </monospace></p>
  <p>fracS: <monospace>macro:-&gt;\ifmmode \expandafter \frac   \else \@mathonly \frac \fi </monospace></p>
  <p>fracXX: <monospace>macro:#1#2-&gt;\char \escapechar frac{#1}{#2}</monospace></p>
  <p>hello, world</p>
  <p>hello, world</p>
  <p><inline-formula content-type="math/tex">
      <tex-math>\frac{1}{2}</tex-math>
    </inline-formula></p>
  <p><inline-formula content-type="math/tex">
      <tex-math>\tfrac{1}{2}</tex-math>
    </inline-formula></p>
  <p>1 2</p>
  <p>1 2</p>
</article>
