<?xml version="1.0" encoding="UTF-8"?>
<!DOCTYPE article PUBLIC "-//AMS TEXML//DTD MODIFIED JATS (Z39.96) Journal Archiving and Interchange DTD with MathML3 v1.3d2 20201130//EN" "texml-jats-1-3d2.dtd">
<article xmlns:xlink="http://www.w3.org/1999/xlink">
  <p>hello, world</p>
  <fig id="ltxid1" specific-use="figure"> <graphic height="152pt" mimetype="image/svg+xml" width="296pt" xlink:href="Images/img9cc0fb675e7d90b8cb710750a1bc1c64.svg"/> </fig>
  <p>
    <disp-formula content-type="math/tex">
      <tex-math>\begin{equation*}
 F_{\ell , \ell ', \delta } \colon  <inline-graphic height="20pt" mimetype="image/svg+xml" width="279pt" xlink:href="Images/img787c28a5a51663ea92034cd97eb291ff.svg"/>, 
\end{equation*}</tex-math>
    </disp-formula>
  </p>
</article>
