<?xml version="1.0" encoding="utf-8"?>
<!DOCTYPE book PUBLIC "-//NLM//DTD BITS Book Interchange DTD v2.1 20180401//EN" "BITS-book2.dtd">
<book xmlns:xlink="http://www.w3.org/1999/xlink">
  <collection-meta collection-type="book series">
    <collection-id collection-id-type="publisher">gsm</collection-id>
    <title-group>
      <title>Graduate Studies in Mathematics</title>
    </title-group>
    <volume-in-collection>
      <volume-number>500</volume-number>
    </volume-in-collection>
    <issn publication-format="print">1065-7339</issn>
    <issn publication-format="electronic">2376-9203</issn>
    <publisher>
      <publisher-name>American Mathematical Society</publisher-name>
      <publisher-loc>Providence, Rhode Island</publisher-loc>
    </publisher>
    <self-uri xlink:href="https://www.ams.org/gsm/">https://www.ams.org/gsm/</self-uri>
  </collection-meta>
  <book-meta>
    <book-id book-id-type="publisher">gsm</book-id>
    <book-id book-id-type="volume_id">volumeid</book-id>
    <book-title-group>
      <article-title>gsm-l</article-title>
    </book-title-group>
    <book-volume-number>500</book-volume-number>
  </book-meta>
  <front-matter id="ltxid1">
    <toc id="ltxid2">
      <title-group>
        <title>Contents</title>
      </title-group>
      <toc-entry specific-use="epub-opening-page">
        <title>Publisher’s Notice</title>
        <nav-pointer rid="ltxid3"/>
      </toc-entry>
      <toc-entry specific-use="chapter">
        <label>Chapter 1<x>.</x></label>
        <title>Chapter heading</title>
        <nav-pointer rid="ltxid4"/>
        <toc-entry specific-use="section">
          <label><x>§</x>1<x>.</x></label>
          <title>Section heading</title>
          <nav-pointer rid="ltxid5"/>
          <toc-entry specific-use="subsection">
            <label>1.1<x>.</x></label>
            <title>Subsection heading</title>
            <nav-pointer rid="ltxid6"/>
          </toc-entry>
        </toc-entry>
      </toc-entry>
      <toc-entry specific-use="chapter">
        <label>Appendix A<x>.</x></label>
        <title>A Numbered Appendix</title>
        <nav-pointer rid="ltxid9"/>
      </toc-entry>
      <toc-entry specific-use="chapter">
        <title>An Unnumbered Appendix</title>
        <nav-pointer rid="ltxid10"/>
      </toc-entry>
    </toc>
    <notes id="ltxid3" notes-type="publishers-note" specific-use="epub-opening-page">
      <title>Publisher’s Notice</title>
      <p>The <ext-link xlink:href="https://www.ams.org">American Mathematical Society</ext-link> has provided this ebook to you without Digital Rights Management (DRM) software applied so that you can enjoy reading it on your personal devices. This ebook is for your personal use only and must not be made publicly available in any way. You may not copy, reproduce, or upload this ebook except to read it on your personal devices.</p>
    </notes>
    <front-matter-part disp-level="1" id="ltxid4">
      <book-part-meta>
        <title-group>
          <title>Chapter heading</title>
        </title-group>
      </book-part-meta>
      <named-book-part-body>
        <label>Chapter 1</label>
        <p>hello, world</p>
        <sec disp-level="2" id="ltxid5" specific-use="section">
          <label>1<x>.</x></label>
          <title>Section heading</title>
          <sec disp-level="3" id="ltxid6" specific-use="subsection">
            <label>1.1<x>.</x></label>
            <title>Subsection heading<x>.</x></title>
          </sec>
        </sec>
      </named-book-part-body>
    </front-matter-part>
  </front-matter>
  <book-back id="ltxid7">
    <book-app-group id="ltxid8">
      <book-app disp-level="1" id="ltxid9" specific-use="chapter">
        <label>Appendix A</label>
        <title>A Numbered Appendix</title>
        <p>hello, appendix</p>
      </book-app>
      <book-app disp-level="1" id="ltxid10" specific-use="chapter">
        <label>Appendix</label>
        <title>An Unnumbered Appendix</title>
        <p>hello, other appendix</p>
      </book-app>
    </book-app-group>
  </book-back>
</book>
