table#tblrid1 { border-collapse: collapse; }
table#tblrid1 * td:nth-child(1) { border-left: double black; }
table#tblrid1 * td:nth-child(1) { padding-left: 5.0pt; }
table#tblrid1 * td:nth-child(1) { text-align: center; }
table#tblrid1 * td:nth-child(1) { padding-right: 5.0pt; }
table#tblrid1 * td:nth-child(2) { padding-left: 5.0pt; }
table#tblrid1 * td:nth-child(2) { text-align: center; }
table#tblrid1 * td:nth-child(2) { padding-right: 5.0pt; }
table#tblrid1 * td:nth-child(2) { border-right: double black; }
table#tblrid1 * td:nth-child(3) { padding-left: 5.0pt; }
table#tblrid1 * td:nth-child(3) { text-align: center; }
table#tblrid1 * td:nth-child(3) { padding-right: 5.0pt; }
table#tblrid1 * td:nth-child(3) { border-right: thin solid black; }
table#tblrid1 * td:nth-child(4) { padding-left: 5.0pt; }
table#tblrid1 * td:nth-child(4) { text-align: center; }
table#tblrid1 * td:nth-child(4) { padding-right: 5.0pt; }
table#tblrid1 * td:nth-child(4) { border-right: double black; }
table#tblrid1 TR:nth-child(1) TD:nth-child(1) { border-top: thin double black; }
table#tblrid1 TR:nth-child(1) TD:nth-child(2) { border-top: thin double black; }
table#tblrid1 TR:nth-child(1) TD:nth-child(3) { border-top: thin double black; }
table#tblrid1 TR:nth-child(1) TD:nth-child(4) { border-top: thin double black; }
table#tblrid1 TR:nth-child(1) TD:nth-child(5) { border-top: thin double black; }
table#tblrid1 TR:nth-child(1) TD:nth-child(6) { border-top: thin double black; }
table#tblrid1 TR:nth-child(1) TD:nth-child(7) { border-top: thin double black; }
table#tblrid1 TR:nth-child(1) TD:nth-child(1) { border-bottom: thin double black; }
table#tblrid1 TR:nth-child(1) TD:nth-child(2) { border-bottom: thin double black; }
table#tblrid1 TR:nth-child(2) TD:nth-child(1) { border-bottom: thin double black; }
table#tblrid1 TR:nth-child(2) TD:nth-child(2) { border-bottom: thin double black; }
table#tblrid1 TR:nth-child(2) TD:nth-child(4) { border-bottom: thin double black; }
table#tblrid1 TR:nth-child(3) TD:nth-child(1) { border-bottom: thin solid black; }
table#tblrid1 TR:nth-child(3) TD:nth-child(2) { border-bottom: thin solid black; }
table#tblrid1 TR:nth-child(3) TD:nth-child(3) { border-bottom: thin solid black; }
table#tblrid1 TR:nth-child(3) TD:nth-child(4) { border-bottom: thin solid black; }
table#tblrid1 TR:nth-child(4) TD:nth-child(1) { border-bottom: thin double black; }
table#tblrid1 TR:nth-child(4) TD:nth-child(2) { border-bottom: thin double black; }
table#tblrid1 TR:nth-child(4) TD:nth-child(3) { border-bottom: thin double black; }
table#tblrid1 TR:nth-child(4) TD:nth-child(4) { border-bottom: thin double black; }
table#tblrid1 TR:nth-child(4) TD:nth-child(5) { border-bottom: thin double black; }
table#tblrid1 TR:nth-child(4) TD:nth-child(6) { border-bottom: thin double black; }
table#tblrid1 TR:nth-child(4) TD:nth-child(7) { border-bottom: thin double black; }
table#tblrid2 { border-collapse: collapse; }
table#tblrid2 * td:nth-child(1) { border-left: thin solid black; }
table#tblrid2 * td:nth-child(1) { padding-left: 5.0pt; }
table#tblrid2 * td:nth-child(1) { text-align: center; }
table#tblrid2 * td:nth-child(1) { padding-right: 5.0pt; }
table#tblrid2 * td:nth-child(1) { border-right: thin solid black; }
table#tblrid2 * td:nth-child(2) { padding-left: 5.0pt; }
table#tblrid2 * td:nth-child(2) { text-align: center; }
table#tblrid2 * td:nth-child(2) { padding-right: 5.0pt; }
table#tblrid2 * td:nth-child(2) { border-right: thin solid black; }
table#tblrid2 * td:nth-child(3) { padding-left: 5.0pt; }
table#tblrid2 * td:nth-child(3) { text-align: center; }
table#tblrid2 * td:nth-child(3) { padding-right: 5.0pt; }
table#tblrid2 * td:nth-child(3) { border-right: thin solid black; }
table#tblrid2 * td:nth-child(4) { padding-left: 5.0pt; }
table#tblrid2 * td:nth-child(4) { text-align: center; }
table#tblrid2 * td:nth-child(4) { padding-right: 5.0pt; }
table#tblrid2 * td:nth-child(4) { border-right: thin solid black; }
table#tblrid2 * td:nth-child(5) { padding-left: 5.0pt; }
table#tblrid2 * td:nth-child(5) { text-align: center; }
table#tblrid2 * td:nth-child(5) { padding-right: 5.0pt; }
table#tblrid2 * td:nth-child(5) { border-right: thin solid black; }
table#tblrid2 TR:nth-child(1) TD:nth-child(1) { border-top: thin solid black; }
table#tblrid2 TR:nth-child(1) TD:nth-child(2) { border-bottom: thin solid black; }
table#tblrid2 TR:nth-child(2) TD:nth-child(3) { border-bottom: thin solid black; }
table#tblrid2 TR:nth-child(3) TD:nth-child(4) { border-bottom: thin double black; }
table#tblrid2 TR:nth-child(4) TD:nth-child(5) { border-bottom: thin solid black; }
