.texml-bldb { border-left: double black }
.texml-bttdb { border-top: thin double black }
.texml-pl { padding-left: 5.0pt }
.texml-pr { padding-right: 5.0pt }
.texml-tac { text-align: center }
.texml-brdb { border-right: double black }
.texml-brtsb { border-right: thin solid black }
.texml-bbtdb { border-bottom: thin double black }
.texml-bttsb { border-top: thin solid black }
.texml-bcc { border-collapse: collapse }
.texml-bltsb { border-left: thin solid black }
.texml-bbtsb { border-bottom: thin solid black }
