.texml-bltsc { border-left: thin solid currentColor }
.texml-brtsc { border-right: thin solid currentColor }
.texml-pl { padding-left: 5.0pt }
.texml-pr { padding-right: 5.0pt }
.texml-tac { text-align: center }
.texml-bttsc { border-top: thin solid currentColor }
.texml-bbtsc { border-bottom: thin solid currentColor }
.texml-bcc { border-collapse: collapse }
