<?xml version="1.0" encoding="UTF-8"?>
<!DOCTYPE article PUBLIC "-//NLM//DTD JATS (Z39.96) Journal Archiving and Interchange DTD with MathML3 v1.1d1 20130915//EN" "JATS-archivearticle1-mathml3.dtd">
<article xmlns:html="http://www.w3.org/1999/xhtml" xmlns:xlink="http://www.w3.org/1999/xlink">
  <front id="ltxid1">
    <journal-meta>
      <journal-id journal-id-type="publisher">amsart</journal-id>
    </journal-meta>
    <article-meta>
      <title-group>
        <article-title>hline</article-title>
      </title-group>
    </article-meta>
  </front>
  <body id="ltxid2">
    <sec disp-level="1" id="ltxid3" specific-use="section">
      <p>hello, world</p>
      <fig id="ltxid4">
        <label>Table 1</label> <table class="bcc" id="tblrid1"><tr class="bttsb"><td class="brtsb bltsb tac pl pr">A</td><td class="pl pr brtsb tac">B</td><td class="pl pr brtsb tac">C</td></tr><tr class="bttsb"><td class="pl pr brtsb tac bltsb">A</td><td class="pr pl tac brtsb">B</td></tr><tr class="bbtsb bttsb"><td class="pr pl tac bltsb brtsb">A</td></tr></table></fig>
      <fig id="ltxid5">
        <label>Table 2</label> <table class="bcc" id="tblrid2"><tr class="bttsb"><td class="bltsb tac brtsb pr pl">A</td><td class="pl pr brtsb tac">B</td><td class="pr pl tac brtsb">C</td></tr><tr class="bttsb"><td class="pl pr brtsb bltsb tac">A</td><td class="pl pr brtsb tac">B</td><td class="brtsb tac pl pr"/></tr><tr class="bbtsb bttsb"><td class="bltsb tac brtsb pr pl">A</td><td class="brtsb tac pl pr"/><td class="pr pl tac brtsb"/></tr></table></fig>
    </sec>
  </body>
</article>
