<?xml version="1.0" encoding="UTF-8"?>
<!DOCTYPE article PUBLIC "-//AMS TEXML//DTD MODIFIED JATS (Z39.96) Journal Archiving and Interchange DTD with MathML3 v1.3d2 20201130//EN" "texml-jats-1-3d2.dtd">
<article xmlns:xlink="http://www.w3.org/1999/xlink">
  <p>hello, world</p>
  <p>
    <ext-link xlink:href="https://math.mit.edu/~drew/rk6.html#foo?x&amp;5">TEXT</ext-link>
  </p>
</article>
