<?xml version="1.0" encoding="UTF-8"?>
<!DOCTYPE article PUBLIC "-//AMS TEXML//DTD MODIFIED JATS (Z39.96) Journal Archiving and Interchange DTD with MathML3 v1.3d2 20201130//EN" "texml-jats-1-3d2.dtd">
<article xmlns:xlink="http://www.w3.org/1999/xlink">
  <front id="ltxid1">
    <article-meta>
      <title-group>
        <article-title>LGR encoding</article-title>
      </title-group>
    </article-meta>
  </front>
  <body id="ltxid2">
    <sec disp-level="1" id="ltxid3" specific-use="section">
      <title>misc</title>
      <p>- + - = –</p>
      <p>– + - = —</p>
    </sec>
    <sec disp-level="1" id="ltxid4" specific-use="section">
      <title>diaeresis</title>
      <p>+ ι = ῗ</p>
      <p>+ υ = ῧ</p>
      <p>̈ +  = ̈</p>
      <p>̈ + ´ = ΅</p>
      <p>̈ + ` = ῭</p>
      <p>̈ + ι = ϊ</p>
      <p>̈ + υ = ϋ</p>
      <p>̈ + Ι = Ϊ</p>
      <p>̈ + Υ = ϔ</p>
    </sec>
    <sec disp-level="1" id="ltxid5" specific-use="section">
      <title>omega</title>
      <p><monospace>W</monospace> + <monospace>|</monospace> = ῼ</p>
      <p><monospace>W</monospace> + <monospace>'</monospace> = ´</p>
      <p><monospace>W</monospace> + <monospace>`</monospace> = `</p>
      <p><monospace>W</monospace> + <monospace>&lt;</monospace> = ῾</p>
      <p><monospace>W</monospace> + <monospace>&gt;</monospace> = Ω᾿</p>
      <p><monospace>W</monospace> + <monospace> </monospace> = Ω</p>
    </sec>
    <sec disp-level="1" id="ltxid6" specific-use="section">
      <title>omicron</title>
      <p><monospace>w</monospace> + <monospace>|</monospace> = ῳ</p>
      <p>ẃ: <monospace>w</monospace> + <monospace>'</monospace> = ω´</p>
      <p>ẁ: <monospace>w</monospace> + <monospace>`</monospace> = ω`</p>
      <p>ω: <monospace>w</monospace> + <monospace>&lt;</monospace> = ω῾</p>
      <p>ω: <monospace>w</monospace> + <monospace>&gt;</monospace> = ω᾿</p>
      <p>ω̃: <monospace>w</monospace> + <monospace> </monospace> = ω</p>
    </sec>
    <sec disp-level="1" id="ltxid7" specific-use="section">
      <title>wtf</title>
      <p><monospace>v</monospace> + <monospace>A</monospace> = Α</p>
    </sec>
    <sec disp-level="1" id="ltxid8" specific-use="section">
      <title>final sigma</title>
      <p>σ + . = ς.</p>
    </sec>
    <sec disp-level="1" id="ltxid9" specific-use="section">
      <title>tonos</title>
      <p><monospace>'</monospace> + <monospace>a</monospace> = ά</p>
      <p><monospace>'</monospace> + <monospace>h</monospace> = ή</p>
      <p><monospace>'</monospace> + <monospace>w</monospace> = ώ</p>
      <p><monospace>'</monospace> + <monospace>e</monospace> = έ</p>
      <p><monospace>'</monospace> + <monospace>o</monospace> = ό</p>
      <p><monospace>'</monospace> + <monospace>i</monospace> = ί</p>
      <p><monospace>'</monospace> + <monospace>u</monospace> = ύ</p>
    </sec>
    <sec disp-level="1" id="ltxid10" specific-use="section">
      <title>varia</title>
      <p><monospace>`</monospace> + <monospace>a</monospace> = ά</p>
      <p><monospace>`</monospace> + <monospace>h</monospace> = ὴ</p>
      <p><monospace>`</monospace> + <monospace>w</monospace> = ὼ</p>
      <p><monospace>`</monospace> + <monospace>e</monospace> = ὲ</p>
      <p><monospace>`</monospace> + <monospace>o</monospace> = ἔ</p>
      <p><monospace>`</monospace> + <monospace>i</monospace> = ὶ</p>
      <p><monospace>`</monospace> + <monospace>u</monospace> = ὺ</p>
    </sec>
    <sec disp-level="1" id="ltxid11" specific-use="section">
      <title>Aristophanes, <italic toggle="yes">The Birds</italic>, line 1004–1006</title>
      <verse-group>
        <p>ὀρθῳ̃ μετρήσω κανόνι προστιθείς ἲνα<break/> ὁ κύκλος γένηται σοι τετράγωνος κάν μέσῳ<break/> ἀγορά</p>
      </verse-group>
    </sec>
  </body>
</article>
