<?xml version="1.0" encoding="UTF-8"?>
<!DOCTYPE article PUBLIC "-//AMS TEXML//DTD MODIFIED JATS (Z39.96) Journal Archiving and Interchange DTD with MathML3 v1.3d2 20201130//EN" "texml-jats-1-3d2.dtd">
<article xmlns:xlink="http://www.w3.org/1999/xlink">
  <fig id="ltxid1" position="anchor" specific-use="figure">
    <table class="texml-bcc" id="tblrid1">
      <tr>
        <td class="texml-pl texml-pr texml-tal"/>
        <td class="texml-pl texml-pr texml-tar"/>
        <td class="texml-pl texml-pr texml-tar">cat</td>
        <td class="texml-pl texml-pr texml-tar">lc</td>
        <td class="texml-pl texml-pr texml-tar">uc</td>
        <td class="texml-pl texml-pr texml-tar">sf</td>
        <td class="texml-pl texml-pr texml-tar">mc</td>
        <td class="texml-pl texml-pr texml-tar">dc</td>
      </tr>
      <tr>
        <td class="texml-pl texml-pr texml-tal"> <monospace>"20</monospace></td>
        <td class="texml-pl texml-pr texml-tar">
          <monospace>␣</monospace>
        </td>
        <td class="texml-pl texml-pr texml-tar">10</td>
        <td class="texml-pl texml-pr texml-tar">
          <monospace>"00</monospace>
        </td>
        <td class="texml-pl texml-pr texml-tar">
          <monospace>"00</monospace>
        </td>
        <td class="texml-pl texml-pr texml-tar">1000</td>
        <td class="texml-pl texml-pr texml-tar"> <monospace>"8000</monospace></td>
        <td class="texml-pl texml-pr texml-tar">-1</td>
      </tr>
      <tr>
        <td class="texml-pl texml-pr texml-tal"> <monospace>"21</monospace></td>
        <td class="texml-pl texml-pr texml-tar">
          <monospace>!</monospace>
        </td>
        <td class="texml-pl texml-pr texml-tar">12</td>
        <td class="texml-pl texml-pr texml-tar">
          <monospace>"00</monospace>
        </td>
        <td class="texml-pl texml-pr texml-tar">
          <monospace>"00</monospace>
        </td>
        <td class="texml-pl texml-pr texml-tar">3000</td>
        <td class="texml-pl texml-pr texml-tar"> <monospace>"21</monospace></td>
        <td class="texml-pl texml-pr texml-tar">-1</td>
      </tr>
      <tr>
        <td class="texml-pl texml-pr texml-tal"> <monospace>"22</monospace></td>
        <td class="texml-pl texml-pr texml-tar">
          <monospace>"</monospace>
        </td>
        <td class="texml-pl texml-pr texml-tar">12</td>
        <td class="texml-pl texml-pr texml-tar">
          <monospace>"00</monospace>
        </td>
        <td class="texml-pl texml-pr texml-tar">
          <monospace>"00</monospace>
        </td>
        <td class="texml-pl texml-pr texml-tar">1000</td>
        <td class="texml-pl texml-pr texml-tar"> <monospace>"22</monospace></td>
        <td class="texml-pl texml-pr texml-tar">-1</td>
      </tr>
      <tr>
        <td class="texml-pl texml-pr texml-tal"> <monospace>"23</monospace></td>
        <td class="texml-pl texml-pr texml-tar">
          <monospace>#</monospace>
        </td>
        <td class="texml-pl texml-pr texml-tar">6</td>
        <td class="texml-pl texml-pr texml-tar">
          <monospace>"00</monospace>
        </td>
        <td class="texml-pl texml-pr texml-tar">
          <monospace>"00</monospace>
        </td>
        <td class="texml-pl texml-pr texml-tar">1000</td>
        <td class="texml-pl texml-pr texml-tar"> <monospace>"23</monospace></td>
        <td class="texml-pl texml-pr texml-tar">-1</td>
      </tr>
      <tr>
        <td class="texml-pl texml-pr texml-tal"> <monospace>"24</monospace></td>
        <td class="texml-pl texml-pr texml-tar">
          <monospace>$</monospace>
        </td>
        <td class="texml-pl texml-pr texml-tar">3</td>
        <td class="texml-pl texml-pr texml-tar">
          <monospace>"00</monospace>
        </td>
        <td class="texml-pl texml-pr texml-tar">
          <monospace>"00</monospace>
        </td>
        <td class="texml-pl texml-pr texml-tar">1000</td>
        <td class="texml-pl texml-pr texml-tar"> <monospace>"24</monospace></td>
        <td class="texml-pl texml-pr texml-tar">-1</td>
      </tr>
      <tr>
        <td class="texml-pl texml-pr texml-tal"> <monospace>"25</monospace></td>
        <td class="texml-pl texml-pr texml-tar">
          <monospace>%</monospace>
        </td>
        <td class="texml-pl texml-pr texml-tar">14</td>
        <td class="texml-pl texml-pr texml-tar">
          <monospace>"00</monospace>
        </td>
        <td class="texml-pl texml-pr texml-tar">
          <monospace>"00</monospace>
        </td>
        <td class="texml-pl texml-pr texml-tar">1000</td>
        <td class="texml-pl texml-pr texml-tar"> <monospace>"25</monospace></td>
        <td class="texml-pl texml-pr texml-tar">-1</td>
      </tr>
      <tr>
        <td class="texml-pl texml-pr texml-tal"> <monospace>"26</monospace></td>
        <td class="texml-pl texml-pr texml-tar">
          <monospace>&amp;</monospace>
        </td>
        <td class="texml-pl texml-pr texml-tar">4</td>
        <td class="texml-pl texml-pr texml-tar">
          <monospace>"00</monospace>
        </td>
        <td class="texml-pl texml-pr texml-tar">
          <monospace>"00</monospace>
        </td>
        <td class="texml-pl texml-pr texml-tar">1000</td>
        <td class="texml-pl texml-pr texml-tar"> <monospace>"26</monospace></td>
        <td class="texml-pl texml-pr texml-tar">-1</td>
      </tr>
      <tr>
        <td class="texml-pl texml-pr texml-tal"> <monospace>"27</monospace></td>
        <td class="texml-pl texml-pr texml-tar">
          <monospace>'</monospace>
        </td>
        <td class="texml-pl texml-pr texml-tar">12</td>
        <td class="texml-pl texml-pr texml-tar">
          <monospace>"00</monospace>
        </td>
        <td class="texml-pl texml-pr texml-tar">
          <monospace>"00</monospace>
        </td>
        <td class="texml-pl texml-pr texml-tar">0</td>
        <td class="texml-pl texml-pr texml-tar"> <monospace>"8000</monospace></td>
        <td class="texml-pl texml-pr texml-tar">-1</td>
      </tr>
      <tr>
        <td class="texml-pl texml-pr texml-tal"> <monospace>"28</monospace></td>
        <td class="texml-pl texml-pr texml-tar">
          <monospace>(</monospace>
        </td>
        <td class="texml-pl texml-pr texml-tar">12</td>
        <td class="texml-pl texml-pr texml-tar">
          <monospace>"00</monospace>
        </td>
        <td class="texml-pl texml-pr texml-tar">
          <monospace>"00</monospace>
        </td>
        <td class="texml-pl texml-pr texml-tar">1000</td>
        <td class="texml-pl texml-pr texml-tar"> <monospace>"28</monospace></td>
        <td class="texml-pl texml-pr texml-tar">-1</td>
      </tr>
      <tr>
        <td class="texml-pl texml-pr texml-tal"> <monospace>"29</monospace></td>
        <td class="texml-pl texml-pr texml-tar">
          <monospace>)</monospace>
        </td>
        <td class="texml-pl texml-pr texml-tar">12</td>
        <td class="texml-pl texml-pr texml-tar">
          <monospace>"00</monospace>
        </td>
        <td class="texml-pl texml-pr texml-tar">
          <monospace>"00</monospace>
        </td>
        <td class="texml-pl texml-pr texml-tar">0</td>
        <td class="texml-pl texml-pr texml-tar"> <monospace>"29</monospace></td>
        <td class="texml-pl texml-pr texml-tar">-1</td>
      </tr>
      <tr>
        <td class="texml-pl texml-pr texml-tal"> <monospace>"2A</monospace></td>
        <td class="texml-pl texml-pr texml-tar">
          <monospace>*</monospace>
        </td>
        <td class="texml-pl texml-pr texml-tar">12</td>
        <td class="texml-pl texml-pr texml-tar">
          <monospace>"00</monospace>
        </td>
        <td class="texml-pl texml-pr texml-tar">
          <monospace>"00</monospace>
        </td>
        <td class="texml-pl texml-pr texml-tar">1000</td>
        <td class="texml-pl texml-pr texml-tar"> <monospace>"2A</monospace></td>
        <td class="texml-pl texml-pr texml-tar">-1</td>
      </tr>
      <tr>
        <td class="texml-pl texml-pr texml-tal"> <monospace>"2B</monospace></td>
        <td class="texml-pl texml-pr texml-tar">
          <monospace>+</monospace>
        </td>
        <td class="texml-pl texml-pr texml-tar">12</td>
        <td class="texml-pl texml-pr texml-tar">
          <monospace>"00</monospace>
        </td>
        <td class="texml-pl texml-pr texml-tar">
          <monospace>"00</monospace>
        </td>
        <td class="texml-pl texml-pr texml-tar">1000</td>
        <td class="texml-pl texml-pr texml-tar"> <monospace>"2B</monospace></td>
        <td class="texml-pl texml-pr texml-tar">-1</td>
      </tr>
      <tr>
        <td class="texml-pl texml-pr texml-tal"> <monospace>"2C</monospace></td>
        <td class="texml-pl texml-pr texml-tar">
          <monospace>,</monospace>
        </td>
        <td class="texml-pl texml-pr texml-tar">12</td>
        <td class="texml-pl texml-pr texml-tar">
          <monospace>"00</monospace>
        </td>
        <td class="texml-pl texml-pr texml-tar">
          <monospace>"00</monospace>
        </td>
        <td class="texml-pl texml-pr texml-tar">1250</td>
        <td class="texml-pl texml-pr texml-tar"> <monospace>"2C</monospace></td>
        <td class="texml-pl texml-pr texml-tar">-1</td>
      </tr>
      <tr>
        <td class="texml-pl texml-pr texml-tal"> <monospace>"2D</monospace></td>
        <td class="texml-pl texml-pr texml-tar">
          <monospace>-</monospace>
        </td>
        <td class="texml-pl texml-pr texml-tar">12</td>
        <td class="texml-pl texml-pr texml-tar">
          <monospace>"00</monospace>
        </td>
        <td class="texml-pl texml-pr texml-tar">
          <monospace>"00</monospace>
        </td>
        <td class="texml-pl texml-pr texml-tar">1000</td>
        <td class="texml-pl texml-pr texml-tar"> <monospace>"2D</monospace></td>
        <td class="texml-pl texml-pr texml-tar">-1</td>
      </tr>
      <tr>
        <td class="texml-pl texml-pr texml-tal"> <monospace>"2E</monospace></td>
        <td class="texml-pl texml-pr texml-tar">
          <monospace>.</monospace>
        </td>
        <td class="texml-pl texml-pr texml-tar">12</td>
        <td class="texml-pl texml-pr texml-tar">
          <monospace>"00</monospace>
        </td>
        <td class="texml-pl texml-pr texml-tar">
          <monospace>"00</monospace>
        </td>
        <td class="texml-pl texml-pr texml-tar">3000</td>
        <td class="texml-pl texml-pr texml-tar"> <monospace>"2E</monospace></td>
        <td class="texml-pl texml-pr texml-tar">
          <monospace>"00</monospace>
        </td>
      </tr>
      <tr>
        <td class="texml-pl texml-pr texml-tal"> <monospace>"2F</monospace></td>
        <td class="texml-pl texml-pr texml-tar">
          <monospace>/</monospace>
        </td>
        <td class="texml-pl texml-pr texml-tar">12</td>
        <td class="texml-pl texml-pr texml-tar">
          <monospace>"00</monospace>
        </td>
        <td class="texml-pl texml-pr texml-tar">
          <monospace>"00</monospace>
        </td>
        <td class="texml-pl texml-pr texml-tar">1000</td>
        <td class="texml-pl texml-pr texml-tar"> <monospace>"2F</monospace></td>
        <td class="texml-pl texml-pr texml-tar">-1</td>
      </tr>
      <tr>
        <td class="texml-pl texml-pr texml-tal"> <monospace>"30</monospace></td>
        <td class="texml-pl texml-pr texml-tar">
          <monospace>0</monospace>
        </td>
        <td class="texml-pl texml-pr texml-tar">12</td>
        <td class="texml-pl texml-pr texml-tar">
          <monospace>"00</monospace>
        </td>
        <td class="texml-pl texml-pr texml-tar">
          <monospace>"00</monospace>
        </td>
        <td class="texml-pl texml-pr texml-tar">1000</td>
        <td class="texml-pl texml-pr texml-tar"> <monospace>"7030</monospace></td>
        <td class="texml-pl texml-pr texml-tar">-1</td>
      </tr>
      <tr>
        <td class="texml-pl texml-pr texml-tal"> <monospace>"31</monospace></td>
        <td class="texml-pl texml-pr texml-tar">
          <monospace>1</monospace>
        </td>
        <td class="texml-pl texml-pr texml-tar">12</td>
        <td class="texml-pl texml-pr texml-tar">
          <monospace>"00</monospace>
        </td>
        <td class="texml-pl texml-pr texml-tar">
          <monospace>"00</monospace>
        </td>
        <td class="texml-pl texml-pr texml-tar">1000</td>
        <td class="texml-pl texml-pr texml-tar"> <monospace>"7031</monospace></td>
        <td class="texml-pl texml-pr texml-tar">-1</td>
      </tr>
      <tr>
        <td class="texml-pl texml-pr texml-tal"> <monospace>"32</monospace></td>
        <td class="texml-pl texml-pr texml-tar">
          <monospace>2</monospace>
        </td>
        <td class="texml-pl texml-pr texml-tar">12</td>
        <td class="texml-pl texml-pr texml-tar">
          <monospace>"00</monospace>
        </td>
        <td class="texml-pl texml-pr texml-tar">
          <monospace>"00</monospace>
        </td>
        <td class="texml-pl texml-pr texml-tar">1000</td>
        <td class="texml-pl texml-pr texml-tar"> <monospace>"7032</monospace></td>
        <td class="texml-pl texml-pr texml-tar">-1</td>
      </tr>
      <tr>
        <td class="texml-pl texml-pr texml-tal"> <monospace>"33</monospace></td>
        <td class="texml-pl texml-pr texml-tar">
          <monospace>3</monospace>
        </td>
        <td class="texml-pl texml-pr texml-tar">12</td>
        <td class="texml-pl texml-pr texml-tar">
          <monospace>"00</monospace>
        </td>
        <td class="texml-pl texml-pr texml-tar">
          <monospace>"00</monospace>
        </td>
        <td class="texml-pl texml-pr texml-tar">1000</td>
        <td class="texml-pl texml-pr texml-tar"> <monospace>"7033</monospace></td>
        <td class="texml-pl texml-pr texml-tar">-1</td>
      </tr>
      <tr>
        <td class="texml-pl texml-pr texml-tal"> <monospace>"34</monospace></td>
        <td class="texml-pl texml-pr texml-tar">
          <monospace>4</monospace>
        </td>
        <td class="texml-pl texml-pr texml-tar">12</td>
        <td class="texml-pl texml-pr texml-tar">
          <monospace>"00</monospace>
        </td>
        <td class="texml-pl texml-pr texml-tar">
          <monospace>"00</monospace>
        </td>
        <td class="texml-pl texml-pr texml-tar">1000</td>
        <td class="texml-pl texml-pr texml-tar"> <monospace>"7034</monospace></td>
        <td class="texml-pl texml-pr texml-tar">-1</td>
      </tr>
      <tr>
        <td class="texml-pl texml-pr texml-tal"> <monospace>"35</monospace></td>
        <td class="texml-pl texml-pr texml-tar">
          <monospace>5</monospace>
        </td>
        <td class="texml-pl texml-pr texml-tar">12</td>
        <td class="texml-pl texml-pr texml-tar">
          <monospace>"00</monospace>
        </td>
        <td class="texml-pl texml-pr texml-tar">
          <monospace>"00</monospace>
        </td>
        <td class="texml-pl texml-pr texml-tar">1000</td>
        <td class="texml-pl texml-pr texml-tar"> <monospace>"7035</monospace></td>
        <td class="texml-pl texml-pr texml-tar">-1</td>
      </tr>
      <tr>
        <td class="texml-pl texml-pr texml-tal"> <monospace>"36</monospace></td>
        <td class="texml-pl texml-pr texml-tar">
          <monospace>6</monospace>
        </td>
        <td class="texml-pl texml-pr texml-tar">12</td>
        <td class="texml-pl texml-pr texml-tar">
          <monospace>"00</monospace>
        </td>
        <td class="texml-pl texml-pr texml-tar">
          <monospace>"00</monospace>
        </td>
        <td class="texml-pl texml-pr texml-tar">1000</td>
        <td class="texml-pl texml-pr texml-tar"> <monospace>"7036</monospace></td>
        <td class="texml-pl texml-pr texml-tar">-1</td>
      </tr>
      <tr>
        <td class="texml-pl texml-pr texml-tal"> <monospace>"37</monospace></td>
        <td class="texml-pl texml-pr texml-tar">
          <monospace>7</monospace>
        </td>
        <td class="texml-pl texml-pr texml-tar">12</td>
        <td class="texml-pl texml-pr texml-tar">
          <monospace>"00</monospace>
        </td>
        <td class="texml-pl texml-pr texml-tar">
          <monospace>"00</monospace>
        </td>
        <td class="texml-pl texml-pr texml-tar">1000</td>
        <td class="texml-pl texml-pr texml-tar"> <monospace>"7037</monospace></td>
        <td class="texml-pl texml-pr texml-tar">-1</td>
      </tr>
      <tr>
        <td class="texml-pl texml-pr texml-tal"> <monospace>"38</monospace></td>
        <td class="texml-pl texml-pr texml-tar">
          <monospace>8</monospace>
        </td>
        <td class="texml-pl texml-pr texml-tar">12</td>
        <td class="texml-pl texml-pr texml-tar">
          <monospace>"00</monospace>
        </td>
        <td class="texml-pl texml-pr texml-tar">
          <monospace>"00</monospace>
        </td>
        <td class="texml-pl texml-pr texml-tar">1000</td>
        <td class="texml-pl texml-pr texml-tar"> <monospace>"7038</monospace></td>
        <td class="texml-pl texml-pr texml-tar">-1</td>
      </tr>
      <tr>
        <td class="texml-pl texml-pr texml-tal"> <monospace>"39</monospace></td>
        <td class="texml-pl texml-pr texml-tar">
          <monospace>9</monospace>
        </td>
        <td class="texml-pl texml-pr texml-tar">12</td>
        <td class="texml-pl texml-pr texml-tar">
          <monospace>"00</monospace>
        </td>
        <td class="texml-pl texml-pr texml-tar">
          <monospace>"00</monospace>
        </td>
        <td class="texml-pl texml-pr texml-tar">1000</td>
        <td class="texml-pl texml-pr texml-tar"> <monospace>"7039</monospace></td>
        <td class="texml-pl texml-pr texml-tar">-1</td>
      </tr>
      <tr>
        <td class="texml-pl texml-pr texml-tal"> <monospace>"3A</monospace></td>
        <td class="texml-pl texml-pr texml-tar">
          <monospace>:</monospace>
        </td>
        <td class="texml-pl texml-pr texml-tar">12</td>
        <td class="texml-pl texml-pr texml-tar">
          <monospace>"00</monospace>
        </td>
        <td class="texml-pl texml-pr texml-tar">
          <monospace>"00</monospace>
        </td>
        <td class="texml-pl texml-pr texml-tar">2000</td>
        <td class="texml-pl texml-pr texml-tar"> <monospace>"3A</monospace></td>
        <td class="texml-pl texml-pr texml-tar">-1</td>
      </tr>
      <tr>
        <td class="texml-pl texml-pr texml-tal"> <monospace>"3B</monospace></td>
        <td class="texml-pl texml-pr texml-tar">
          <monospace>;</monospace>
        </td>
        <td class="texml-pl texml-pr texml-tar">12</td>
        <td class="texml-pl texml-pr texml-tar">
          <monospace>"00</monospace>
        </td>
        <td class="texml-pl texml-pr texml-tar">
          <monospace>"00</monospace>
        </td>
        <td class="texml-pl texml-pr texml-tar">1500</td>
        <td class="texml-pl texml-pr texml-tar"> <monospace>"3B</monospace></td>
        <td class="texml-pl texml-pr texml-tar">-1</td>
      </tr>
      <tr>
        <td class="texml-pl texml-pr texml-tal"> <monospace>"3C</monospace></td>
        <td class="texml-pl texml-pr texml-tar">
          <monospace>&lt;</monospace>
        </td>
        <td class="texml-pl texml-pr texml-tar">12</td>
        <td class="texml-pl texml-pr texml-tar">
          <monospace>"00</monospace>
        </td>
        <td class="texml-pl texml-pr texml-tar">
          <monospace>"00</monospace>
        </td>
        <td class="texml-pl texml-pr texml-tar">1000</td>
        <td class="texml-pl texml-pr texml-tar"> <monospace>"3C</monospace></td>
        <td class="texml-pl texml-pr texml-tar">-1</td>
      </tr>
      <tr>
        <td class="texml-pl texml-pr texml-tal"> <monospace>"3D</monospace></td>
        <td class="texml-pl texml-pr texml-tar">
          <monospace>=</monospace>
        </td>
        <td class="texml-pl texml-pr texml-tar">12</td>
        <td class="texml-pl texml-pr texml-tar">
          <monospace>"00</monospace>
        </td>
        <td class="texml-pl texml-pr texml-tar">
          <monospace>"00</monospace>
        </td>
        <td class="texml-pl texml-pr texml-tar">1000</td>
        <td class="texml-pl texml-pr texml-tar"> <monospace>"3D</monospace></td>
        <td class="texml-pl texml-pr texml-tar">-1</td>
      </tr>
      <tr>
        <td class="texml-pl texml-pr texml-tal"> <monospace>"3E</monospace></td>
        <td class="texml-pl texml-pr texml-tar">
          <monospace>&gt;</monospace>
        </td>
        <td class="texml-pl texml-pr texml-tar">12</td>
        <td class="texml-pl texml-pr texml-tar">
          <monospace>"00</monospace>
        </td>
        <td class="texml-pl texml-pr texml-tar">
          <monospace>"00</monospace>
        </td>
        <td class="texml-pl texml-pr texml-tar">1000</td>
        <td class="texml-pl texml-pr texml-tar"> <monospace>"3E</monospace></td>
        <td class="texml-pl texml-pr texml-tar">-1</td>
      </tr>
      <tr>
        <td class="texml-pl texml-pr texml-tal"> <monospace>"3F</monospace></td>
        <td class="texml-pl texml-pr texml-tar">
          <monospace>?</monospace>
        </td>
        <td class="texml-pl texml-pr texml-tar">12</td>
        <td class="texml-pl texml-pr texml-tar">
          <monospace>"00</monospace>
        </td>
        <td class="texml-pl texml-pr texml-tar">
          <monospace>"00</monospace>
        </td>
        <td class="texml-pl texml-pr texml-tar">3000</td>
        <td class="texml-pl texml-pr texml-tar"> <monospace>"3F</monospace></td>
        <td class="texml-pl texml-pr texml-tar">-1</td>
      </tr>
      <tr>
        <td class="texml-pl texml-pr texml-tal"> <monospace>"40</monospace></td>
        <td class="texml-pl texml-pr texml-tar">
          <monospace>@</monospace>
        </td>
        <td class="texml-pl texml-pr texml-tar">12</td>
        <td class="texml-pl texml-pr texml-tar">
          <monospace>"00</monospace>
        </td>
        <td class="texml-pl texml-pr texml-tar">
          <monospace>"00</monospace>
        </td>
        <td class="texml-pl texml-pr texml-tar">1000</td>
        <td class="texml-pl texml-pr texml-tar"> <monospace>"40</monospace></td>
        <td class="texml-pl texml-pr texml-tar">-1</td>
      </tr>
      <tr>
        <td class="texml-pl texml-pr texml-tal"> <monospace>"41</monospace></td>
        <td class="texml-pl texml-pr texml-tar">
          <monospace>A</monospace>
        </td>
        <td class="texml-pl texml-pr texml-tar">11</td>
        <td class="texml-pl texml-pr texml-tar"> <monospace>"61</monospace></td>
        <td class="texml-pl texml-pr texml-tar"> <monospace>"41</monospace></td>
        <td class="texml-pl texml-pr texml-tar">999</td>
        <td class="texml-pl texml-pr texml-tar"> <monospace>"7141</monospace></td>
        <td class="texml-pl texml-pr texml-tar">-1</td>
      </tr>
      <tr>
        <td class="texml-pl texml-pr texml-tal"> <monospace>"42</monospace></td>
        <td class="texml-pl texml-pr texml-tar">
          <monospace>B</monospace>
        </td>
        <td class="texml-pl texml-pr texml-tar">11</td>
        <td class="texml-pl texml-pr texml-tar"> <monospace>"62</monospace></td>
        <td class="texml-pl texml-pr texml-tar"> <monospace>"42</monospace></td>
        <td class="texml-pl texml-pr texml-tar">999</td>
        <td class="texml-pl texml-pr texml-tar"> <monospace>"7142</monospace></td>
        <td class="texml-pl texml-pr texml-tar">-1</td>
      </tr>
      <tr>
        <td class="texml-pl texml-pr texml-tal"> <monospace>"43</monospace></td>
        <td class="texml-pl texml-pr texml-tar">
          <monospace>C</monospace>
        </td>
        <td class="texml-pl texml-pr texml-tar">11</td>
        <td class="texml-pl texml-pr texml-tar"> <monospace>"63</monospace></td>
        <td class="texml-pl texml-pr texml-tar"> <monospace>"43</monospace></td>
        <td class="texml-pl texml-pr texml-tar">999</td>
        <td class="texml-pl texml-pr texml-tar"> <monospace>"7143</monospace></td>
        <td class="texml-pl texml-pr texml-tar">-1</td>
      </tr>
      <tr>
        <td class="texml-pl texml-pr texml-tal"> <monospace>"44</monospace></td>
        <td class="texml-pl texml-pr texml-tar">
          <monospace>D</monospace>
        </td>
        <td class="texml-pl texml-pr texml-tar">11</td>
        <td class="texml-pl texml-pr texml-tar"> <monospace>"64</monospace></td>
        <td class="texml-pl texml-pr texml-tar"> <monospace>"44</monospace></td>
        <td class="texml-pl texml-pr texml-tar">999</td>
        <td class="texml-pl texml-pr texml-tar"> <monospace>"7144</monospace></td>
        <td class="texml-pl texml-pr texml-tar">-1</td>
      </tr>
      <tr>
        <td class="texml-pl texml-pr texml-tal"> <monospace>"45</monospace></td>
        <td class="texml-pl texml-pr texml-tar">
          <monospace>E</monospace>
        </td>
        <td class="texml-pl texml-pr texml-tar">11</td>
        <td class="texml-pl texml-pr texml-tar"> <monospace>"65</monospace></td>
        <td class="texml-pl texml-pr texml-tar"> <monospace>"45</monospace></td>
        <td class="texml-pl texml-pr texml-tar">999</td>
        <td class="texml-pl texml-pr texml-tar"> <monospace>"7145</monospace></td>
        <td class="texml-pl texml-pr texml-tar">-1</td>
      </tr>
      <tr>
        <td class="texml-pl texml-pr texml-tal"> <monospace>"46</monospace></td>
        <td class="texml-pl texml-pr texml-tar">
          <monospace>F</monospace>
        </td>
        <td class="texml-pl texml-pr texml-tar">11</td>
        <td class="texml-pl texml-pr texml-tar"> <monospace>"66</monospace></td>
        <td class="texml-pl texml-pr texml-tar"> <monospace>"46</monospace></td>
        <td class="texml-pl texml-pr texml-tar">999</td>
        <td class="texml-pl texml-pr texml-tar"> <monospace>"7146</monospace></td>
        <td class="texml-pl texml-pr texml-tar">-1</td>
      </tr>
      <tr>
        <td class="texml-pl texml-pr texml-tal"> <monospace>"47</monospace></td>
        <td class="texml-pl texml-pr texml-tar">
          <monospace>G</monospace>
        </td>
        <td class="texml-pl texml-pr texml-tar">11</td>
        <td class="texml-pl texml-pr texml-tar"> <monospace>"67</monospace></td>
        <td class="texml-pl texml-pr texml-tar"> <monospace>"47</monospace></td>
        <td class="texml-pl texml-pr texml-tar">999</td>
        <td class="texml-pl texml-pr texml-tar"> <monospace>"7147</monospace></td>
        <td class="texml-pl texml-pr texml-tar">-1</td>
      </tr>
      <tr>
        <td class="texml-pl texml-pr texml-tal"> <monospace>"48</monospace></td>
        <td class="texml-pl texml-pr texml-tar">
          <monospace>H</monospace>
        </td>
        <td class="texml-pl texml-pr texml-tar">11</td>
        <td class="texml-pl texml-pr texml-tar"> <monospace>"68</monospace></td>
        <td class="texml-pl texml-pr texml-tar"> <monospace>"48</monospace></td>
        <td class="texml-pl texml-pr texml-tar">999</td>
        <td class="texml-pl texml-pr texml-tar"> <monospace>"7148</monospace></td>
        <td class="texml-pl texml-pr texml-tar">-1</td>
      </tr>
      <tr>
        <td class="texml-pl texml-pr texml-tal"> <monospace>"49</monospace></td>
        <td class="texml-pl texml-pr texml-tar">
          <monospace>I</monospace>
        </td>
        <td class="texml-pl texml-pr texml-tar">11</td>
        <td class="texml-pl texml-pr texml-tar"> <monospace>"69</monospace></td>
        <td class="texml-pl texml-pr texml-tar"> <monospace>"49</monospace></td>
        <td class="texml-pl texml-pr texml-tar">999</td>
        <td class="texml-pl texml-pr texml-tar"> <monospace>"7149</monospace></td>
        <td class="texml-pl texml-pr texml-tar">-1</td>
      </tr>
      <tr>
        <td class="texml-pl texml-pr texml-tal"> <monospace>"4A</monospace></td>
        <td class="texml-pl texml-pr texml-tar">
          <monospace>J</monospace>
        </td>
        <td class="texml-pl texml-pr texml-tar">11</td>
        <td class="texml-pl texml-pr texml-tar"> <monospace>"6A</monospace></td>
        <td class="texml-pl texml-pr texml-tar"> <monospace>"4A</monospace></td>
        <td class="texml-pl texml-pr texml-tar">999</td>
        <td class="texml-pl texml-pr texml-tar"> <monospace>"714A</monospace></td>
        <td class="texml-pl texml-pr texml-tar">-1</td>
      </tr>
      <tr>
        <td class="texml-pl texml-pr texml-tal"> <monospace>"4B</monospace></td>
        <td class="texml-pl texml-pr texml-tar">
          <monospace>K</monospace>
        </td>
        <td class="texml-pl texml-pr texml-tar">11</td>
        <td class="texml-pl texml-pr texml-tar"> <monospace>"6B</monospace></td>
        <td class="texml-pl texml-pr texml-tar"> <monospace>"4B</monospace></td>
        <td class="texml-pl texml-pr texml-tar">999</td>
        <td class="texml-pl texml-pr texml-tar"> <monospace>"714B</monospace></td>
        <td class="texml-pl texml-pr texml-tar">-1</td>
      </tr>
      <tr>
        <td class="texml-pl texml-pr texml-tal"> <monospace>"4C</monospace></td>
        <td class="texml-pl texml-pr texml-tar">
          <monospace>L</monospace>
        </td>
        <td class="texml-pl texml-pr texml-tar">11</td>
        <td class="texml-pl texml-pr texml-tar"> <monospace>"6C</monospace></td>
        <td class="texml-pl texml-pr texml-tar"> <monospace>"4C</monospace></td>
        <td class="texml-pl texml-pr texml-tar">999</td>
        <td class="texml-pl texml-pr texml-tar"> <monospace>"714C</monospace></td>
        <td class="texml-pl texml-pr texml-tar">-1</td>
      </tr>
      <tr>
        <td class="texml-pl texml-pr texml-tal"> <monospace>"4D</monospace></td>
        <td class="texml-pl texml-pr texml-tar">
          <monospace>M</monospace>
        </td>
        <td class="texml-pl texml-pr texml-tar">11</td>
        <td class="texml-pl texml-pr texml-tar"> <monospace>"6D</monospace></td>
        <td class="texml-pl texml-pr texml-tar"> <monospace>"4D</monospace></td>
        <td class="texml-pl texml-pr texml-tar">999</td>
        <td class="texml-pl texml-pr texml-tar"> <monospace>"714D</monospace></td>
        <td class="texml-pl texml-pr texml-tar">-1</td>
      </tr>
      <tr>
        <td class="texml-pl texml-pr texml-tal"> <monospace>"4E</monospace></td>
        <td class="texml-pl texml-pr texml-tar">
          <monospace>N</monospace>
        </td>
        <td class="texml-pl texml-pr texml-tar">11</td>
        <td class="texml-pl texml-pr texml-tar"> <monospace>"6E</monospace></td>
        <td class="texml-pl texml-pr texml-tar"> <monospace>"4E</monospace></td>
        <td class="texml-pl texml-pr texml-tar">999</td>
        <td class="texml-pl texml-pr texml-tar"> <monospace>"714E</monospace></td>
        <td class="texml-pl texml-pr texml-tar">-1</td>
      </tr>
      <tr>
        <td class="texml-pl texml-pr texml-tal"> <monospace>"4F</monospace></td>
        <td class="texml-pl texml-pr texml-tar">
          <monospace>O</monospace>
        </td>
        <td class="texml-pl texml-pr texml-tar">11</td>
        <td class="texml-pl texml-pr texml-tar"> <monospace>"6F</monospace></td>
        <td class="texml-pl texml-pr texml-tar"> <monospace>"4F</monospace></td>
        <td class="texml-pl texml-pr texml-tar">999</td>
        <td class="texml-pl texml-pr texml-tar"> <monospace>"714F</monospace></td>
        <td class="texml-pl texml-pr texml-tar">-1</td>
      </tr>
      <tr>
        <td class="texml-pl texml-pr texml-tal"> <monospace>"50</monospace></td>
        <td class="texml-pl texml-pr texml-tar">
          <monospace>P</monospace>
        </td>
        <td class="texml-pl texml-pr texml-tar">11</td>
        <td class="texml-pl texml-pr texml-tar"> <monospace>"70</monospace></td>
        <td class="texml-pl texml-pr texml-tar"> <monospace>"50</monospace></td>
        <td class="texml-pl texml-pr texml-tar">999</td>
        <td class="texml-pl texml-pr texml-tar"> <monospace>"7150</monospace></td>
        <td class="texml-pl texml-pr texml-tar">-1</td>
      </tr>
      <tr>
        <td class="texml-pl texml-pr texml-tal"> <monospace>"51</monospace></td>
        <td class="texml-pl texml-pr texml-tar">
          <monospace>Q</monospace>
        </td>
        <td class="texml-pl texml-pr texml-tar">11</td>
        <td class="texml-pl texml-pr texml-tar"> <monospace>"71</monospace></td>
        <td class="texml-pl texml-pr texml-tar"> <monospace>"51</monospace></td>
        <td class="texml-pl texml-pr texml-tar">999</td>
        <td class="texml-pl texml-pr texml-tar"> <monospace>"7151</monospace></td>
        <td class="texml-pl texml-pr texml-tar">-1</td>
      </tr>
      <tr>
        <td class="texml-pl texml-pr texml-tal"> <monospace>"52</monospace></td>
        <td class="texml-pl texml-pr texml-tar">
          <monospace>R</monospace>
        </td>
        <td class="texml-pl texml-pr texml-tar">11</td>
        <td class="texml-pl texml-pr texml-tar"> <monospace>"72</monospace></td>
        <td class="texml-pl texml-pr texml-tar"> <monospace>"52</monospace></td>
        <td class="texml-pl texml-pr texml-tar">999</td>
        <td class="texml-pl texml-pr texml-tar"> <monospace>"7152</monospace></td>
        <td class="texml-pl texml-pr texml-tar">-1</td>
      </tr>
      <tr>
        <td class="texml-pl texml-pr texml-tal"> <monospace>"53</monospace></td>
        <td class="texml-pl texml-pr texml-tar">
          <monospace>S</monospace>
        </td>
        <td class="texml-pl texml-pr texml-tar">11</td>
        <td class="texml-pl texml-pr texml-tar"> <monospace>"73</monospace></td>
        <td class="texml-pl texml-pr texml-tar"> <monospace>"53</monospace></td>
        <td class="texml-pl texml-pr texml-tar">999</td>
        <td class="texml-pl texml-pr texml-tar"> <monospace>"7153</monospace></td>
        <td class="texml-pl texml-pr texml-tar">-1</td>
      </tr>
      <tr>
        <td class="texml-pl texml-pr texml-tal"> <monospace>"54</monospace></td>
        <td class="texml-pl texml-pr texml-tar">
          <monospace>T</monospace>
        </td>
        <td class="texml-pl texml-pr texml-tar">11</td>
        <td class="texml-pl texml-pr texml-tar"> <monospace>"74</monospace></td>
        <td class="texml-pl texml-pr texml-tar"> <monospace>"54</monospace></td>
        <td class="texml-pl texml-pr texml-tar">999</td>
        <td class="texml-pl texml-pr texml-tar"> <monospace>"7154</monospace></td>
        <td class="texml-pl texml-pr texml-tar">-1</td>
      </tr>
      <tr>
        <td class="texml-pl texml-pr texml-tal"> <monospace>"55</monospace></td>
        <td class="texml-pl texml-pr texml-tar">
          <monospace>U</monospace>
        </td>
        <td class="texml-pl texml-pr texml-tar">11</td>
        <td class="texml-pl texml-pr texml-tar"> <monospace>"75</monospace></td>
        <td class="texml-pl texml-pr texml-tar"> <monospace>"55</monospace></td>
        <td class="texml-pl texml-pr texml-tar">999</td>
        <td class="texml-pl texml-pr texml-tar"> <monospace>"7155</monospace></td>
        <td class="texml-pl texml-pr texml-tar">-1</td>
      </tr>
      <tr>
        <td class="texml-pl texml-pr texml-tal"> <monospace>"56</monospace></td>
        <td class="texml-pl texml-pr texml-tar">
          <monospace>V</monospace>
        </td>
        <td class="texml-pl texml-pr texml-tar">11</td>
        <td class="texml-pl texml-pr texml-tar"> <monospace>"76</monospace></td>
        <td class="texml-pl texml-pr texml-tar"> <monospace>"56</monospace></td>
        <td class="texml-pl texml-pr texml-tar">999</td>
        <td class="texml-pl texml-pr texml-tar"> <monospace>"7156</monospace></td>
        <td class="texml-pl texml-pr texml-tar">-1</td>
      </tr>
      <tr>
        <td class="texml-pl texml-pr texml-tal"> <monospace>"57</monospace></td>
        <td class="texml-pl texml-pr texml-tar">
          <monospace>W</monospace>
        </td>
        <td class="texml-pl texml-pr texml-tar">11</td>
        <td class="texml-pl texml-pr texml-tar"> <monospace>"77</monospace></td>
        <td class="texml-pl texml-pr texml-tar"> <monospace>"57</monospace></td>
        <td class="texml-pl texml-pr texml-tar">999</td>
        <td class="texml-pl texml-pr texml-tar"> <monospace>"7157</monospace></td>
        <td class="texml-pl texml-pr texml-tar">-1</td>
      </tr>
      <tr>
        <td class="texml-pl texml-pr texml-tal"> <monospace>"58</monospace></td>
        <td class="texml-pl texml-pr texml-tar">
          <monospace>X</monospace>
        </td>
        <td class="texml-pl texml-pr texml-tar">11</td>
        <td class="texml-pl texml-pr texml-tar"> <monospace>"78</monospace></td>
        <td class="texml-pl texml-pr texml-tar"> <monospace>"58</monospace></td>
        <td class="texml-pl texml-pr texml-tar">999</td>
        <td class="texml-pl texml-pr texml-tar"> <monospace>"7158</monospace></td>
        <td class="texml-pl texml-pr texml-tar">-1</td>
      </tr>
      <tr>
        <td class="texml-pl texml-pr texml-tal"> <monospace>"59</monospace></td>
        <td class="texml-pl texml-pr texml-tar">
          <monospace>Y</monospace>
        </td>
        <td class="texml-pl texml-pr texml-tar">11</td>
        <td class="texml-pl texml-pr texml-tar"> <monospace>"79</monospace></td>
        <td class="texml-pl texml-pr texml-tar"> <monospace>"59</monospace></td>
        <td class="texml-pl texml-pr texml-tar">999</td>
        <td class="texml-pl texml-pr texml-tar"> <monospace>"7159</monospace></td>
        <td class="texml-pl texml-pr texml-tar">-1</td>
      </tr>
      <tr>
        <td class="texml-pl texml-pr texml-tal"> <monospace>"5A</monospace></td>
        <td class="texml-pl texml-pr texml-tar">
          <monospace>Z</monospace>
        </td>
        <td class="texml-pl texml-pr texml-tar">11</td>
        <td class="texml-pl texml-pr texml-tar"> <monospace>"7A</monospace></td>
        <td class="texml-pl texml-pr texml-tar"> <monospace>"5A</monospace></td>
        <td class="texml-pl texml-pr texml-tar">999</td>
        <td class="texml-pl texml-pr texml-tar"> <monospace>"715A</monospace></td>
        <td class="texml-pl texml-pr texml-tar">-1</td>
      </tr>
      <tr>
        <td class="texml-pl texml-pr texml-tal"> <monospace>"5B</monospace></td>
        <td class="texml-pl texml-pr texml-tar">
          <monospace>[</monospace>
        </td>
        <td class="texml-pl texml-pr texml-tar">12</td>
        <td class="texml-pl texml-pr texml-tar">
          <monospace>"00</monospace>
        </td>
        <td class="texml-pl texml-pr texml-tar">
          <monospace>"00</monospace>
        </td>
        <td class="texml-pl texml-pr texml-tar">1000</td>
        <td class="texml-pl texml-pr texml-tar"> <monospace>"5B</monospace></td>
        <td class="texml-pl texml-pr texml-tar">-1</td>
      </tr>
      <tr>
        <td class="texml-pl texml-pr texml-tal"> <monospace>"5C</monospace></td>
        <td class="texml-pl texml-pr texml-tar">
          <monospace>\</monospace>
        </td>
        <td class="texml-pl texml-pr texml-tar">0</td>
        <td class="texml-pl texml-pr texml-tar">
          <monospace>"00</monospace>
        </td>
        <td class="texml-pl texml-pr texml-tar">
          <monospace>"00</monospace>
        </td>
        <td class="texml-pl texml-pr texml-tar">1000</td>
        <td class="texml-pl texml-pr texml-tar"> <monospace>"5C</monospace></td>
        <td class="texml-pl texml-pr texml-tar">-1</td>
      </tr>
      <tr>
        <td class="texml-pl texml-pr texml-tal"> <monospace>"5D</monospace></td>
        <td class="texml-pl texml-pr texml-tar">
          <monospace>]</monospace>
        </td>
        <td class="texml-pl texml-pr texml-tar">12</td>
        <td class="texml-pl texml-pr texml-tar">
          <monospace>"00</monospace>
        </td>
        <td class="texml-pl texml-pr texml-tar">
          <monospace>"00</monospace>
        </td>
        <td class="texml-pl texml-pr texml-tar">0</td>
        <td class="texml-pl texml-pr texml-tar"> <monospace>"5D</monospace></td>
        <td class="texml-pl texml-pr texml-tar">-1</td>
      </tr>
      <tr>
        <td class="texml-pl texml-pr texml-tal"> <monospace>"5E</monospace></td>
        <td class="texml-pl texml-pr texml-tar">
          <monospace>^</monospace>
        </td>
        <td class="texml-pl texml-pr texml-tar">7</td>
        <td class="texml-pl texml-pr texml-tar">
          <monospace>"00</monospace>
        </td>
        <td class="texml-pl texml-pr texml-tar">
          <monospace>"00</monospace>
        </td>
        <td class="texml-pl texml-pr texml-tar">1000</td>
        <td class="texml-pl texml-pr texml-tar"> <monospace>"5E</monospace></td>
        <td class="texml-pl texml-pr texml-tar">-1</td>
      </tr>
      <tr>
        <td class="texml-pl texml-pr texml-tal"> <monospace>"5F</monospace></td>
        <td class="texml-pl texml-pr texml-tar">
          <monospace>_</monospace>
        </td>
        <td class="texml-pl texml-pr texml-tar">8</td>
        <td class="texml-pl texml-pr texml-tar">
          <monospace>"00</monospace>
        </td>
        <td class="texml-pl texml-pr texml-tar">
          <monospace>"00</monospace>
        </td>
        <td class="texml-pl texml-pr texml-tar">1000</td>
        <td class="texml-pl texml-pr texml-tar"> <monospace>"8000</monospace></td>
        <td class="texml-pl texml-pr texml-tar">-1</td>
      </tr>
      <tr>
        <td class="texml-pl texml-pr texml-tal"> <monospace>"60</monospace></td>
        <td class="texml-pl texml-pr texml-tar">
          <monospace>`</monospace>
        </td>
        <td class="texml-pl texml-pr texml-tar">12</td>
        <td class="texml-pl texml-pr texml-tar">
          <monospace>"00</monospace>
        </td>
        <td class="texml-pl texml-pr texml-tar">
          <monospace>"00</monospace>
        </td>
        <td class="texml-pl texml-pr texml-tar">1000</td>
        <td class="texml-pl texml-pr texml-tar"> <monospace>"60</monospace></td>
        <td class="texml-pl texml-pr texml-tar">-1</td>
      </tr>
      <tr>
        <td class="texml-pl texml-pr texml-tal"> <monospace>"61</monospace></td>
        <td class="texml-pl texml-pr texml-tar">
          <monospace>a</monospace>
        </td>
        <td class="texml-pl texml-pr texml-tar">11</td>
        <td class="texml-pl texml-pr texml-tar"> <monospace>"61</monospace></td>
        <td class="texml-pl texml-pr texml-tar"> <monospace>"41</monospace></td>
        <td class="texml-pl texml-pr texml-tar">1000</td>
        <td class="texml-pl texml-pr texml-tar"> <monospace>"7161</monospace></td>
        <td class="texml-pl texml-pr texml-tar">-1</td>
      </tr>
      <tr>
        <td class="texml-pl texml-pr texml-tal"> <monospace>"62</monospace></td>
        <td class="texml-pl texml-pr texml-tar">
          <monospace>b</monospace>
        </td>
        <td class="texml-pl texml-pr texml-tar">11</td>
        <td class="texml-pl texml-pr texml-tar"> <monospace>"62</monospace></td>
        <td class="texml-pl texml-pr texml-tar"> <monospace>"42</monospace></td>
        <td class="texml-pl texml-pr texml-tar">1000</td>
        <td class="texml-pl texml-pr texml-tar"> <monospace>"7162</monospace></td>
        <td class="texml-pl texml-pr texml-tar">-1</td>
      </tr>
      <tr>
        <td class="texml-pl texml-pr texml-tal"> <monospace>"63</monospace></td>
        <td class="texml-pl texml-pr texml-tar">
          <monospace>c</monospace>
        </td>
        <td class="texml-pl texml-pr texml-tar">11</td>
        <td class="texml-pl texml-pr texml-tar"> <monospace>"63</monospace></td>
        <td class="texml-pl texml-pr texml-tar"> <monospace>"43</monospace></td>
        <td class="texml-pl texml-pr texml-tar">1000</td>
        <td class="texml-pl texml-pr texml-tar"> <monospace>"7163</monospace></td>
        <td class="texml-pl texml-pr texml-tar">-1</td>
      </tr>
      <tr>
        <td class="texml-pl texml-pr texml-tal"> <monospace>"64</monospace></td>
        <td class="texml-pl texml-pr texml-tar">
          <monospace>d</monospace>
        </td>
        <td class="texml-pl texml-pr texml-tar">11</td>
        <td class="texml-pl texml-pr texml-tar"> <monospace>"64</monospace></td>
        <td class="texml-pl texml-pr texml-tar"> <monospace>"44</monospace></td>
        <td class="texml-pl texml-pr texml-tar">1000</td>
        <td class="texml-pl texml-pr texml-tar"> <monospace>"7164</monospace></td>
        <td class="texml-pl texml-pr texml-tar">-1</td>
      </tr>
      <tr>
        <td class="texml-pl texml-pr texml-tal"> <monospace>"65</monospace></td>
        <td class="texml-pl texml-pr texml-tar">
          <monospace>e</monospace>
        </td>
        <td class="texml-pl texml-pr texml-tar">11</td>
        <td class="texml-pl texml-pr texml-tar"> <monospace>"65</monospace></td>
        <td class="texml-pl texml-pr texml-tar"> <monospace>"45</monospace></td>
        <td class="texml-pl texml-pr texml-tar">1000</td>
        <td class="texml-pl texml-pr texml-tar"> <monospace>"7165</monospace></td>
        <td class="texml-pl texml-pr texml-tar">-1</td>
      </tr>
      <tr>
        <td class="texml-pl texml-pr texml-tal"> <monospace>"66</monospace></td>
        <td class="texml-pl texml-pr texml-tar">
          <monospace>f</monospace>
        </td>
        <td class="texml-pl texml-pr texml-tar">11</td>
        <td class="texml-pl texml-pr texml-tar"> <monospace>"66</monospace></td>
        <td class="texml-pl texml-pr texml-tar"> <monospace>"46</monospace></td>
        <td class="texml-pl texml-pr texml-tar">1000</td>
        <td class="texml-pl texml-pr texml-tar"> <monospace>"7166</monospace></td>
        <td class="texml-pl texml-pr texml-tar">-1</td>
      </tr>
      <tr>
        <td class="texml-pl texml-pr texml-tal"> <monospace>"67</monospace></td>
        <td class="texml-pl texml-pr texml-tar">
          <monospace>g</monospace>
        </td>
        <td class="texml-pl texml-pr texml-tar">11</td>
        <td class="texml-pl texml-pr texml-tar"> <monospace>"67</monospace></td>
        <td class="texml-pl texml-pr texml-tar"> <monospace>"47</monospace></td>
        <td class="texml-pl texml-pr texml-tar">1000</td>
        <td class="texml-pl texml-pr texml-tar"> <monospace>"7167</monospace></td>
        <td class="texml-pl texml-pr texml-tar">-1</td>
      </tr>
      <tr>
        <td class="texml-pl texml-pr texml-tal"> <monospace>"68</monospace></td>
        <td class="texml-pl texml-pr texml-tar">
          <monospace>h</monospace>
        </td>
        <td class="texml-pl texml-pr texml-tar">11</td>
        <td class="texml-pl texml-pr texml-tar"> <monospace>"68</monospace></td>
        <td class="texml-pl texml-pr texml-tar"> <monospace>"48</monospace></td>
        <td class="texml-pl texml-pr texml-tar">1000</td>
        <td class="texml-pl texml-pr texml-tar"> <monospace>"7168</monospace></td>
        <td class="texml-pl texml-pr texml-tar">-1</td>
      </tr>
      <tr>
        <td class="texml-pl texml-pr texml-tal"> <monospace>"69</monospace></td>
        <td class="texml-pl texml-pr texml-tar">
          <monospace>i</monospace>
        </td>
        <td class="texml-pl texml-pr texml-tar">11</td>
        <td class="texml-pl texml-pr texml-tar"> <monospace>"69</monospace></td>
        <td class="texml-pl texml-pr texml-tar"> <monospace>"49</monospace></td>
        <td class="texml-pl texml-pr texml-tar">1000</td>
        <td class="texml-pl texml-pr texml-tar"> <monospace>"7169</monospace></td>
        <td class="texml-pl texml-pr texml-tar">-1</td>
      </tr>
      <tr>
        <td class="texml-pl texml-pr texml-tal"> <monospace>"6A</monospace></td>
        <td class="texml-pl texml-pr texml-tar">
          <monospace>j</monospace>
        </td>
        <td class="texml-pl texml-pr texml-tar">11</td>
        <td class="texml-pl texml-pr texml-tar"> <monospace>"6A</monospace></td>
        <td class="texml-pl texml-pr texml-tar"> <monospace>"4A</monospace></td>
        <td class="texml-pl texml-pr texml-tar">1000</td>
        <td class="texml-pl texml-pr texml-tar"> <monospace>"716A</monospace></td>
        <td class="texml-pl texml-pr texml-tar">-1</td>
      </tr>
      <tr>
        <td class="texml-pl texml-pr texml-tal"> <monospace>"6B</monospace></td>
        <td class="texml-pl texml-pr texml-tar">
          <monospace>k</monospace>
        </td>
        <td class="texml-pl texml-pr texml-tar">11</td>
        <td class="texml-pl texml-pr texml-tar"> <monospace>"6B</monospace></td>
        <td class="texml-pl texml-pr texml-tar"> <monospace>"4B</monospace></td>
        <td class="texml-pl texml-pr texml-tar">1000</td>
        <td class="texml-pl texml-pr texml-tar"> <monospace>"716B</monospace></td>
        <td class="texml-pl texml-pr texml-tar">-1</td>
      </tr>
      <tr>
        <td class="texml-pl texml-pr texml-tal"> <monospace>"6C</monospace></td>
        <td class="texml-pl texml-pr texml-tar">
          <monospace>l</monospace>
        </td>
        <td class="texml-pl texml-pr texml-tar">11</td>
        <td class="texml-pl texml-pr texml-tar"> <monospace>"6C</monospace></td>
        <td class="texml-pl texml-pr texml-tar"> <monospace>"4C</monospace></td>
        <td class="texml-pl texml-pr texml-tar">1000</td>
        <td class="texml-pl texml-pr texml-tar"> <monospace>"716C</monospace></td>
        <td class="texml-pl texml-pr texml-tar">-1</td>
      </tr>
      <tr>
        <td class="texml-pl texml-pr texml-tal"> <monospace>"6D</monospace></td>
        <td class="texml-pl texml-pr texml-tar">
          <monospace>m</monospace>
        </td>
        <td class="texml-pl texml-pr texml-tar">11</td>
        <td class="texml-pl texml-pr texml-tar"> <monospace>"6D</monospace></td>
        <td class="texml-pl texml-pr texml-tar"> <monospace>"4D</monospace></td>
        <td class="texml-pl texml-pr texml-tar">1000</td>
        <td class="texml-pl texml-pr texml-tar"> <monospace>"716D</monospace></td>
        <td class="texml-pl texml-pr texml-tar">-1</td>
      </tr>
      <tr>
        <td class="texml-pl texml-pr texml-tal"> <monospace>"6E</monospace></td>
        <td class="texml-pl texml-pr texml-tar">
          <monospace>n</monospace>
        </td>
        <td class="texml-pl texml-pr texml-tar">11</td>
        <td class="texml-pl texml-pr texml-tar"> <monospace>"6E</monospace></td>
        <td class="texml-pl texml-pr texml-tar"> <monospace>"4E</monospace></td>
        <td class="texml-pl texml-pr texml-tar">1000</td>
        <td class="texml-pl texml-pr texml-tar"> <monospace>"716E</monospace></td>
        <td class="texml-pl texml-pr texml-tar">-1</td>
      </tr>
      <tr>
        <td class="texml-pl texml-pr texml-tal"> <monospace>"6F</monospace></td>
        <td class="texml-pl texml-pr texml-tar">
          <monospace>o</monospace>
        </td>
        <td class="texml-pl texml-pr texml-tar">11</td>
        <td class="texml-pl texml-pr texml-tar"> <monospace>"6F</monospace></td>
        <td class="texml-pl texml-pr texml-tar"> <monospace>"4F</monospace></td>
        <td class="texml-pl texml-pr texml-tar">1000</td>
        <td class="texml-pl texml-pr texml-tar"> <monospace>"716F</monospace></td>
        <td class="texml-pl texml-pr texml-tar">-1</td>
      </tr>
      <tr>
        <td class="texml-pl texml-pr texml-tal"> <monospace>"70</monospace></td>
        <td class="texml-pl texml-pr texml-tar">
          <monospace>p</monospace>
        </td>
        <td class="texml-pl texml-pr texml-tar">11</td>
        <td class="texml-pl texml-pr texml-tar"> <monospace>"70</monospace></td>
        <td class="texml-pl texml-pr texml-tar"> <monospace>"50</monospace></td>
        <td class="texml-pl texml-pr texml-tar">1000</td>
        <td class="texml-pl texml-pr texml-tar"> <monospace>"7170</monospace></td>
        <td class="texml-pl texml-pr texml-tar">-1</td>
      </tr>
      <tr>
        <td class="texml-pl texml-pr texml-tal"> <monospace>"71</monospace></td>
        <td class="texml-pl texml-pr texml-tar">
          <monospace>q</monospace>
        </td>
        <td class="texml-pl texml-pr texml-tar">11</td>
        <td class="texml-pl texml-pr texml-tar"> <monospace>"71</monospace></td>
        <td class="texml-pl texml-pr texml-tar"> <monospace>"51</monospace></td>
        <td class="texml-pl texml-pr texml-tar">1000</td>
        <td class="texml-pl texml-pr texml-tar"> <monospace>"7171</monospace></td>
        <td class="texml-pl texml-pr texml-tar">-1</td>
      </tr>
      <tr>
        <td class="texml-pl texml-pr texml-tal"> <monospace>"72</monospace></td>
        <td class="texml-pl texml-pr texml-tar">
          <monospace>r</monospace>
        </td>
        <td class="texml-pl texml-pr texml-tar">11</td>
        <td class="texml-pl texml-pr texml-tar"> <monospace>"72</monospace></td>
        <td class="texml-pl texml-pr texml-tar"> <monospace>"52</monospace></td>
        <td class="texml-pl texml-pr texml-tar">1000</td>
        <td class="texml-pl texml-pr texml-tar"> <monospace>"7172</monospace></td>
        <td class="texml-pl texml-pr texml-tar">-1</td>
      </tr>
      <tr>
        <td class="texml-pl texml-pr texml-tal"> <monospace>"73</monospace></td>
        <td class="texml-pl texml-pr texml-tar">
          <monospace>s</monospace>
        </td>
        <td class="texml-pl texml-pr texml-tar">11</td>
        <td class="texml-pl texml-pr texml-tar"> <monospace>"73</monospace></td>
        <td class="texml-pl texml-pr texml-tar"> <monospace>"53</monospace></td>
        <td class="texml-pl texml-pr texml-tar">1000</td>
        <td class="texml-pl texml-pr texml-tar"> <monospace>"7173</monospace></td>
        <td class="texml-pl texml-pr texml-tar">-1</td>
      </tr>
      <tr>
        <td class="texml-pl texml-pr texml-tal"> <monospace>"74</monospace></td>
        <td class="texml-pl texml-pr texml-tar">
          <monospace>t</monospace>
        </td>
        <td class="texml-pl texml-pr texml-tar">11</td>
        <td class="texml-pl texml-pr texml-tar"> <monospace>"74</monospace></td>
        <td class="texml-pl texml-pr texml-tar"> <monospace>"54</monospace></td>
        <td class="texml-pl texml-pr texml-tar">1000</td>
        <td class="texml-pl texml-pr texml-tar"> <monospace>"7174</monospace></td>
        <td class="texml-pl texml-pr texml-tar">-1</td>
      </tr>
      <tr>
        <td class="texml-pl texml-pr texml-tal"> <monospace>"75</monospace></td>
        <td class="texml-pl texml-pr texml-tar">
          <monospace>u</monospace>
        </td>
        <td class="texml-pl texml-pr texml-tar">11</td>
        <td class="texml-pl texml-pr texml-tar"> <monospace>"75</monospace></td>
        <td class="texml-pl texml-pr texml-tar"> <monospace>"55</monospace></td>
        <td class="texml-pl texml-pr texml-tar">1000</td>
        <td class="texml-pl texml-pr texml-tar"> <monospace>"7175</monospace></td>
        <td class="texml-pl texml-pr texml-tar">-1</td>
      </tr>
      <tr>
        <td class="texml-pl texml-pr texml-tal"> <monospace>"76</monospace></td>
        <td class="texml-pl texml-pr texml-tar">
          <monospace>v</monospace>
        </td>
        <td class="texml-pl texml-pr texml-tar">11</td>
        <td class="texml-pl texml-pr texml-tar"> <monospace>"76</monospace></td>
        <td class="texml-pl texml-pr texml-tar"> <monospace>"56</monospace></td>
        <td class="texml-pl texml-pr texml-tar">1000</td>
        <td class="texml-pl texml-pr texml-tar"> <monospace>"7176</monospace></td>
        <td class="texml-pl texml-pr texml-tar">-1</td>
      </tr>
      <tr>
        <td class="texml-pl texml-pr texml-tal"> <monospace>"77</monospace></td>
        <td class="texml-pl texml-pr texml-tar">
          <monospace>w</monospace>
        </td>
        <td class="texml-pl texml-pr texml-tar">11</td>
        <td class="texml-pl texml-pr texml-tar"> <monospace>"77</monospace></td>
        <td class="texml-pl texml-pr texml-tar"> <monospace>"57</monospace></td>
        <td class="texml-pl texml-pr texml-tar">1000</td>
        <td class="texml-pl texml-pr texml-tar"> <monospace>"7177</monospace></td>
        <td class="texml-pl texml-pr texml-tar">-1</td>
      </tr>
      <tr>
        <td class="texml-pl texml-pr texml-tal"> <monospace>"78</monospace></td>
        <td class="texml-pl texml-pr texml-tar">
          <monospace>x</monospace>
        </td>
        <td class="texml-pl texml-pr texml-tar">11</td>
        <td class="texml-pl texml-pr texml-tar"> <monospace>"78</monospace></td>
        <td class="texml-pl texml-pr texml-tar"> <monospace>"58</monospace></td>
        <td class="texml-pl texml-pr texml-tar">1000</td>
        <td class="texml-pl texml-pr texml-tar"> <monospace>"7178</monospace></td>
        <td class="texml-pl texml-pr texml-tar">-1</td>
      </tr>
      <tr>
        <td class="texml-pl texml-pr texml-tal"> <monospace>"79</monospace></td>
        <td class="texml-pl texml-pr texml-tar">
          <monospace>y</monospace>
        </td>
        <td class="texml-pl texml-pr texml-tar">11</td>
        <td class="texml-pl texml-pr texml-tar"> <monospace>"79</monospace></td>
        <td class="texml-pl texml-pr texml-tar"> <monospace>"59</monospace></td>
        <td class="texml-pl texml-pr texml-tar">1000</td>
        <td class="texml-pl texml-pr texml-tar"> <monospace>"7179</monospace></td>
        <td class="texml-pl texml-pr texml-tar">-1</td>
      </tr>
      <tr>
        <td class="texml-pl texml-pr texml-tal"> <monospace>"7A</monospace></td>
        <td class="texml-pl texml-pr texml-tar">
          <monospace>z</monospace>
        </td>
        <td class="texml-pl texml-pr texml-tar">11</td>
        <td class="texml-pl texml-pr texml-tar"> <monospace>"7A</monospace></td>
        <td class="texml-pl texml-pr texml-tar"> <monospace>"5A</monospace></td>
        <td class="texml-pl texml-pr texml-tar">1000</td>
        <td class="texml-pl texml-pr texml-tar"> <monospace>"717A</monospace></td>
        <td class="texml-pl texml-pr texml-tar">-1</td>
      </tr>
      <tr>
        <td class="texml-pl texml-pr texml-tal"> <monospace>"7B</monospace></td>
        <td class="texml-pl texml-pr texml-tar">
          <monospace>{</monospace>
        </td>
        <td class="texml-pl texml-pr texml-tar">1</td>
        <td class="texml-pl texml-pr texml-tar">
          <monospace>"00</monospace>
        </td>
        <td class="texml-pl texml-pr texml-tar">
          <monospace>"00</monospace>
        </td>
        <td class="texml-pl texml-pr texml-tar">1000</td>
        <td class="texml-pl texml-pr texml-tar"> <monospace>"7B</monospace></td>
        <td class="texml-pl texml-pr texml-tar">-1</td>
      </tr>
      <tr>
        <td class="texml-pl texml-pr texml-tal"> <monospace>"7C</monospace></td>
        <td class="texml-pl texml-pr texml-tar">
          <monospace>|</monospace>
        </td>
        <td class="texml-pl texml-pr texml-tar">12</td>
        <td class="texml-pl texml-pr texml-tar">
          <monospace>"00</monospace>
        </td>
        <td class="texml-pl texml-pr texml-tar">
          <monospace>"00</monospace>
        </td>
        <td class="texml-pl texml-pr texml-tar">1000</td>
        <td class="texml-pl texml-pr texml-tar"> <monospace>"7C</monospace></td>
        <td class="texml-pl texml-pr texml-tar">-1</td>
      </tr>
      <tr>
        <td class="texml-pl texml-pr texml-tal"> <monospace>"7D</monospace></td>
        <td class="texml-pl texml-pr texml-tar">
          <monospace>}</monospace>
        </td>
        <td class="texml-pl texml-pr texml-tar">2</td>
        <td class="texml-pl texml-pr texml-tar">
          <monospace>"00</monospace>
        </td>
        <td class="texml-pl texml-pr texml-tar">
          <monospace>"00</monospace>
        </td>
        <td class="texml-pl texml-pr texml-tar">1000</td>
        <td class="texml-pl texml-pr texml-tar"> <monospace>"7D</monospace></td>
        <td class="texml-pl texml-pr texml-tar">-1</td>
      </tr>
      <tr>
        <td class="texml-pl texml-pr texml-tal"> <monospace>"7E</monospace></td>
        <td class="texml-pl texml-pr texml-tar">
          <monospace>~</monospace>
        </td>
        <td class="texml-pl texml-pr texml-tar">13</td>
        <td class="texml-pl texml-pr texml-tar">
          <monospace>"00</monospace>
        </td>
        <td class="texml-pl texml-pr texml-tar">
          <monospace>"00</monospace>
        </td>
        <td class="texml-pl texml-pr texml-tar">1000</td>
        <td class="texml-pl texml-pr texml-tar"> <monospace>"7E</monospace></td>
        <td class="texml-pl texml-pr texml-tar">-1</td>
      </tr>
    </table>
  </fig>
</article>
