<?xml version="1.0" encoding="UTF-8"?>
<!DOCTYPE article PUBLIC "-//NLM//DTD JATS (Z39.96) Journal Archiving and Interchange DTD with MathML3 v1.1d1 20130915//EN" "JATS-archivearticle1-mathml3.dtd">
<article xmlns:html="http://www.w3.org/1999/xhtml" xmlns:xlink="http://www.w3.org/1999/xlink">
  <front id="ltxid1">
    <journal-meta>
      <journal-id journal-id-type="publisher">bproc</journal-id>
      <journal-title-group>
        <journal-title>Proceedings of the American Mathematical Society, Series B</journal-title>
        <issn publication-format="electronic">2330-1511</issn>
      </journal-title-group>
    </journal-meta>
    <article-meta>
      <article-id pub-id-type="pii">S 2330-1511(2014)00009-2</article-id>
      <title-group>
        <article-title>Minimal regularity conditions for the end-point estimate of bilinear Calderón-Zygmund operators</article-title>
      </title-group>
      <contrib-group content-type="authors">
        <contrib contrib-type="author">
          <string-name>Carlos Pérez</string-name>
        </contrib>
        <aff>Departamento de Análisis Matemático, Facultad de Matemáticas, Universidad de Sevilla, 41080 Sevilla, Spain</aff>
        <email>carlosperez@us.es</email>
      </contrib-group>
      <contrib-group content-type="authors">
        <contrib contrib-type="author">
          <string-name>Rodolfo H. Torres</string-name>
        </contrib>
        <aff>Department of Mathematics, University of Kansas, 405 Snow Hall, 1460 Jayhawk Boulevard, Lawrence, Kansas 66045-7523</aff>
        <email>torres@math.ku.edu</email>
      </contrib-group>
      <history>
        <date date-type="issue-date">
          <year>2014</year>
        </date>
        <date date-type="xml-last-modified" iso-8601-date="2022-05-26T03:09:48Z">
          <string-date>2022-05-26T03:09:48Z</string-date>
        </date>
      </history>
      <volume>1</volume>
      <issue>01</issue>
      <abstract>
        <title>Abstract</title>
        <p>This is the abstract.</p>
      </abstract>
    </article-meta>
  </front>
  <body id="ltxid2"/>
</article>
