<?xml version="1.0" encoding="UTF-8"?>
<!DOCTYPE article PUBLIC "-//AMS TEXML//DTD MODIFIED JATS (Z39.96) Journal Archiving and Interchange DTD with MathML3 v1.3d2 20201130//EN" "texml-jats-1-3d2.dtd">
<article xmlns:xlink="http://www.w3.org/1999/xlink">
  <front id="ltxid1">
    <journal-meta>
      <journal-id journal-id-type="publisher">bproc</journal-id>
      <journal-title-group>
        <journal-title>Proceedings of the American Mathematical Society, Series B</journal-title>
      </journal-title-group>
      <issn publication-format="electronic">2330-1511</issn>
      <publisher>
        <publisher-name>American Mathematical Society</publisher-name>
        <publisher-loc>Providence, Rhode Island</publisher-loc>
      </publisher>
    </journal-meta>
    <article-meta>
      <article-id pub-id-type="pii">S 2330-1511(2014)00009-2</article-id>
      <title-group>
        <article-title>Minimal regularity conditions for the end-point estimate of bilinear Calderón-Zygmund operators</article-title>
      </title-group>
      <contrib-group content-type="authors">
        <contrib contrib-type="author">
          <string-name>Carlos Pérez</string-name>
          <role>
            <p>The first author’s research was supported in part by the Spanish Ministry of Science and Innovation grant MTM2009-08934 and by the Junta de Andalucía grant FQM-4745</p>
          </role>
          <aff>Departamento de Análisis Matemático, Facultad de Matemáticas, Universidad de Sevilla, 41080 Sevilla, Spain</aff>
          <email>carlosperez@us.es</email>
        </contrib>
        <contrib contrib-type="author">
          <string-name>Rodolfo H. Torres</string-name>
          <role>
            <p>The second author’s research was supported in part by the National Science Foundation under grant DMS 1069015</p>
          </role>
          <aff>Department of Mathematics, University of Kansas, 405 Snow Hall, 1460 Jayhawk Boulevard, Lawrence, Kansas 66045-7523</aff>
          <email>torres@math.ku.edu</email>
        </contrib>
      </contrib-group>
      <volume>1</volume>
      <issue>1</issue>
      <abstract>
        <title>Abstract<x>.</x></title>
        <p>This is the abstract.</p>
      </abstract>
      <kwd-group vocab="MSC 2010" vocab-identifier="https://mathscinet.ams.org/msc/msc2010.html">
        <compound-kwd content-type="primary">
          <compound-kwd-part content-type="code">42B20</compound-kwd-part>
          <compound-kwd-part content-type="text">Singular and oscillatory integrals</compound-kwd-part>
        </compound-kwd>
        <compound-kwd content-type="primary">
          <compound-kwd-part content-type="code">42B25</compound-kwd-part>
          <compound-kwd-part content-type="text">Maximal functions, Littlewood-Paley theory</compound-kwd-part>
        </compound-kwd>
      </kwd-group>
      <custom-meta-group>
        <custom-meta specific-use="communicated-by">
          <meta-name>Communicated by</meta-name>
          <meta-value>Alexander Iosevich</meta-value>
        </custom-meta>
      </custom-meta-group>
    </article-meta>
    <notes notes-type="dedication">
      <p>Dedicated to the memory of Cora Sadosky</p>
    </notes>
  </front>
  <body id="ltxid2"/>
</article>
