<?xml version="1.0" encoding="UTF-8"?>
<!DOCTYPE article PUBLIC "-//AMS TEXML//DTD MODIFIED JATS (Z39.96) Journal Archiving and Interchange DTD with MathML3 v1.3d2 20201130//EN" "texml-jats-1-3d2.dtd">
<article xmlns:xlink="http://www.w3.org/1999/xlink">
  <front id="ltxid1">
    <article-meta>
      <title-group>
        <article-title>manfnt</article-title>
      </title-group>
    </article-meta>
  </front>
  <body id="ltxid2">
    <sec id="ltxid3" specific-use="section">
      <p>hello, world</p>
      <p>mancube: <inline-graphic height="8pt" mimetype="image/svg+xml" width="10pt" xlink:href="Images/imge345747b61f7db0176765f41f78080e3.svg"/></p>
      <p>mankidney: <inline-graphic height="6pt" mimetype="image/svg+xml" width="9pt" xlink:href="Images/img91b073430b6ae052a15de0776dbea1de.svg"/></p>
      <p>dbend: <inline-graphic height="19pt" mimetype="image/svg+xml" width="15pt" xlink:href="Images/img4c189de9cabf54b70d211040d5f8650a.svg"/></p>
      <p>textdbend: <inline-graphic height="19pt" mimetype="image/svg+xml" width="15pt" xlink:href="Images/img4c189de9cabf54b70d211040d5f8650a.svg"/></p>
    </sec>
  </body>
</article>
