<?xml version="1.0" encoding="UTF-8"?>
<!DOCTYPE article PUBLIC "-//NLM//DTD JATS (Z39.96) Journal Archiving and Interchange DTD with MathML3 v1.1d1 20130915//EN" "JATS-archivearticle1-mathml3.dtd">
<article xmlns:html="http://www.w3.org/1999/xhtml" xmlns:xlink="http://www.w3.org/1999/xlink">
  <p>
    <disp-formula content-type="math/tex">
      <tex-math>\begin{equation*}
 e^{\pi i} = -1 
\end{equation*}</tex-math>
    </disp-formula>
  </p>
  <p>
    <disp-formula content-type="math/tex">
      <tex-math>\begin{equation*}
 <text>$e^{\pi i} = -1$</text> 
\end{equation*}</tex-math>
    </disp-formula>
  </p>
</article>
