<?xml version="1.0" encoding="UTF-8"?>
<!DOCTYPE article PUBLIC "-//AMS TEXML//DTD MODIFIED JATS (Z39.96) Journal Archiving and Interchange DTD with MathML3 v1.3d2 20201130//EN" "texml-jats-1-3d2.dtd">
<article xmlns:xlink="http://www.w3.org/1999/xlink">
  <front id="ltxid1">
    <article-meta>
      <title-group>
        <article-title>multline</article-title>
      </title-group>
    </article-meta>
  </front>
  <body id="ltxid2">
    <sec disp-level="1" id="ltxid3" specific-use="section">
      <label>1<x>.</x></label>
      <title>one</title>
      <p><disp-formula content-type="math/tex">
          <tex-math>\begin{equation}
 e = mc^2 <target id="EQ"><tag parens="yes">EQ1</tag></target>
\end{equation}</tex-math>
        </disp-formula></p>
      <p><monospace>multline</monospace> is odd in that there can only be one equation tag. If you specify a custom <monospace>tag</monospace>, it can go on any line, but the tag still gets moved to the top (for leqno) or bottom (for reqno) lines.</p>
      <p><monospace>texml</monospace> will move all <monospace>tag</monospace>s to the last line.</p>
      <p><disp-formula content-type="math/tex">
          <tex-math>\begin{multline}
 XXX\\
YYY\\
ZZZ <tag parens="yes">a</tag>
\end{multline}</tex-math>
        </disp-formula></p>
      <p><disp-formula content-type="math/tex">
          <tex-math>\begin{multline}
 XXX\\
YYY\\
ZZZ <tag parens="yes">b</tag>
\end{multline}</tex-math>
        </disp-formula></p>
      <p><disp-formula content-type="math/tex">
          <tex-math>\begin{multline}
 XXX\\
YYY\\
ZZZ <target id="YYY"><tag parens="yes">c</tag></target>
\end{multline}</tex-math>
        </disp-formula></p>
      <p>EQ <xref-group><xref ref-subtype="equation" ref-type="disp-formula" rid="EQ" specific-use="eqref"><x>(</x>EQ1<x>)</x></xref></xref-group></p>
      <p>YYY <xref-group><xref ref-subtype="equation" ref-type="disp-formula" rid="YYY" specific-use="eqref"><x>(</x>c<x>)</x></xref></xref-group></p>
    </sec>
  </body>
</article>
