<?xml version="1.0" encoding="utf-8"?>
<!DOCTYPE book PUBLIC "-//NLM//DTD BITS Book Interchange DTD v2.1 20180401//EN" "BITS-book2.dtd">
<book xmlns:xlink="http://www.w3.org/1999/xlink">
  <p>hello, world</p>
  <p>One cite: <cite-group><xref ref-type="bibr" rid="bibr-Pegg2009">Pegg et al. <x>(</x>2009</xref><x>)</x></cite-group></p>
  <p>One citep: <cite-group><x>(</x><xref ref-type="bibr" rid="bibr-Pegg2009">Pegg et al.<x>,</x> 2009</xref><x>)</x></cite-group></p>
  <p>One citep*: <cite-group><x>(</x><xref ref-type="bibr" rid="bibr-Pegg2009">Pegg, Schoen, and Rodgers<x>,</x> 2009</xref><x>)</x></cite-group></p>
  <p>One citet: <cite-group><xref ref-type="bibr" rid="bibr-Pegg2009">Pegg et al. <x>(</x>2009</xref><x>)</x></cite-group></p>
  <p>One citet*: <cite-group><xref ref-type="bibr" rid="bibr-Pegg2009">Pegg, Schoen, and Rodgers <x>(</x>2009</xref><x>)</x></cite-group></p>
  <p>One citealt: <cite-group><xref ref-type="bibr" rid="bibr-Pegg2009">Pegg et al. 2009</xref></cite-group></p>
  <p>One citealt*: <cite-group><xref ref-type="bibr" rid="bibr-Pegg2009">Pegg, Schoen, and Rodgers 2009</xref></cite-group></p>
  <p>One citealp: <cite-group><xref ref-type="bibr" rid="bibr-Pegg2009">Pegg et al.<x>,</x> 2009</xref></cite-group></p>
  <p>One citealp*: <cite-group><xref ref-type="bibr" rid="bibr-Pegg2009">Pegg, Schoen, and Rodgers<x>,</x> 2009</xref></cite-group></p>
  <p>One citetext: (Pegg2009)</p>
  <p>One citenum: <cite-group><xref ref-type="bibr" rid="bibr-Pegg2009">1</xref></cite-group></p>
  <p>One citeauthor: <cite-group><xref ref-type="bibr" rid="bibr-Pegg2009">Pegg et al.</xref></cite-group></p>
  <p>One citeauthor*: <cite-group><xref ref-type="bibr" rid="bibr-Pegg2009">Pegg, Schoen, and Rodgers</xref></cite-group></p>
  <p>One citeyear: <cite-group><xref ref-type="bibr" rid="bibr-Pegg2009">2009</xref></cite-group></p>
  <p>One citeyearpar: <cite-group><x>(</x><xref ref-type="bibr" rid="bibr-Pegg2009">2009</xref><x>)</x></cite-group></p>
  <p>One citefullauthor: <cite-group><xref ref-type="bibr" rid="bibr-Pegg2009">Pegg, Schoen, and Rodgers</xref></cite-group></p>
  <p>One Citet: <cite-group><xref ref-type="bibr" rid="bibr-Pegg2009">Pegg et al. <x>(</x>2009</xref><x>)</x></cite-group></p>
  <p>One Citep: <cite-group><x>(</x><xref ref-type="bibr" rid="bibr-Pegg2009">Pegg et al.<x>,</x> 2009</xref><x>)</x></cite-group></p>
  <p>One Citealt: <cite-group><xref ref-type="bibr" rid="bibr-Pegg2009">Pegg et al. 2009</xref></cite-group></p>
  <p>One Citealp: <cite-group><xref ref-type="bibr" rid="bibr-Pegg2009">Pegg et al.<x>,</x> 2009</xref></cite-group></p>
  <p>One Citeauthor: <cite-group><xref ref-type="bibr" rid="bibr-Pegg2009">Pegg et al.</xref></cite-group></p>
  <p>Multiple cites: <cite-group><x>(</x><xref ref-type="bibr" rid="bibr-Pegg2009">Pegg et al.<x>,</x> 2009</xref><x>;</x> <xref ref-type="bibr" rid="bibr-Wolfe2002">Wolfe and Rodgers<x>,</x> 2002</xref><x>;</x> <xref ref-type="bibr" rid="bibr-Gardner2008">Gardner et al.<x>,</x> 2008</xref><x>,</x> <xref ref-type="bibr" rid="bibr-Gardner2009">2009</xref><x>,</x> <xref ref-type="bibr" rid="bibr-Gardner1999">1999</xref><x>)</x></cite-group></p>
  <p><cite-group><x>(</x><xref ref-type="bibr" rid="bibr-Pegg2009">Pegg et al.<x>,</x> 2009</xref><x>,</x> appendix<x>)</x></cite-group></p>
  <ref-list content-type="thebibliography" id="ltxid1">
    <title>Bibliography</title>
    <ref id="bibr-Gardner1999">
      <mixed-citation>M. Gardner, E. R. Berlekamp, and T. Rodgers (1999). <italic toggle="yes">The mathemagician and pied puzzler: a collection in tribute to Martin Gardner</italic>. A. K. Peters, Natick, Mass.</mixed-citation>
    </ref>
    <ref id="bibr-Gardner2008">
      <mixed-citation>M. Gardner, E. D. Demaine, M. L. Demaine, and T. Rodgers (2008). <italic toggle="yes">A lifetime of puzzles: A collection of puzzles in honor of Martin Gardner’s 90th birthday</italic>. A. K. Peters, Ltd., Wellesley, Mass.</mixed-citation>
    </ref>
    <ref id="bibr-Gardner2009">
      <mixed-citation>M. Gardner, E. Pegg, A. H. Schoen, and T. Rodgers (2009). <italic toggle="yes">Mathematical wizardry for a Gardner</italic>. A. K. Peters, Wellesley, Mass.</mixed-citation>
    </ref>
    <ref id="bibr-Pegg2009">
      <mixed-citation>E. Pegg, A. H. Schoen, and T. Rodgers (2009). <italic toggle="yes">Homage to a pied puzzler</italic>. A. K. Peters, Wellesley, Mass.</mixed-citation>
    </ref>
    <ref id="bibr-Wolfe2002">
      <mixed-citation>D. Wolfe and T. Rodgers (2002). <italic toggle="yes">Puzzlers’ tribute: a feast for the mind</italic>. A. K. Peters, Natick, Mass. <ext-link xlink:href="http://site.ebrary.com/id/10159715">http://site.ebrary.com/id/10159715</ext-link>.</mixed-citation>
    </ref>
  </ref-list>
</book>
