<?xml version="1.0" encoding="UTF-8"?>
<!DOCTYPE article PUBLIC "-//AMS TEXML//DTD MODIFIED JATS (Z39.96) Journal Archiving and Interchange DTD with MathML3 v1.3d2 20201130//EN" "texml-jats-1-3d2.dtd">
<article xmlns:xlink="http://www.w3.org/1999/xlink">
  <front id="ltxid1">
    <article-meta>
      <title-group>
        <article-title>numexpr</article-title>
      </title-group>
    </article-meta>
  </front>
  <body id="ltxid2">
    <sec id="ltxid3" specific-use="section">
      <p>hello, world</p>
      <p>42</p>
      <p>43</p>
      <p>10</p>
      <p>1</p>
      <p>7</p>
      <p>0</p>
      <p>2</p>
      <p>-5</p>
      <p>3</p>
      <p>-3</p>
    </sec>
  </body>
</article>
