<?xml version="1.0" encoding="UTF-8"?>
<!DOCTYPE article PUBLIC "-//AMS TEXML//DTD MODIFIED JATS (Z39.96) Journal Archiving and Interchange DTD with MathML3 v1.3d2 20201130//EN" "texml-jats-1-3d2.dtd">
<article xmlns:xlink="http://www.w3.org/1999/xlink">
  <front id="ltxid1">
    <article-meta>
      <title-group>
        <article-title>Font Declarations</article-title>
      </title-group>
    </article-meta>
  </front>
  <body id="ltxid2">
    <sec id="ltxid3" specific-use="section">
      <p>hello, world</p>
      <p><roman>hello, world</roman></p>
      <p><roman>hello, world</roman></p>
      <p><roman>hello, world</roman></p>
      <p><sans-serif>hello, world</sans-serif></p>
      <p><sans-serif>hello, world</sans-serif></p>
      <p><sans-serif>hello, world</sans-serif></p>
      <p><monospace>hello, world</monospace></p>
      <p><monospace>hello, world</monospace></p>
      <p><monospace>hello, world</monospace></p>
      <p><bold>hello, world</bold></p>
      <p><bold>hello, world</bold></p>
      <p><bold>hello, world</bold></p>
      <p><italic>hello, world</italic></p>
      <p><italic>hello, world</italic></p>
      <p><italic>hello, world</italic></p>
      <p><styled-content style-type="oblique">hello, world</styled-content></p>
      <p><styled-content style-type="oblique">hello, world</styled-content></p>
      <p><styled-content style-type="oblique">hello, world</styled-content></p>
      <p><sc>hello, world</sc></p>
      <p><sc>hello, world</sc></p>
      <p><sc>hello, world</sc></p>
    </sec>
  </body>
</article>
