<?xml version="1.0" encoding="UTF-8"?>
<!DOCTYPE article PUBLIC "-//AMS TEXML//DTD MODIFIED JATS (Z39.96) Journal Archiving and Interchange DTD with MathML3 v1.3d2 20201130//EN" "texml-jats-1-3d2.dtd">
<article xmlns:xlink="http://www.w3.org/1999/xlink">
  <front id="ltxid1">
    <article-meta>
      <title-group>
        <article-title>OT1tt encoding</article-title>
      </title-group>
    </article-meta>
  </front>
  <body id="ltxid2">
    <sec id="ltxid3" specific-use="section">
      <p>hello, world</p>
      <p><monospace>?</monospace> + <monospace>`</monospace> = ¿</p>
      <p><monospace>!</monospace> + <monospace>`</monospace> = ¡</p>
      <p><monospace>`</monospace> + <monospace>`</monospace> = ``</p>
      <p><monospace>'</monospace> + <monospace>'</monospace> = ''</p>
      <p><monospace>-</monospace> + <monospace>-</monospace> = --</p>
      <p><monospace>--</monospace> + <monospace>-</monospace> = ---</p>
      <p>"0B: ↑</p>
      <p>"0C: ↓</p>
      <p>"0D: '</p>
      <p>"0E: ¡</p>
      <p>"0F: ¿</p>
      <p>"20: ␣</p>
      <p>"22: "</p>
      <p>"24: $</p>
      <p>"27: '</p>
      <p>"3C: &lt;</p>
      <p>"3E: &gt;</p>
      <p>"5C: \</p>
      <p>"5F: _</p>
      <p>"7B: {</p>
      <p>"7C: |</p>
      <p>"7D: }</p>
    </sec>
  </body>
</article>
