<?xml version="1.0" encoding="UTF-8"?>
<!DOCTYPE article PUBLIC "-//AMS TEXML//DTD MODIFIED JATS (Z39.96) Journal Archiving and Interchange DTD with MathML3 v1.3d2 20201130//EN" "texml-jats-1-3d2.dtd">
<article xmlns:xlink="http://www.w3.org/1999/xlink">
  <front id="ltxid1">
    <article-meta>
      <title-group>
        <article-title>OT2 encoding</article-title>
      </title-group>
    </article-meta>
  </front>
  <body id="ltxid2">
    <sec disp-level="1" id="ltxid3" specific-use="section">
      <p>hello, world</p>
      <p>хелло, щорлд</p>
      <p><monospace>-</monospace> + <monospace>-</monospace> = –</p>
      <p>– + <monospace>-</monospace> = —</p>
      <p><monospace>`</monospace> = ‘</p>
      <p><monospace>'</monospace> = ’</p>
      <p>` + <monospace>`</monospace> = “</p>
      <p>' + <monospace>'</monospace> = ”</p>
      <p><monospace>"</monospace> = ”</p>
      <p><monospace>6</monospace> + <monospace>h</monospace> = Щ</p>
      <p><monospace>6</monospace> + <monospace>H</monospace> = Щ</p>
      <p><monospace>7</monospace> + <monospace>h</monospace> = щ</p>
      <p><monospace>C</monospace> + <monospace>1</monospace> = Ћ</p>
      <p><monospace>C</monospace> + <monospace>H</monospace> = Ч</p>
      <p><monospace>C</monospace> + <monospace>h</monospace> = Ч</p>
      <p><monospace>D</monospace> + <monospace>1</monospace> = Ђ</p>
      <p><monospace>D</monospace> + <monospace>2</monospace> = Џ</p>
      <p><monospace>D</monospace> + <monospace>3</monospace> = Ѕ</p>
      <p><monospace>D</monospace> + <monospace>J</monospace> = Ђ</p>
      <p><monospace>D</monospace> + <monospace>j</monospace> = Ђ</p>
      <p><monospace>E</monospace> + <monospace>0</monospace> = Ё</p>
      <p><monospace>E</monospace> + <monospace>1</monospace> = Э</p>
      <p><monospace>E</monospace> + <monospace>2</monospace> = Є</p>
      <p><monospace>I</monospace> + <monospace>0</monospace> = Й</p>
      <p><monospace>I</monospace> + <monospace>1</monospace> = І</p>
      <p><monospace>J</monospace> + <monospace>1</monospace> = Я</p>
      <p><monospace>J</monospace> + <monospace>2</monospace> = Ю</p>
      <p><monospace>K</monospace> + <monospace>H</monospace> = Х</p>
      <p><monospace>K</monospace> + <monospace>h</monospace> = Х</p>
      <p><monospace>L</monospace> + <monospace>1</monospace> = Љ</p>
      <p><monospace>L</monospace> + <monospace>J</monospace> = Љ</p>
      <p><monospace>L</monospace> + <monospace>j</monospace> = Љ</p>
      <p><monospace>N</monospace> + <monospace>1</monospace> = Њ</p>
      <p><monospace>N</monospace> + <monospace>J</monospace> = Њ</p>
      <p><monospace>N</monospace> + <monospace>j</monospace> = Њ</p>
      <p><monospace>P</monospace> + <monospace>1</monospace> = Ь</p>
      <p><monospace>P</monospace> + <monospace>2</monospace> = Ъ</p>
      <p><monospace>S</monospace> + <monospace>H</monospace> = Ш</p>
      <p><monospace>S</monospace> + <monospace>h</monospace> = Ш</p>
      <p><monospace>T</monospace> + <monospace>S</monospace> = Ц</p>
      <p><monospace>T</monospace> + <monospace>s</monospace> = Ц</p>
      <p><monospace>X</monospace> + <monospace>Q</monospace> = Щ</p>
      <p><monospace>X</monospace> + <monospace>q</monospace> = Щ</p>
      <p><monospace>X</monospace> + <monospace>C</monospace> = 6</p>
      <p><monospace>X</monospace> + <monospace>c</monospace> = 6</p>
      <p><monospace>Y</monospace> + <monospace>A</monospace> = Я</p>
      <p><monospace>Y</monospace> + <monospace>a</monospace> = Я</p>
      <p><monospace>Y</monospace> + <monospace>U</monospace> = Ю</p>
      <p><monospace>Y</monospace> + <monospace>u</monospace> = Ю</p>
      <p><monospace>Z</monospace> + <monospace>1</monospace> = Ж</p>
      <p><monospace>Z</monospace> + <monospace>H</monospace> = Ж</p>
      <p><monospace>Z</monospace> + <monospace>h</monospace> = Ж</p>
      <p><monospace>[</monospace> + <monospace>[</monospace> = «</p>
      <p><monospace>]</monospace> + <monospace>]</monospace> = »</p>
      <p><monospace>c</monospace> + <monospace>1</monospace> = ћ</p>
      <p><monospace>c</monospace> + <monospace>h</monospace> = ч</p>
      <p><monospace>d</monospace> + <monospace>1</monospace> = ђ</p>
      <p><monospace>d</monospace> + <monospace>2</monospace> = џ</p>
      <p><monospace>d</monospace> + <monospace>3</monospace> = ѕ</p>
      <p><monospace>d</monospace> + <monospace>j</monospace> = ђ</p>
      <p><monospace>e</monospace> + <monospace>0</monospace> = ё</p>
      <p><monospace>e</monospace> + <monospace>1</monospace> = э</p>
      <p><monospace>e</monospace> + <monospace>2</monospace> = є</p>
      <p><monospace>i</monospace> + <monospace>0</monospace> = й</p>
      <p><monospace>i</monospace> + <monospace>1</monospace> = і</p>
      <p><monospace>j</monospace> + <monospace>1</monospace> = я</p>
      <p><monospace>j</monospace> + <monospace>2</monospace> = ю</p>
      <p><monospace>k</monospace> + <monospace>h</monospace> = х</p>
      <p><monospace>l</monospace> + <monospace>1</monospace> = љ</p>
      <p><monospace>l</monospace> + <monospace>j</monospace> = љ</p>
      <p><monospace>n</monospace> + <monospace>1</monospace> = њ</p>
      <p><monospace>n</monospace> + <monospace>j</monospace> = њ</p>
      <p><monospace>p</monospace> + <monospace>1</monospace> = п1</p>
      <p><monospace>p</monospace> + <monospace>2</monospace> = п2</p>
      <p><monospace>s</monospace> + <monospace>h</monospace> = ш</p>
      <p><monospace>t</monospace> + <monospace>s</monospace> = ц</p>
      <p><monospace>x</monospace> + <monospace>q</monospace> = щ</p>
      <p><monospace>x</monospace> + <monospace>c</monospace> = 7</p>
      <p><monospace>y</monospace> + <monospace>a</monospace> = я</p>
      <p><monospace>y</monospace> + <monospace>u</monospace> = ю</p>
      <p><monospace>z</monospace> + <monospace>1</monospace> = ж</p>
      <p><monospace>z</monospace> + <monospace>h</monospace> = ж</p>
    </sec>
  </body>
</article>
