<?xml version="1.0" encoding="utf-8"?>
<!DOCTYPE book PUBLIC "-//NLM//DTD BITS Book Interchange DTD v2.1 20180401//EN" "BITS-book2.dtd">
<book xmlns:xlink="http://www.w3.org/1999/xlink">
  <book-meta>
    <book-title-group>
      <book-title>part</book-title>
    </book-title-group>
  </book-meta>
  <front-matter id="ltxid1">
    <toc id="ltxid2" specific-use="toc">
      <toc-title-group>
        <title>Contents</title>
      </toc-title-group>
      <toc-entry specific-use="epub-opening-page">
        <title>Publisher’s Notice</title>
        <nav-pointer rid="ltxid3"/>
      </toc-entry>
      <toc-entry specific-use="part">
        <label>Part 1<x>.</x></label>
        <title>Part title</title>
        <nav-pointer rid="ltxid5"/>
        <toc-entry specific-use="chapter">
          <label>Chapter 1<x>.</x></label>
          <title>Chapter heading</title>
          <nav-pointer rid="ltxid7"/>
          <toc-entry specific-use="section">
            <label>1<x>.</x></label>
            <title>Section heading</title>
            <nav-pointer rid="ltxid8"/>
          </toc-entry>
        </toc-entry>
      </toc-entry>
      <toc-entry specific-use="chapter">
        <label>Appendix A<x>.</x></label>
        <title>A Numbered Appendix</title>
        <nav-pointer rid="ltxid12"/>
      </toc-entry>
      <toc-entry specific-use="chapter">
        <title>An Unnumbered Appendix</title>
        <nav-pointer rid="ltxid13"/>
      </toc-entry>
    </toc>
    <notes id="ltxid3" notes-type="publishers-note" specific-use="epub-opening-page">
      <title>Publisher’s Notice</title>
      <p>The <ext-link xlink:href="https://www.ams.org">American Mathematical Society</ext-link> has provided this ebook to you without Digital Rights Management (DRM) software applied so that you can enjoy reading it on your personal devices. This ebook is for your personal use only and must not be made publicly available in any way. You may not copy, reproduce, or upload this ebook except to read it on your personal devices.</p>
    </notes>
  </front-matter>
  <book-body id="ltxid4">
    <book-part>
      <body>
        <sec disp-level="1" id="ltxid5" specific-use="part">
          <label>Part 1</label>
          <title>Part title</title>
          <sec disp-level="4" id="ltxid6" specific-use="subsection">
            <p>Some random text before the chapter.</p>
          </sec>
          <sec disp-level="2" id="ltxid7" specific-use="chapter">
            <label>Chapter 1</label>
            <title>Chapter heading</title>
            <p>hello, world</p>
            <sec disp-level="3" id="ltxid8" specific-use="section">
              <label>1<x>.</x></label>
              <title>Section heading</title>
              <sec disp-level="4" id="ltxid9" specific-use="subsection">
                <label>1.1<x>.</x></label>
                <title>Subsection heading<x>.</x></title>
              </sec>
            </sec>
          </sec>
        </sec>
      </body>
    </book-part>
  </book-body>
  <book-back id="ltxid10">
    <book-app-group id="ltxid11">
      <book-app disp-level="2" id="ltxid12" specific-use="chapter">
        <book-part-meta>
          <title-group>
            <label>Appendix A</label>
            <title>A Numbered Appendix</title>
          </title-group>
        </book-part-meta>
        <body>
          <p>hello, appendix</p>
        </body>
      </book-app>
      <book-app disp-level="2" id="ltxid13" specific-use="chapter">
        <book-part-meta>
          <title-group>
            <label>Appendix</label>
            <title>An Unnumbered Appendix</title>
          </title-group>
        </book-part-meta>
        <body>
          <p>hello, other appendix</p>
        </body>
      </book-app>
    </book-app-group>
  </book-back>
</book>
