<?xml version="1.0" encoding="UTF-8"?>
<!DOCTYPE article PUBLIC "-//AMS TEXML//DTD MODIFIED JATS (Z39.96) Journal Archiving and Interchange DTD with MathML3 v1.3d2 20201130//EN" "texml-jats-1-3d2.dtd">
<article xmlns:xlink="http://www.w3.org/1999/xlink">
  <p>hello, world</p>
  <p>1: [first line ]</p>
  <p>2: [second line ]</p>
  <p>3: [third line ]</p>
  <p>4: [fourth line enjambed ]</p>
  <p>5: [fifth line ]</p>
  <p>6: [final line ]</p>
  <p>7: [</p>
  <p>]</p>
  <p>End of datafile</p>
  <p>EOF</p>
</article>
