<?xml version="1.0" encoding="UTF-8"?>
<!DOCTYPE article PUBLIC "-//AMS TEXML//DTD MODIFIED JATS (Z39.96) Journal Archiving and Interchange DTD with MathML3 v1.3d2 20201130//EN" "texml-jats-1-3d2.dtd">
<article xmlns:xlink="http://www.w3.org/1999/xlink">
  <p>See [section ref] <xref-group><xref ref-subtype="section" ref-type="sec" rid="ltxid1" specific-use="ref">1</xref></xref-group>.</p>
  <p>See [section ref*] <xref-group>1</xref-group>.</p>
  <p>See [section nameref] <xref-group><xref ref-type="sec" rid="ltxid1" specific-use="nameref">Introduction</xref></xref-group>.</p>
  <p>See [section nameref*] <xref-group><xref linked="no" ref-type="sec" rid="ltxid1" specific-use="nameref">Introduction</xref></xref-group>.</p>
  <p>See [equation cref] <xref-group><x>(</x><xref ref-subtype="equation" ref-type="disp-formula" rid="texmlid1" specific-use="ref">1</xref><x>)</x></xref-group></p>
  <sec disp-level="1" id="ltxid1" specific-use="section">
    <label>1<x>.</x></label>
    <title>Introduction</title>
    <p>This is <xref-group><xref ref-type="sec" rid="ltxid1" specific-use="nameref">Introduction</xref></xref-group>.</p>
    <p><disp-formula content-type="math/tex">
        <tex-math>\begin{equation}
  1 + 1 = 2 <target id="texmlid1"><tag parens="yes">1</tag></target>
\end{equation}</tex-math>
      </disp-formula></p>
    <statement content-type="theorem theorem" id="ltxid2" style="thmplain">
      <label>Theorem 1<x>.</x></label>
      <p>Here is a theorem.</p>
    </statement>
  </sec>
</article>
