<?xml version="1.0" encoding="UTF-8"?>
<!DOCTYPE article PUBLIC "-//AMS TEXML//DTD MODIFIED JATS (Z39.96) Journal Archiving and Interchange DTD with MathML3 v1.3d2 20201130//EN" "texml-jats-1-3d2.dtd">
<article xmlns:xlink="http://www.w3.org/1999/xlink">
  <front id="ltxid1">
    <article-meta>
      <title-group>
        <article-title>refrange</article-title>
      </title-group>
    </article-meta>
  </front>
  <body id="ltxid2">
    <sec disp-level="1" id="ltxid3" specific-use="section">
      <label>1</label>
      <title>Introduction</title>
      <p>See sections <xref-group first="ltxid4" last="ltxid11" middle="ltxid7 ltxid10"><xref ref-subtype="section" ref-type="sec" rid="ltxid4" specific-use="ref">2</xref><x>–</x><xref ref-subtype="section" ref-type="sec" rid="ltxid11" specific-use="ref">5</xref></xref-group></p>
      <p>See sections <xref-group first="ltxid3" last="ltxid7" middle="ltxid4"><xref ref-subtype="section" ref-type="sec" rid="ltxid3" specific-use="ref">1</xref><x>–</x><xref ref-subtype="section" ref-type="sec" rid="ltxid7" specific-use="ref">3</xref></xref-group></p>
      <p>See equations <xref-group first="texmlid1" last="texmlid2" middle="texmlid4 texmlid5"><x>(</x><xref ref-subtype="equation" ref-type="disp-formula" rid="texmlid1" specific-use="ref">2</xref><x>)</x><x>–</x><x>(</x><xref ref-subtype="equation" ref-type="disp-formula" rid="texmlid2" specific-use="ref">5</xref><x>)</x></xref-group>.</p>
    </sec>
    <sec disp-level="1" id="ltxid4" specific-use="section">
      <label>2</label>
      <title>Second section</title>
      <p>blah blah blah</p>
      <sec disp-level="2" id="ltxid5" specific-use="subsection">
        <label>2.1</label>
        <title>jkljba</title>
        <p>bljasjfas</p>
        <p>
          <disp-formula content-type="math/tex">
            <tex-math>\begin{equation}
a = b <target id="texmlid3"><tag parens="yes">1</tag></target>
\end{equation}</tex-math>
          </disp-formula>
        </p>
      </sec>
      <sec disp-level="2" id="ltxid6" specific-use="subsection">
        <label>2.2</label>
        <title>jkljba</title>
      </sec>
    </sec>
    <sec disp-level="1" id="ltxid7" specific-use="section">
      <label>3</label>
      <title>Third section</title>
      <p>blah blah blah</p>
      <sec disp-level="2" id="ltxid8" specific-use="subsection">
        <label>3.1</label>
        <title>jkljba</title>
        <p>bljasjfas</p>
        <p>
          <disp-formula content-type="math/tex">
            <tex-math>\begin{equation}
 c = d <target id="texmlid1"><tag parens="yes">2</tag></target>
\end{equation}</tex-math>
          </disp-formula>
        </p>
      </sec>
      <sec disp-level="2" id="ltxid9" specific-use="subsection">
        <label>3.2</label>
        <title>jkljba</title>
      </sec>
    </sec>
    <sec disp-level="1" id="ltxid10" specific-use="section">
      <label>4</label>
      <title>Fourth section</title>
      <p>blah blah blah</p>
      <p>
        <disp-formula content-type="math/tex">
          <tex-math>\begin{equation}
 e = f <target id="texmlid4"><tag parens="yes">3</tag></target>
\end{equation}</tex-math>
        </disp-formula>
      </p>
    </sec>
    <sec disp-level="1" id="ltxid11" specific-use="section">
      <label>5</label>
      <title>Fifth section</title>
      <p>
        <disp-formula content-type="math/tex">
          <tex-math>\begin{equation}
 g = h <target id="texmlid5"><tag parens="yes">4</tag></target>
\end{equation}</tex-math>
        </disp-formula>
      </p>
      <p>blah blah blah</p>
    </sec>
    <sec disp-level="1" id="ltxid12" specific-use="section">
      <label>6</label>
      <title>Sixth section</title>
      <p>blah blah blah</p>
      <p>
        <disp-formula content-type="math/tex">
          <tex-math>\begin{equation}
 i = j <target id="texmlid2"><tag parens="yes">5</tag></target>
\end{equation}</tex-math>
        </disp-formula>
      </p>
    </sec>
    <sec disp-level="1" id="ltxid13" specific-use="section">
      <label>7</label>
      <title>Seventh section</title>
      <p>blah blah blah</p>
      <p>
        <disp-formula content-type="math/tex">
          <tex-math>\begin{equation}
 k = l <target id="texmlid6"><tag parens="yes">6</tag></target>
\end{equation}</tex-math>
        </disp-formula>
      </p>
    </sec>
  </body>
</article>
