<?xml version="1.0" encoding="UTF-8"?>
<!DOCTYPE article PUBLIC "-//AMS TEXML//DTD MODIFIED JATS (Z39.96) Journal Archiving and Interchange DTD with MathML3 v1.3d2 20201130//EN" "texml-jats-1-3d2.dtd">
<article xmlns:xlink="http://www.w3.org/1999/xlink">
  <front id="ltxid1">
    <article-meta>
      <title-group>
        <article-title>scantokens</article-title>
      </title-group>
    </article-meta>
  </front>
  <body id="ltxid2">
    <sec id="ltxid3" specific-use="section">
      <p>1: hello, world</p>
      <p>2: [hello, world ]</p>
      <p>3: [hello, world]</p>
      <p>4: [hello, wor…ld]</p>
      <p>5: twiddle</p>
      <p>6: ~</p>
      <p>7: twiddle…</p>
      <p>8: ~…</p>
    </sec>
  </body>
</article>
