<?xml version="1.0" encoding="UTF-8"?>
<!DOCTYPE article PUBLIC "-//NLM//DTD JATS (Z39.96) Journal Archiving and Interchange DTD with MathML3 v1.1d1 20130915//EN" "JATS-archivearticle1-mathml3.dtd">
<article xmlns:html="http://www.w3.org/1999/xhtml" xmlns:xlink="http://www.w3.org/1999/xlink">
  <front>
    <journal-meta>
      <journal-id journal-id-type="publisher">amsart</journal-id>
    </journal-meta>
    <article-meta>
      <title-group>
        <article-title>Sections</article-title>
      </title-group>
    </article-meta>
  </front>
  <body>
    <sec disp-level="1" id="ltxid1" specific-use="section">
      <label>1</label>
      <title>First section</title>
      <p>Some text.</p>
      <sec disp-level="2" id="ltxid2" specific-use="subsection">
        <label>1.1</label>
        <title>First subsection</title>
        <p>Some text.</p>
      </sec>
      <sec disp-level="2" id="ltxid3" specific-use="subsection">
        <label>1.2</label>
        <title>Second subsection</title>
        <p>Some text.</p>
      </sec>
    </sec>
    <sec disp-level="1" id="ltxid4" specific-use="section">
      <label>2</label>
      <title>Second section</title>
      <p>Some text.</p>
      <sec disp-level="2" id="ltxid5" specific-use="subsection">
        <label>2.1</label>
        <title>First subsection</title>
        <p>Some text.</p>
      </sec>
      <sec disp-level="2" id="ltxid6" specific-use="subsection">
        <label>2.2</label>
        <title>Second subsection</title>
        <p>Some text.</p>
      </sec>
      <sec disp-level="2" id="ltxid7" specific-use="subsection">
        <label>2.3</label>
        <title>
          <roman>Third subsection</roman>
        </title>
        <p>Some text.</p>
      </sec>
    </sec>
    <sec disp-level="1" id="ltxid8" specific-use="section">
      <label>3</label>
      <title>Third section</title>
      <p>Some text.</p>
    </sec>
    <sec disp-level="1" id="ltxid9" specific-use="section">
      <label>4</label>
      <title>Fourth section</title>
      <p>Some text.</p>
    </sec>
    <sec disp-level="1" id="ltxid10" specific-use="section">
      <label>5</label>
      <title>Fifth section</title>
      <p>Some text.</p>
    </sec>
  </body>
</article>
