<?xml version="1.0" encoding="UTF-8"?>
<!DOCTYPE article PUBLIC "-//AMS TEXML//DTD MODIFIED JATS (Z39.96) Journal Archiving and Interchange DTD with MathML3 v1.3d2 20201130//EN" "texml-jats-1-3d2.dtd">
<article xmlns:xlink="http://www.w3.org/1999/xlink">
  <p>
    <monospace>macro:-&gt;\@protected@testopt \subfigure \\subfigure {}</monospace>
  </p>
  <front id="ltxid1">
    <article-meta>
      <title-group>
        <article-title>subcaption</article-title>
      </title-group>
    </article-meta>
  </front>
  <body id="ltxid2">
    <sec disp-level="1" id="ltxid3" specific-use="section">
      <p>hello, world</p>
      <fig-group id="ltxid4" specific-use="figure">
        <label>Figure 1</label>
        <caption>
          <p>A multi-part figure</p>
        </caption>
        <fig id="ltxid5"><label>a</label><caption><p>Subfigure A</p></caption> A </fig>
        <fig id="ltxid6"><label>b</label><caption><p>Subfigure B</p></caption> B </fig>
      </fig-group>
      <table-wrap-group id="ltxid7" specific-use="table">
        <label>Table 1</label>
        <caption>
          <p>A multi-part table</p>
        </caption>
        <table-wrap id="ltxid8"><label>a</label><caption><p>Subtable A</p></caption> A </table-wrap>
        <table-wrap id="ltxid9"><label>b</label><caption><p>Subtable B</p></caption> B </table-wrap>
      </table-wrap-group>
    </sec>
  </body>
</article>
