<?xml version="1.0" encoding="UTF-8"?>
<!DOCTYPE article PUBLIC "-//NLM//DTD JATS (Z39.96) Journal Archiving and Interchange DTD with MathML3 v1.1d1 20130915//EN" "JATS-archivearticle1-mathml3.dtd">
<article xmlns:html="http://www.w3.org/1999/xhtml" xmlns:xlink="http://www.w3.org/1999/xlink">
  <front id="ltxid1">
    <article-meta>
      <title-group>
        <article-title>subfig</article-title>
      </title-group>
    </article-meta>
  </front>
  <body id="ltxid2">
    <fig-group id="ltxid3" specific-use="figure">
      <label>Figure 1</label>
      <caption>
        <p>whole figure caption</p>
      </caption>
      <fig id="ltxid4">
        <label>a</label>Subfigure (a)</fig>
      <fig id="ltxid5">Unnumbered subfigure</fig>
      <fig id="ltxid6">
        <label>b</label>Subfigure b</fig>
    </fig-group>
  </body>
</article>
