.texml-bltsc { border-left: thin solid currentColor }
.texml-pl { padding-left: 5.0pt }
.texml-pr { padding-right: 5.0pt }
.texml-tac { text-align: center }
.texml-bcc { border-collapse: collapse }
.texml-bldc { border-left: double currentColor }
.texml-brtsc { border-right: thin solid currentColor }
.texml-brdc { border-right: double currentColor }
.texml-tal { text-align: left }
.texml-pr1 { padding-right: 0.0pt }
.texml-pl1 { padding-left: 10.0pt }
.texml-pl2 { padding-left: 15.0pt }
.texml-pr2 { padding-right: 20.0pt }
.texml-pl3 { padding-left: 0.0pt }
.texml-tar { text-align: right }
.texml-vat { vertical-align: top }
.texml-w { width: 72.26999pt }
.texml-bttsc { border-top: thin solid currentColor }
.texml-pb { padding-bottom: 9.0pt }
.texml-bbtsc { border-bottom: thin solid currentColor }
.texml-brn { border-right: none }
