.texml-bltsb { border-left: thin solid black }
.texml-pl { padding-left: 5.0pt }
.texml-pr { padding-right: 5.0pt }
.texml-tac { text-align: center }
.texml-bcc { border-collapse: collapse }
.texml-bldb { border-left: double black }
.texml-brtsb { border-right: thin solid black }
.texml-brdb { border-right: double black }
.texml-tal { text-align: left }
.texml-pr1 { padding-right: 0.0pt }
.texml-pl1 { padding-left: 10.0pt }
.texml-pl2 { padding-left: 15.0pt }
.texml-pr2 { padding-right: 20.0pt }
.texml-pl3 { padding-left: 0.0pt }
.texml-tar { text-align: right }
.texml-vat { vertical-align: top }
.texml-w { width: 72.26999pt }
.texml-bttsb { border-top: thin solid black }
.texml-pb { padding-bottom: 9.0pt }
.texml-bbtsb { border-bottom: thin solid black }
.texml-brn { border-right: none }
