.bltsb { border-left: thin solid black }
.pl { padding-left: 5.0pt }
.pr { padding-right: 5.0pt }
.tac { text-align: center }
.bcc { border-collapse: collapse }
.bldb { border-left: double black }
.brtsb { border-right: thin solid black }
.brdb { border-right: double black }
.tal { text-align: left }
.pr1 { padding-right: 0.0pt }
.pl1 { padding-left: 10.0pt }
.pl2 { padding-left: 15.0pt }
.pr2 { padding-right: 20.0pt }
.pl3 { padding-left: 0.0pt }
.tar { text-align: right }
.vat { vertical-align: top }
.w { width: 72.26999pt }
.bttsb { border-top: thin solid black }
.pb { padding-bottom: 9.0pt }
.bbtsb { border-bottom: thin solid black }
.brn { border-right: none }
