<?xml version="1.0" encoding="UTF-8"?>
<!DOCTYPE article PUBLIC "-//AMS TEXML//DTD MODIFIED JATS (Z39.96) Journal Archiving and Interchange DTD with MathML3 v1.3d2 20201130//EN" "texml-jats-1-3d2.dtd">
<article xmlns:xlink="http://www.w3.org/1999/xlink">
  <p>hello, world</p>
  <p>
    <disp-formula content-type="math/tex">
      <tex-math>\begin{equation}
 1 + 1 = 2  <target id="x"><tag parens="yes"><inline-formula content-type="math/tex"><tex-math>x</tex-math></inline-formula></tag></target>
\end{equation}</tex-math>
    </disp-formula>
  </p>
  <p>
    <disp-formula content-type="math/tex">
      <tex-math>\begin{equation}
 1 + 1 = 2  <target id="y"><tag parens="no"><inline-formula content-type="math/tex"><tex-math>y</tex-math></inline-formula></tag></target>
\end{equation}</tex-math>
    </disp-formula>
  </p>
  <p>See <xref-group><x>(</x><xref ref-subtype="equation" ref-type="disp-formula" rid="x" specific-use="ref"><inline-formula content-type="math/tex"><tex-math>x</tex-math></inline-formula></xref><x>)</x></xref-group> and <xref-group><x>(</x><xref ref-subtype="equation" ref-type="disp-formula" rid="y" specific-use="ref"><inline-formula content-type="math/tex"><tex-math>y</tex-math></inline-formula></xref><x>)</x></xref-group>.</p>
</article>
