<?xml version="1.0" encoding="UTF-8"?>
<!DOCTYPE article PUBLIC "-//AMS TEXML//DTD MODIFIED JATS (Z39.96) Journal Archiving and Interchange DTD with MathML3 v1.3d2 20201130//EN" "texml-jats-1-3d2.dtd">
<article xmlns:xlink="http://www.w3.org/1999/xlink">
  <front id="ltxid1">
    <article-meta>
      <title-group>
        <article-title>textequation</article-title>
      </title-group>
    </article-meta>
  </front>
  <body id="ltxid2">
    <sec disp-level="1" id="ltxid3" specific-use="section">
      <p>hello, world</p>
      <disp-formula content-type="text" id="ltxid4">
        <p>Standard numbered equation.</p>
        <target id="A">
          <tag parens="yes">1</tag>
        </target>
      </disp-formula>
      <disp-formula content-type="text" id="ltxid5">
        <p>Tagged equation.</p>
        <target id="B">
          <tag parens="yes">XXX</tag>
        </target>
      </disp-formula>
      <disp-formula content-type="text" id="ltxid6">
        <p>Unnumbered equation.</p>
      </disp-formula>
      <p>First: <xref-group><xref ref-subtype="equation" ref-type="disp-formula" rid="A" specific-use="eqref"><x>(</x>1<x>)</x></xref></xref-group></p>
      <p>Second: <xref-group><xref ref-subtype="equation" ref-type="disp-formula" rid="B" specific-use="eqref"><x>(</x>XXX<x>)</x></xref></xref-group></p>
    </sec>
  </body>
</article>
