<?xml version="1.0" encoding="UTF-8"?>
<!DOCTYPE article PUBLIC "-//AMS TEXML//DTD MODIFIED JATS (Z39.96) Journal Archiving and Interchange DTD with MathML3 v1.3d2 20201130//EN" "texml-jats-1-3d2.dtd">
<article xmlns:xlink="http://www.w3.org/1999/xlink">
  <p>hello, world</p>
  <p>1: <monospace>macro:-&gt;\char "41</monospace></p>
  <p>2: <monospace>macro:-&gt;A</monospace>; <monospace>the character A</monospace></p>
  <p>3: <monospace>macro:-&gt;6</monospace>; <monospace>the character 6</monospace></p>
  <p>4: <monospace>macro:-&gt; </monospace>; <monospace>blank space  </monospace></p>
  <p>5: <monospace>macro:-&gt;#</monospace>; <monospace>the character #</monospace></p>
  <p>Γ</p>
</article>
