<?xml version="1.0" encoding="UTF-8"?>
<!DOCTYPE article PUBLIC "-//AMS TEXML//DTD MODIFIED JATS (Z39.96) Journal Archiving and Interchange DTD with MathML3 v1.3d2 20201130//EN" "texml-jats-1-3d2.dtd">
<article xmlns:xlink="http://www.w3.org/1999/xlink">
  <front id="ltxid1">
    <article-meta>
      <title-group>
        <article-title>upgreek</article-title>
      </title-group>
    </article-meta>
  </front>
  <body id="ltxid2">
    <sec disp-level="1" id="ltxid3" specific-use="section">
      <p>hello, world</p>
      <p>Updelta: <inline-formula content-type="math/tex"><tex-math>\mupDelta </tex-math></inline-formula></p>
      <p>Upgamma: <inline-formula content-type="math/tex"><tex-math>\mupGamma </tex-math></inline-formula></p>
      <p>Uplambda: <inline-formula content-type="math/tex"><tex-math>\mupLambda </tex-math></inline-formula></p>
      <p>Upomega: <inline-formula content-type="math/tex"><tex-math>\mupOmega </tex-math></inline-formula></p>
      <p>Upphi: <inline-formula content-type="math/tex"><tex-math>\mupPhi </tex-math></inline-formula></p>
      <p>Uppi: <inline-formula content-type="math/tex"><tex-math>\mupPi </tex-math></inline-formula></p>
      <p>Uppsi: <inline-formula content-type="math/tex"><tex-math>\mupPsi </tex-math></inline-formula></p>
      <p>Upsigma: <inline-formula content-type="math/tex"><tex-math>\mupSigma </tex-math></inline-formula></p>
      <p>Uptheta: <inline-formula content-type="math/tex"><tex-math>\mupTheta </tex-math></inline-formula></p>
      <p>Upupsilon: <inline-formula content-type="math/tex"><tex-math>\mupUpsilon </tex-math></inline-formula></p>
      <p>Upxi: <inline-formula content-type="math/tex"><tex-math>\mupXi </tex-math></inline-formula></p>
      <p>upalpha: <inline-formula content-type="math/tex"><tex-math>\mupalpha </tex-math></inline-formula></p>
      <p>upbeta: <inline-formula content-type="math/tex"><tex-math>\mupbeta </tex-math></inline-formula></p>
      <p>upchi: <inline-formula content-type="math/tex"><tex-math>\mupchi </tex-math></inline-formula></p>
      <p>updelta: <inline-formula content-type="math/tex"><tex-math>\mupdelta </tex-math></inline-formula></p>
      <p>upepsilon: <inline-formula content-type="math/tex"><tex-math>\mupepsilon </tex-math></inline-formula></p>
      <p>upeta: <inline-formula content-type="math/tex"><tex-math>\mupeta </tex-math></inline-formula></p>
      <p>upgamma: <inline-formula content-type="math/tex"><tex-math>\mupgamma </tex-math></inline-formula></p>
      <p>upiota: <inline-formula content-type="math/tex"><tex-math>\mupiota </tex-math></inline-formula></p>
      <p>upkappa: <inline-formula content-type="math/tex"><tex-math>\mupkappa </tex-math></inline-formula></p>
      <p>uplambda: <inline-formula content-type="math/tex"><tex-math>\muplambda </tex-math></inline-formula></p>
      <p>upmu: <inline-formula content-type="math/tex"><tex-math>\mupmu </tex-math></inline-formula></p>
      <p>upnu: <inline-formula content-type="math/tex"><tex-math>\mupnu </tex-math></inline-formula></p>
      <p>upomega: <inline-formula content-type="math/tex"><tex-math>\mupomega </tex-math></inline-formula></p>
      <p>upomicron: <inline-formula content-type="math/tex"><tex-math>\mupomicron </tex-math></inline-formula></p>
      <p>upphi: <inline-formula content-type="math/tex"><tex-math>\mupphi </tex-math></inline-formula></p>
      <p>uppi: <inline-formula content-type="math/tex"><tex-math>\muppi </tex-math></inline-formula></p>
      <p>uppsi: <inline-formula content-type="math/tex"><tex-math>\muppsi </tex-math></inline-formula></p>
      <p>uprho: <inline-formula content-type="math/tex"><tex-math>\muprho </tex-math></inline-formula></p>
      <p>upsigma: <inline-formula content-type="math/tex"><tex-math>\mupsigma </tex-math></inline-formula></p>
      <p>uptau: <inline-formula content-type="math/tex"><tex-math>\muptau </tex-math></inline-formula></p>
      <p>uptheta: <inline-formula content-type="math/tex"><tex-math>\muptheta </tex-math></inline-formula></p>
      <p>upupsilon: <inline-formula content-type="math/tex"><tex-math>\mupupsilon </tex-math></inline-formula></p>
      <p>upvarepsilon: <inline-formula content-type="math/tex"><tex-math>\mupvarepsilon </tex-math></inline-formula></p>
      <p>upvarphi: <inline-formula content-type="math/tex"><tex-math>\mupvarphi </tex-math></inline-formula></p>
      <p>upvarpi: <inline-formula content-type="math/tex"><tex-math>\mupvarpi </tex-math></inline-formula></p>
      <p>upvarrho: <inline-formula content-type="math/tex"><tex-math>\mupvarrho </tex-math></inline-formula></p>
      <p>upvarsigma: <inline-formula content-type="math/tex"><tex-math>\mupvarsigma </tex-math></inline-formula></p>
      <p>upvartheta: <inline-formula content-type="math/tex"><tex-math>\mupvartheta </tex-math></inline-formula></p>
      <p>upxi: <inline-formula content-type="math/tex"><tex-math>\mupxi </tex-math></inline-formula></p>
      <p>upzeta: <inline-formula content-type="math/tex"><tex-math>\mupzeta </tex-math></inline-formula></p>
    </sec>
  </body>
</article>
