<?xml version="1.0" encoding="UTF-8"?>
<!DOCTYPE article PUBLIC "-//NLM//DTD JATS (Z39.96) Journal Archiving and Interchange DTD with MathML3 v1.1d1 20130915//EN" "JATS-archivearticle1-mathml3.dtd">
<article xmlns:html="http://www.w3.org/1999/xhtml" xmlns:xlink="http://www.w3.org/1999/xlink">
  <front id="ltxid1">
    <journal-meta>
      <journal-id journal-id-type="publisher">amsart</journal-id>
    </journal-meta>
    <article-meta>
      <title-group>
        <article-title>xcolor</article-title>
      </title-group>
    </article-meta>
  </front>
  <body id="ltxid2">
    <sec disp-level="1" id="ltxid3" specific-use="section">
      <p>hello, world</p>
      <p>This is color: <styled-content text-color="rgb(0.000%, 0.000%, 1.000%)">blue text</styled-content>.</p>
      <p>This is textcolor: <styled-content text-color="rgb(0.000%, 0.000%, 1.000%)">blue text</styled-content>.</p>
      <p>This is colorbox: <styled-content background-color="rgb(0, 140, 10)">“gren” background</styled-content></p>
      <p>.</p>
      <p>This is fcolorbox: <styled-content background-color="rgb(0.000%, 0.000%, 1.000%)" border-color="rgb(0, 140, 10)">“gren” frame with blue background</styled-content>.</p>
      <p>Here’s an SVG color name: <styled-content text-color="Teal">Teal</styled-content>.</p>
      <p>An X11 color name: <styled-content text-color="rgb(0.000%, 0.000%, 0.545%)">Blue4</styled-content>.</p>
      <p>An xcolor name : <styled-content text-color="rgb(0.750%, 0.500%, 0.250%)">brown</styled-content>.</p>
    </sec>
  </body>
</article>
