<?xml version="1.0" encoding="UTF-8"?>
<!DOCTYPE article PUBLIC "-//AMS TEXML//DTD MODIFIED JATS (Z39.96) Journal Archiving and Interchange DTD with MathML3 v1.3d2 20201130//EN" "texml-jats-1-3d2.dtd">
<article xmlns:xlink="http://www.w3.org/1999/xlink">
  <front id="ltxid1">
    <article-meta>
      <title-group>
        <article-title>xcolor</article-title>
      </title-group>
    </article-meta>
  </front>
  <body id="ltxid2">
    <sec disp-level="1" id="ltxid3" specific-use="section">
      <p>hello, world</p>
      <p>This is color: <styled-content text-color="#0000ff">blue text</styled-content>.</p>
      <p>This is color in math: <inline-formula content-type="math/tex"><tex-math>\color[RGB]{0, 140, 10} x</tex-math></inline-formula>,</p>
      <p>This is color in math: <inline-formula content-type="math/tex"><tex-math>\color[RGB]{0, 0, 255} y</tex-math></inline-formula></p>
      <p>This is textcolor: <styled-content text-color="#0000ff">blue text</styled-content>.</p>
      <p>This is textcolor in math: <inline-formula content-type="math/tex"><tex-math>\textcolor[RGB]{0, 0, 255}{blue text}</tex-math></inline-formula>.</p>
      <p>This is colorbox: <styled-content background-color="#008c0a">“gren” background</styled-content>.</p>
      <p>This is colorbox in math: <inline-formula content-type="math/tex"><tex-math>\colorbox[RGB]{0, 140, 10}{``gren'' background}</tex-math></inline-formula>.</p>
      <p>This is fcolorbox: <styled-content background-color="#0000ff" border-color="#008c0a"> “gren” frame with blue background</styled-content>.</p>
      <p>This is fcolorbox in math: <inline-formula content-type="math/tex"><tex-math>\fcolorbox[RGB]{0, 140, 10}[RGB]{0, 0, 255}{}</tex-math></inline-formula>.</p>
      <p>Here’s an SVG color name: <styled-content text-color="#007f7f">Teal</styled-content>.</p>
      <p>Some X11 color names: <styled-content text-color="#0000ed">Blue2</styled-content>, <styled-content text-color="#00008a">Blue4</styled-content>.</p>
      <p>Some xcolor names: <styled-content text-color="#bf7f3f">brown</styled-content>, <styled-content text-color="#00ff00">green</styled-content>.</p>
    </sec>
  </body>
</article>
