TeX Live: 2025

L_code => 4
M_code => 2
R_code => 8
TeXXeT_code => 0
XeTeX_def_code => 85
a_leaders => 100
above => 52
above_code => 0
above_display_short_skip_code => 5
above_display_skip_code => 3
acc_kern => 2
accent => 45
active_base => 1
active_char => 13
adj_demerits_code => 16
advance => 90
after => 1
after_assignment => 40
after_group => 41
assign_dimen => 74
assign_font_dimen => 77
assign_font_int => 78
assign_glue => 75
assign_int => 73
assign_mu_glue => 76
assign_toks => 72
atop_code => 2
badness_code => 5
baseline_skip_code => 1
batch_mode => 0
before => 0
begin_L_code => 6
begin_M_code => 2
begin_R_code => 10
begin_group => 61
below_display_short_skip_code => 6
below_display_skip_code => 4
biggest_char => 255
biggest_reg => 255
biggest_usv => 255
bin_noad => 18
bin_op_penalty_code => 9
bot_mark_code => 2
box_base => 27433
box_code => 0
box_max_depth_code => 7
box_ref => 122
break_penalty => 42
broken_penalty_code => 8
c_leaders => 101
call => 114
car_ret => 5
case_shift => 57
cat_code_base => 27741
char_def_code => 0
char_given => 68
char_num => 16
char_sub_code_base => 29021
char_sub_def_max_code => 56
char_sub_def_min_code => 55
close_noad => 21
close_node => 2
club_penalties_loc => 27430
club_penalty_code => 5
comment => 14
convert => 111
copy_code => 1
count_base => 29391
count_def_code => 2
cr_code => 257
cr_cr_code => 258
cramped => 1
cs_name => 110
cs_token_flag => 4095
cur_fam_code => 44
cur_font_loc => 27689
current_group_level_code => 21
current_group_type_code => 22
current_if_branch_code => 25
current_if_level_code => 23
current_if_type_code => 24
data => 123
day_code => 21
def => 97
def_code => 85
def_family => 86
def_font => 88
default_hyphen_char_code => 46
default_skew_char_code => 47
del_code_base => 29647
delim_num => 15
delimited_code => 3
delimiter_factor_code => 18
delimiter_shortfall_code => 10
depth_offset => 2
dimen_base => 29903
dimen_def_code => 3
dimen_pars => 34
dimen_val => 1
discretionary => 47
display_indent_code => 15
display_style => 0
display_widow_penalties_loc => 27432
display_widow_penalty_code => 7
display_width_code => 14
divide => 92
dont_expand => 119
double_hyphen_demerits_code => 14
eTeX_dim => 28
eTeX_expr => 39
eTeX_glue => 37
eTeX_int => 20
eTeX_mu => 38
eTeX_revision_code => 5
eTeX_state_base => 29389
eTeX_state_code => 112
eTeX_states => 1
eTeX_version_code => 20
ef_code_base => 4
elapsed_time_code => 16
else_code => 3
emergency_stretch_code => 20
end_L_code => 7
end_M_code => 3
end_R_code => 11
end_cs_name => 67
end_group => 62
end_line_char_code => 48
end_match => 14
end_template => 118
end_write => 15522
endv => 9
eq_no => 48
eqtb_size => 30192
err_help_loc => 27167
error_context_lines_code => 54
error_stop_mode => 3
escape => 0
escape_char_code => 45
etex_convert_base => 5
etex_convert_codes => 6
etex_int_base => 102
etex_int_pars => 113
etex_pen_base => 27429
etex_pens => 27433
etex_toks => 27173
etex_toks_base => 27172
every_cr_loc => 27166
every_display_loc => 27162
every_eof_loc => 27172
every_hbox_loc => 27163
every_job_loc => 27165
every_math_loc => 27161
every_par_loc => 27160
every_vbox_loc => 27164
ex_hyphen_penalty_code => 4
ex_space => 64
expand_after => 105
expanded_code => 6
explicit => 1
extension => 59
fi_code => 2
fi_or_else => 109
fil_code => 0
fil_neg_code => 3
fill_code => 1
final_hyphen_demerits_code => 15
first_mark_code => 1
first_text_char => 0
floating_penalty_code => 42
fmem_word_length => 4
fmt_has_hyph_start => 1
font_base => 0
font_char_dp_code => 30
font_char_ht_code => 29
font_char_ic_code => 31
font_char_wd_code => 28
font_mem_size => 100000
font_name_code => 4
frozen_control_sequence => 15514
frozen_cr => 15515
frozen_dont_expand => 15523
frozen_end_group => 15516
frozen_end_template => 15519
frozen_endv => 15520
frozen_fi => 15518
frozen_null_font => 17626
frozen_primitive => 15525
frozen_protection => 15514
frozen_relax => 15521
frozen_right => 15517
frozen_special => 15524
global_defs_code => 43
glue_base => 26628
glue_node => 10
glue_pars => 18
glue_ref => 120
glue_shrink_code => 36
glue_shrink_order_code => 27
glue_stretch_code => 35
glue_stretch_order_code => 26
glue_to_mu_code => 38
glue_val => 2
h_offset_code => 18
halign => 32
hang_after_code => 41
hang_indent_code => 17
has_enctex => 1
has_etex => 1
has_mltex => 1
has_translation_tables => 1
hash_base => 514
hash_prime => 8501
hash_size => 15000
hbadness_code => 26
height_offset => 3
hfuzz_code => 8
hmode => 105
hmove => 21
holding_inserts_code => 53
hrule => 36
hsize_code => 3
hskip => 26
hyph_data => 99
hyph_prime => 607
hyph_size => 659
hyphen_penalty_code => 3
if_case_code => 16
if_cat_code => 1
if_char_code => 0
if_code => 1
if_cs_code => 18
if_def_code => 17
if_dim_code => 3
if_eof_code => 13
if_false_code => 15
if_font_char_code => 19
if_hbox_code => 10
if_hmode_code => 6
if_in_csname_code => 20
if_inner_code => 8
if_int_code => 2
if_mmode_code => 7
if_odd_code => 4
if_pdfabs_dim_code => 23
if_pdfabs_num_code => 22
if_pdfprimitive_code => 21
if_test => 108
if_true_code => 14
if_vbox_code => 11
if_vmode_code => 5
if_void_code => 9
ifx_code => 12
ignore => 9
ignore_primitive_error_code => 111
ignore_spaces => 39
immediate_code => 5
in_stream => 60
inner_noad => 23
input => 107
input_line_no_code => 4
insert => 37
int_base => 29277
int_pars => 114
int_val => 0
inter_line_penalties_loc => 27429
inter_line_penalty_code => 13
invalid_char => 15
is_luatex => 0
is_xetex => 0
ital_corr => 44
job_name_code => 33
kern => 29
kern_node => 11
kn_ac_code_base => 11
kn_bc_code_base => 10
kn_bs_code_base => 7
language_code => 50
language_node => 5
last_box_code => 2
last_item => 70
last_line_fit_code => 108
last_node_type_code => 3
last_text_char => 255
latespecial_node => 4
lc_code_base => 27997
leader_ship => 31
left_brace => 1
left_hyphen_min_code => 51
left_margin_kern_code => 16
left_noad => 30
left_right => 49
left_skip_code => 7
let => 94
letter => 11
letterspace_font => 101
limit_switch => 51
limits => 1
line_penalty_code => 2
line_skip_code => 0
line_skip_limit_code => 2
local_base => 27158
long_call => 115
long_outer_call => 117
looseness_code => 19
lp_code_base => 2
mac_param => 6
mag_code => 17
make_box => 20
mark => 18
marks_code => 5
match => 13
math_accent => 46
math_char_def_code => 1
math_char_num => 17
math_choice => 54
math_code_base => 28765
math_comp => 50
math_font_base => 27693
math_given => 69
math_shift => 3
math_style => 53
math_surround_code => 1
max_char_code => 15
max_command => 103
max_dead_cycles_code => 40
max_depth_code => 5
max_font_max => 9000
max_halfword => 268435455
max_internal => 89
max_non_prefixed_command => 70
meaning_code => 3
med_mu_skip_code => 16
mem_bot => 0
mem_min => 0
message => 58
middle_noad => 1
min_halfword => -268435455
min_internal => 68
min_quarterword => 0
mkern => 30
mmode => 209
month_code => 22
mskip => 28
mskip_code => 5
mu_glue => 99
mu_skip_base => 26902
mu_skip_def_code => 5
mu_to_glue_code => 37
mu_val => 3
mubyte_in_code => 61
mubyte_log_code => 63
mubyte_out_code => 62
multiply => 91
new_line_char_code => 49
no_align => 34
no_boundary => 65
no_expand => 106
no_lig_code => 6
no_limits => 2
non_script => 55
nonstop_mode => 1
normal => 0
normal_deviate_code => 30
null => -268435455
null_cs => 513
null_delimiter_space_code => 11
null_font => 0
null_ptr => -268435455
num_sparse_arrays => 6
number_code => 0
number_math_families => 16
number_math_fonts => 48
number_regs => 256
number_usvs => 256
omit => 63
op_noad => 17
open_noad => 20
open_node => 0
or_code => 4
ord_noad => 16
other_char => 12
out_param => 5
outer_call => 116
output_penalty_code => 39
output_routine_loc => 27159
over_code => 1
over_noad => 27
overfull_rule_code => 16
par_end => 13
par_fill_skip_code => 14
par_indent_code => 0
par_shape_dimen_code => 34
par_shape_indent_code => 33
par_shape_length_code => 32
par_shape_loc => 27158
par_skip_code => 2
partoken_context_code => 59
partoken_name => 103
pausing_code => 28
pdf_adjust_interword_glue_code => 87
pdf_adjust_spacing_code => 83
pdf_annot_node => 15
pdf_append_kern_code => 89
pdf_catalog_code => 25
pdf_colorstack_init_code => 19
pdf_colorstack_node => 40
pdf_compress_level_code => 66
pdf_copy_font => 102
pdf_creation_date_code => 22
pdf_decimal_digits_code => 67
pdf_dest_margin_code => 26
pdf_dest_node => 19
pdf_draftmode_code => 91
pdf_each_line_depth_code => 31
pdf_each_line_height_code => 30
pdf_end_link_node => 17
pdf_end_thread_node => 22
pdf_escape_hex_code => 20
pdf_escape_name_code => 15
pdf_escape_string_code => 14
pdf_fake_space_node => 47
pdf_file_dump_code => 26
pdf_file_mod_date_code => 23
pdf_file_size_code => 24
pdf_first_line_height_code => 28
pdf_font_attr_code => 27
pdf_font_expand_code => 34
pdf_font_name_code => 9
pdf_font_objnum_code => 10
pdf_font_size_code => 11
pdf_force_pagebox_code => 76
pdf_gamma_code => 79
pdf_gen_tounicode_code => 90
pdf_glyph_to_unicode_code => 39
pdf_h_origin_code => 21
pdf_ignored_dimen_code => 32
pdf_image_apply_gamma_code => 82
pdf_image_gamma_code => 80
pdf_image_hicolor_code => 81
pdf_image_resolution_code => 69
pdf_include_chars_code => 28
pdf_inclusion_copy_font_code => 92
pdf_inclusion_errorlevel_code => 78
pdf_info_code => 24
pdf_info_omit_date_code => 96
pdf_insert_ht_code => 31
pdf_int_pars => 102
pdf_interword_space_off_node => 46
pdf_interword_space_on_node => 45
pdf_last_annot_code => 11
pdf_last_line_depth_code => 29
pdf_last_link_code => 19
pdf_last_match_code => 28
pdf_last_obj_code => 7
pdf_last_x_pos_code => 12
pdf_last_xform_code => 8
pdf_last_ximage_code => 9
pdf_last_ximage_colordepth_code => 15
pdf_last_ximage_pages_code => 10
pdf_last_y_pos_code => 13
pdf_lateliteral_node => 8
pdf_link_margin_code => 25
pdf_literal_node => 7
pdf_major_version_code => 74
pdf_map_file_code => 29
pdf_map_line_code => 30
pdf_match_code => 27
pdf_mdfive_sum_code => 25
pdf_minor_version_code => 75
pdf_move_chars_code => 68
pdf_names_code => 26
pdf_nobuiltin_tounicode_code => 44
pdf_obj_code => 9
pdf_objcompresslevel_code => 86
pdf_omit_charset_code => 98
pdf_omit_info_dict_code => 99
pdf_omit_procset_code => 100
pdf_option_always_use_pdfpagebox_code => 72
pdf_option_pdf_inclusion_errorlevel_code => 73
pdf_outline_code => 18
pdf_output_code => 65
pdf_page_attr_loc => 27169
pdf_page_height_code => 24
pdf_page_ref_code => 12
pdf_page_resources_loc => 27170
pdf_page_width_code => 23
pdf_pagebox_code => 77
pdf_pages_attr_loc => 27168
pdf_pk_mode_loc => 27171
pdf_pk_resolution_code => 70
pdf_prepend_kern_code => 88
pdf_protrude_chars_code => 84
pdf_ptex_use_underscore_code => 101
pdf_px_dimen_code => 33
pdf_refobj_node => 10
pdf_refxform_node => 12
pdf_refximage_node => 14
pdf_restore_node => 43
pdf_retval_code => 14
pdf_running_link_off_node => 48
pdf_running_link_on_node => 49
pdf_save_node => 42
pdf_save_pos_node => 23
pdf_setmatrix_node => 41
pdf_shell_escape_code => 17
pdf_snap_ref_point_node => 36
pdf_snapy_comp_node => 38
pdf_snapy_node => 37
pdf_space_font_code => 50
pdf_start_link_node => 16
pdf_start_thread_node => 21
pdf_strcmp_code => 18
pdf_suppress_ptex_info_code => 97
pdf_suppress_warning_dup_dest_code => 93
pdf_suppress_warning_dup_map_code => 94
pdf_suppress_warning_page_group_code => 95
pdf_thread_margin_code => 27
pdf_thread_node => 20
pdf_toks => 27172
pdf_tracing_fonts_code => 85
pdf_trailer_code => 31
pdf_trailer_id_code => 32
pdf_unescape_hex_code => 21
pdf_unique_resname_code => 71
pdf_v_origin_code => 22
pdf_xform_code => 11
pdf_xform_name_code => 13
pdf_ximage_bbox_code => 32
pdf_ximage_code => 13
pdftex_banner_code => 8
pdftex_convert_codes => 33
pdftex_first_dimen_code => 21
pdftex_first_expand_code => 7
pdftex_first_extension_code => 7
pdftex_first_integer_code => 65
pdftex_first_loc => 27168
pdftex_first_rint_code => 6
pdftex_last_dimen_code => 33
pdftex_last_extension_code => 50
pdftex_last_item_codes => 19
pdftex_revision_code => 7
pdftex_version_code => 6
penalty_node => 12
post_display_penalty_code => 12
pre_display_direction_code => 107
pre_display_penalty_code => 11
pre_display_size_code => 13
prefix => 93
pretolerance_code => 0
prim_eqtb_base => 15526
prim_size => 2100
punct_noad => 22
radical => 66
random_seed_code => 18
read_to_cs => 96
register => 89
rel_noad => 19
rel_penalty_code => 10
relax => 0
remove_item => 25
reset_timer_code => 33
right_brace => 2
right_hyphen_min_code => 52
right_margin_kern_code => 17
right_noad => 31
right_skip_code => 8
roman_numeral_code => 1
rp_code_base => 3
saving_hyph_codes_code => 110
saving_vdiscards_code => 109
scaled_base => 29937
script_script_size => 32
script_script_style => 6
script_size => 16
script_space_code => 12
script_style => 4
scroll_mode => 2
set_aux => 79
set_box => 98
set_box_dimen => 83
set_font => 87
set_interaction => 100
set_language_code => 6
set_page_dimen => 81
set_page_int => 82
set_prev_graf => 80
set_random_seed_code => 35
set_shape => 84
sf_code_base => 28509
sh_bs_code_base => 9
shape_ref => 121
shorthand_def => 95
show_box_breadth_code => 24
show_box_code => 1
show_box_depth_code => 25
show_code => 0
show_groups => 4
show_ifs => 6
show_lists => 3
show_stream_code => 60
show_the_code => 2
show_tokens => 5
shrinking => 2
single_base => 257
skip_base => 26646
skip_code => 4
skip_def_code => 4
space_skip_code => 12
spacer => 10
span_code => 256
spec_out_code => 64
special_node => 3
split_bot_mark_code => 4
split_first_mark_code => 3
split_max_depth_code => 6
split_top_skip_code => 10
ss_code => 2
st_bs_code_base => 8
start_par => 43
stop => 14
stretching => 1
string_code => 2
sub_mark => 8
sup_mark => 7
synctex_code => 113
tab_mark => 4
tab_skip_code => 11
tag_code => 5
tex_int_pars => 55
tex_toks => 27168
text_size => 0
text_style => 2
the => 112
thick_mu_skip_code => 17
thin_mu_skip_code => 15
time_code => 20
toks_base => 27173
toks_def_code => 6
toks_register => 71
tolerance_code => 1
top_bot_mark => 113
top_mark_code => 0
top_skip_code => 9
tracing_assigns_code => 102
tracing_char_sub_def_code => 57
tracing_commands_code => 36
tracing_groups_code => 103
tracing_ifs_code => 104
tracing_lost_chars_code => 35
tracing_macros_code => 30
tracing_nesting_code => 106
tracing_online_code => 29
tracing_output_code => 34
tracing_pages_code => 33
tracing_paragraphs_code => 32
tracing_restores_code => 37
tracing_scan_tokens_code => 105
tracing_stack_levels_code => 58
tracing_stats_code => 31
uc_code_base => 28253
uc_hyph_code => 38
un_hbox => 23
un_vbox => 24
undefined_control_sequence => 26627
undefined_cs => 104
under_noad => 26
uniform_deviate_code => 29
v_offset_code => 19
vadjust => 38
valign => 33
vbadness_code => 27
vcenter => 56
vfuzz_code => 9
vmode => 1
vmove => 22
vrule => 35
vsize_code => 4
vskip => 27
vsplit_code => 3
vtop_code => 4
web2c_int_base => 55
web2c_int_pars => 65
widow_penalties_loc => 27431
widow_penalty_code => 6
width_offset => 1
write_node => 1
x_leaders => 102
xchr_code_base => 27691
xord_code_base => 27690
xprn_code_base => 27692
xray => 19
xspace_skip_code => 13
year_code => 23
