<?xml version="1.0" encoding="UTF-8"?>
<!DOCTYPE article PUBLIC "-//NLM//DTD JATS (Z39.96) Journal Archiving and Interchange DTD with MathML3 v1.1d1 20130915//EN" "JATS-archivearticle1-mathml3.dtd">
<article xmlns:html="http://www.w3.org/1999/xhtml" xmlns:xlink="http://www.w3.org/1999/xlink">
  <table id="tblrid1">
    <tr>
      <td>R1</td>
      <td rowspan="3">C2, R1-3</td>
      <td>R1</td>
    </tr>
    <tr>
      <td>R2</td>
      <td hidden="hidden"/>
      <td>R2</td>
    </tr>
    <tr>
      <td>R3</td>
      <td hidden="hidden"/>
      <td>R3</td>
    </tr>
    <tr>
      <td>C1</td>
      <td>C2</td>
      <td>C3</td>
    </tr>
  </table>
  <table id="tblrid2">
    <tr>
      <td>R1</td>
      <td colspan="3" rowspan="2">C2–4, R1–2</td>
      <td hidden="hidden"/>
      <td hidden="hidden"/>
      <td>R1</td>
      <td rowspan="3">C6, R1–3</td>
      <td>R1</td>
    </tr>
    <tr>
      <td>R2</td>
      <td hidden="hidden"/>
      <td>R2</td>
      <td hidden="hidden"/>
      <td>R2</td>
      <td content-type="filler"/>
      <td content-type="filler"/>
    </tr>
    <tr>
      <td>R3</td>
      <td>C2</td>
      <td>C3</td>
      <td>C4</td>
      <td>R3</td>
      <td hidden="hidden"/>
      <td>R3</td>
    </tr>
    <tr>
      <td>C1</td>
      <td>C2</td>
      <td>C3</td>
      <td>C4</td>
      <td>C5</td>
      <td>C6</td>
      <td>C7</td>
    </tr>
  </table>
</article>
