table#tblrid1 { border-collapse: collapse; }
table#tblrid1 * td:nth-child(1) { border-left: thin solid black; }
table#tblrid1 * td:nth-child(1) { padding-left: 5.0pt; }
table#tblrid1 * td:nth-child(1) { text-align: left; }
table#tblrid1 * td:nth-child(1) { padding-right: 5.0pt; }
table#tblrid1 * td:nth-child(1) { border-right: thin solid black; }
table#tblrid1 * td:nth-child(2) { padding-left: 5.0pt; }
table#tblrid1 * td:nth-child(2) { text-align: center; }
table#tblrid1 * td:nth-child(2) { padding-right: 5.0pt; }
table#tblrid1 * td:nth-child(2) { border-right: thin solid black; }
table#tblrid1 * td:nth-child(3) { padding-left: 5.0pt; }
table#tblrid1 * td:nth-child(3) { text-align: left; }
table#tblrid1 * td:nth-child(3) { padding-right: 5.0pt; }
table#tblrid1 * td:nth-child(3) { border-right: thin solid black; }
table#tblrid1 tr:nth-child(1) { border-top: thin solid black; }
table#tblrid1 TR:nth-child(3) TD:nth-child(2) { border-bottom: thin solid black; }
table#tblrid2 { border-collapse: collapse; }
table#tblrid2 * td:nth-child(1) { border-left: thin solid black; }
table#tblrid2 * td:nth-child(1) { padding-left: 5.0pt; }
table#tblrid2 * td:nth-child(1) { text-align: left; }
table#tblrid2 * td:nth-child(1) { padding-right: 5.0pt; }
table#tblrid2 * td:nth-child(1) { border-right: thin solid black; }
table#tblrid2 * td:nth-child(2) { padding-left: 5.0pt; }
table#tblrid2 * td:nth-child(2) { text-align: center; }
table#tblrid2 * td:nth-child(2) { padding-right: 5.0pt; }
table#tblrid2 * td:nth-child(2) { border-right: thin solid black; }
table#tblrid2 * td:nth-child(3) { padding-left: 5.0pt; }
table#tblrid2 * td:nth-child(3) { text-align: center; }
table#tblrid2 * td:nth-child(3) { padding-right: 5.0pt; }
table#tblrid2 * td:nth-child(3) { border-right: thin solid black; }
table#tblrid2 * td:nth-child(4) { padding-left: 5.0pt; }
table#tblrid2 * td:nth-child(4) { text-align: center; }
table#tblrid2 * td:nth-child(4) { padding-right: 5.0pt; }
table#tblrid2 * td:nth-child(4) { border-right: thin solid black; }
table#tblrid2 * td:nth-child(5) { padding-left: 5.0pt; }
table#tblrid2 * td:nth-child(5) { text-align: left; }
table#tblrid2 * td:nth-child(5) { padding-right: 5.0pt; }
table#tblrid2 * td:nth-child(5) { border-right: thin solid black; }
table#tblrid2 * td:nth-child(6) { padding-left: 5.0pt; }
table#tblrid2 * td:nth-child(6) { text-align: center; }
table#tblrid2 * td:nth-child(6) { padding-right: 5.0pt; }
table#tblrid2 * td:nth-child(6) { border-right: thin solid black; }
table#tblrid2 * td:nth-child(7) { padding-left: 5.0pt; }
table#tblrid2 * td:nth-child(7) { text-align: left; }
table#tblrid2 * td:nth-child(7) { padding-right: 5.0pt; }
table#tblrid2 * td:nth-child(7) { border-right: thin solid black; }
table#tblrid2 tr:nth-child(1) { border-top: thin solid black; }
table#tblrid2 tr:nth-child(1) td:nth-child(2) { padding-left: 5.0pt; }
table#tblrid2 tr:nth-child(1) td:nth-child(2) { text-align: center; }
table#tblrid2 tr:nth-child(1) td:nth-child(2) { padding-right: 5.0pt; }
table#tblrid2 tr:nth-child(1) td:nth-child(2) { border-right: thin solid black; }
table#tblrid2 tr:nth-child(2) td:nth-child(2) { padding-left: 5.0pt; }
table#tblrid2 tr:nth-child(2) td:nth-child(2) { text-align: center; }
table#tblrid2 tr:nth-child(2) td:nth-child(2) { padding-right: 5.0pt; }
table#tblrid2 tr:nth-child(2) td:nth-child(2) { border-right: thin solid black; }
table#tblrid2 tr:nth-child(1) td:nth-child(2) { border-bottom: thin solid black; }
table#tblrid2 tr:nth-child(2) td:nth-child(3) { border-bottom: thin solid black; }
table#tblrid2 tr:nth-child(1) td:nth-child(4) { border-bottom: thin solid black; }
table#tblrid2 tr:nth-child(3) td:nth-child(2) { padding-left: 5.0pt; }
table#tblrid2 tr:nth-child(3) td:nth-child(2) { vertical-align: top; }
table#tblrid2 tr:nth-child(3) td:nth-child(2) { width: 40.0pt; }
table#tblrid2 tr:nth-child(3) td:nth-child(2) { padding-right: 5.0pt; }
table#tblrid2 tr:nth-child(3) td:nth-child(2) { border-right: thin solid black; }
table#tblrid2 tr:nth-child(3) td:nth-child(3) { padding-left: 5.0pt; }
table#tblrid2 tr:nth-child(3) td:nth-child(3) { vertical-align: top; }
table#tblrid2 tr:nth-child(3) td:nth-child(3) { width: 40.0pt; }
table#tblrid2 tr:nth-child(3) td:nth-child(3) { padding-right: 5.0pt; }
table#tblrid2 tr:nth-child(3) td:nth-child(3) { border-right: thin solid black; }
table#tblrid2 TR:nth-child(3) TD:nth-child(2) { border-bottom: thin solid black; }
table#tblrid2 TR:nth-child(3) TD:nth-child(3) { border-bottom: thin solid black; }
table#tblrid2 TR:nth-child(3) TD:nth-child(4) { border-bottom: thin solid black; }
table#tblrid2 TR:nth-child(3) TD:nth-child(6) { border-bottom: thin solid black; }
