
%    Wadalab Japanese fonts

dgjgreek dgjgreek <dgjgreek.pfb 
dgjhira dgjhira <dgjhira.pfb
dgjkata dgjkata <dgjkata.pfb 
dgjkeisen dgjkeisen <dgjkeisen.pfb 
dgjroma dgjroma <dgjroma.pfb 
dgjrussian dgjrussian <dgjrussian.pfb 
dgjsy dgjsy <dgjsy.pfb 
dgjka dgjka <dgjka.pfb 
dgjkb dgjkb <dgjkb.pfb 
dgjkc dgjkc <dgjkc.pfb
dgjkd dgjkd <dgjkd.pfb 
dgjke dgjke <dgjke.pfb 
dgjkf dgjkf <dgjkf.pfb 
dgjkg dgjkg <dgjkg.pfb 
dgjkh dgjkh <dgjkh.pfb 
dgjki dgjki <dgjki.pfb 
dgjkj dgjkj <dgjkj.pfb 
dgjkk dgjkk <dgjkk.pfb 
dgjkl dgjkl <dgjkl.pfb 
dgjkm dgjkm <dgjkm.pfb 
dgjkn dgjkn <dgjkn.pfb 
dgjko dgjko <dgjko.pfb 
dgjkp dgjkp <dgjkp.pfb 
dgjkq dgjkq <dgjkq.pfb 
dgjkr dgjkr <dgjkr.pfb 
dgjks dgjks <dgjks.pfb 
dgjkt dgjkt <dgjkt.pfb 
dgjku dgjku <dgjku.pfb 
dgjkv dgjkv <dgjkv.pfb 
dgjkw dgjkw <dgjkw.pfb 
dgjkx dgjkx <dgjkx.pfb 
dgjky dgjky <dgjky.pfb 
dgjkz dgjkz <dgjkz.pfb 

dmjgreek dmjgreek <dmjgreek.pfb 
dmjhira dmjhira <dmjhira.pfb
dmjkata dmjkata <dmjkata.pfb 
dmjkeisen dmjkeisen <dmjkeisen.pfb 
dmjroma dmjroma <dmjroma.pfb 
dmjrussian dmjrussian <dmjrussian.pfb 
dmjsy dmjsy <dmjsy.pfb 
dmjka dmjka <dmjka.pfb 
dmjkb dmjkb <dmjkb.pfb 
dmjkc dmjkc <dmjkc.pfb
dmjkd dmjkd <dmjkd.pfb 
dmjke dmjke <dmjke.pfb 
dmjkf dmjkf <dmjkf.pfb 
dmjkg dmjkg <dmjkg.pfb 
dmjkh dmjkh <dmjkh.pfb 
dmjki dmjki <dmjki.pfb 
dmjkj dmjkj <dmjkj.pfb 
dmjkk dmjkk <dmjkk.pfb 
dmjkl dmjkl <dmjkl.pfb 
dmjkm dmjkm <dmjkm.pfb 
dmjkn dmjkn <dmjkn.pfb 
dmjko dmjko <dmjko.pfb 
dmjkp dmjkp <dmjkp.pfb 
dmjkq dmjkq <dmjkq.pfb 
dmjkr dmjkr <dmjkr.pfb 
dmjks dmjks <dmjks.pfb 
dmjkt dmjkt <dmjkt.pfb 
dmjku dmjku <dmjku.pfb 
dmjkv dmjkv <dmjkv.pfb 
dmjkw dmjkw <dmjkw.pfb 
dmjkx dmjkx <dmjkx.pfb 
dmjky dmjky <dmjky.pfb 
dmjkz dmjkz <dmjkz.pfb 

mcjgreek mcjgreek <mcjgreek.pfb 
mcjhira mcjhira <mcjhira.pfb
mcjkata mcjkata <mcjkata.pfb 
mcjkeisen mcjkeisen <mcjkeisen.pfb 
mcjroma mcjroma <mcjroma.pfb 
mcjrussian mcjrussian <mcjrussian.pfb 
mcjsy mcjsy <mcjsy.pfb 
mcjka mcjka <mcjka.pfb 
mcjkb mcjkb <mcjkb.pfb 
mcjkc mcjkc <mcjkc.pfb
mcjkd mcjkd <mcjkd.pfb 
mcjke mcjke <mcjke.pfb 
mcjkf mcjkf <mcjkf.pfb 
mcjkg mcjkg <mcjkg.pfb 
mcjkh mcjkh <mcjkh.pfb 
mcjki mcjki <mcjki.pfb 
mcjkj mcjkj <mcjkj.pfb 
mcjkk mcjkk <mcjkk.pfb 
mcjkl mcjkl <mcjkl.pfb 
mcjkm mcjkm <mcjkm.pfb 
mcjkn mcjkn <mcjkn.pfb 
mcjko mcjko <mcjko.pfb 
mcjkp mcjkp <mcjkp.pfb 
mcjkq mcjkq <mcjkq.pfb 
mcjkr mcjkr <mcjkr.pfb 
mcjks mcjks <mcjks.pfb 
mcjkt mcjkt <mcjkt.pfb 
mcjku mcjku <mcjku.pfb 
mcjkv mcjkv <mcjkv.pfb 
mcjkw mcjkw <mcjkw.pfb 
mcjkx mcjkx <mcjkx.pfb 
mcjky mcjky <mcjky.pfb 
mcjkz mcjkz <mcjkz.pfb 

mrjgreek mrjgreek <mrjgreek.pfb 
mrjhira mrjhira <mrjhira.pfb
mrjkata mrjkata <mrjkata.pfb 
mrjkeisen mrjkeisen <mrjkeisen.pfb 
mrjroma mrjroma <mrjroma.pfb 
mrjrussian mrjrussian <mrjrussian.pfb 
mrjsy mrjsy <mrjsy.pfb 
mrjka mrjka <mrjka.pfb 
mrjkb mrjkb <mrjkb.pfb 
mrjkc mrjkc <mrjkc.pfb
mrjkd mrjkd <mrjkd.pfb 
mrjke mrjke <mrjke.pfb 
mrjkf mrjkf <mrjkf.pfb 
mrjkg mrjkg <mrjkg.pfb 
mrjkh mrjkh <mrjkh.pfb 
mrjki mrjki <mrjki.pfb 
mrjkj mrjkj <mrjkj.pfb 
mrjkk mrjkk <mrjkk.pfb 
mrjkl mrjkl <mrjkl.pfb 
mrjkm mrjkm <mrjkm.pfb 
mrjkn mrjkn <mrjkn.pfb 
mrjko mrjko <mrjko.pfb 
mrjkp mrjkp <mrjkp.pfb 
mrjkq mrjkq <mrjkq.pfb 
mrjkr mrjkr <mrjkr.pfb 
mrjks mrjks <mrjks.pfb 
mrjkt mrjkt <mrjkt.pfb 
mrjku mrjku <mrjku.pfb 
mrjkv mrjkv <mrjkv.pfb 
mrjkw mrjkw <mrjkw.pfb 
mrjkx mrjkx <mrjkx.pfb 
mrjky mrjky <mrjky.pfb 
mrjkz mrjkz <mrjkz.pfb 

mc2jka mc2jka <mc2jka.pfb 
mc2jkb mc2jkb <mc2jkb.pfb 
mc2jkc mc2jkc <mc2jkc.pfb
mc2jkd mc2jkd <mc2jkd.pfb 
mc2jke mc2jke <mc2jke.pfb 
mc2jkf mc2jkf <mc2jkf.pfb 
mc2jkg mc2jkg <mc2jkg.pfb 
mc2jkh mc2jkh <mc2jkh.pfb 
mc2jki mc2jki <mc2jki.pfb 
mc2jkj mc2jkj <mc2jkj.pfb 
mc2jkk mc2jkk <mc2jkk.pfb 
mc2jkl mc2jkl <mc2jkl.pfb 
mc2jkm mc2jkm <mc2jkm.pfb 
mc2jkn mc2jkn <mc2jkn.pfb 
mc2jko mc2jko <mc2jko.pfb 
mc2jkp mc2jkp <mc2jkp.pfb 
mc2jkq mc2jkq <mc2jkq.pfb 
mc2jkr mc2jkr <mc2jkr.pfb 
mc2jks mc2jks <mc2jks.pfb 
mc2jkt mc2jkt <mc2jkt.pfb 
mc2jku mc2jku <mc2jku.pfb 
mc2jkv mc2jkv <mc2jkv.pfb 
mc2jkw mc2jkw <mc2jkw.pfb 

mr2jka mr2jka <mr2jka.pfb 
mr2jkb mr2jkb <mr2jkb.pfb 
mr2jkc mr2jkc <mr2jkc.pfb
mr2jkd mr2jkd <mr2jkd.pfb 
mr2jke mr2jke <mr2jke.pfb 
mr2jkf mr2jkf <mr2jkf.pfb 
mr2jkg mr2jkg <mr2jkg.pfb 
mr2jkh mr2jkh <mr2jkh.pfb 
mr2jki mr2jki <mr2jki.pfb 
mr2jkj mr2jkj <mr2jkj.pfb 
mr2jkk mr2jkk <mr2jkk.pfb 
mr2jkl mr2jkl <mr2jkl.pfb 
mr2jkm mr2jkm <mr2jkm.pfb 
mr2jkn mr2jkn <mr2jkn.pfb 
mr2jko mr2jko <mr2jko.pfb 
mr2jkp mr2jkp <mr2jkp.pfb 
mr2jkq mr2jkq <mr2jkq.pfb 
mr2jkr mr2jkr <mr2jkr.pfb 
mr2jks mr2jks <mr2jks.pfb 
mr2jkt mr2jkt <mr2jkt.pfb 
mr2jku mr2jku <mr2jku.pfb 
mr2jkv mr2jkv <mr2jkv.pfb 
mr2jkw mr2jkw <mr2jkw.pfb 

