<?xml version="1.0" encoding="UTF-8"?>
<!DOCTYPE article PUBLIC "-//AMS TEXML//DTD MODIFIED JATS (Z39.96) Journal Archiving and Interchange DTD with MathML3 v1.3d2 20201130//EN" "texml-jats-1-3d2.dtd">
<article xmlns:xlink="http://www.w3.org/1999/xlink">
  <front id="ltxid1">
    <article-meta>
      <title-group>
        <article-title>gobble</article-title>
      </title-group>
    </article-meta>
  </front>
  <body id="ltxid2">
    <sec id="ltxid3" specific-use="section">
      <p>hello, world</p>
      <fig content-type="code" specific-use="lstlisting">
        <texml:lstlisting numbers="none">
          <texml:line>1  for i:=maxint to 0 do</texml:line>
          <texml:line> 2 begin</texml:line>
          <texml:line>  3    { do nothing }</texml:line>
          <texml:line>123end;</texml:line>
          <texml:line/>
          <texml:line>   Write('Case insensitive ');</texml:line>
          <texml:line>   WritE('Pascal keywords.');</texml:line>
        </texml:lstlisting>
      </fig>
      <fig content-type="code" specific-use="lstlisting">
        <texml:lstlisting numbers="none">
          <texml:line>for i:=maxint to 0 do</texml:line>
          <texml:line>begin</texml:line>
          <texml:line>    { do nothing }</texml:line>
          <texml:line>end;</texml:line>
          <texml:line/>
          <texml:line>Write('Case insensitive ');</texml:line>
          <texml:line>WritE('Pascal keywords.');</texml:line>
        </texml:lstlisting>
      </fig>
    </sec>
  </body>
</article>
