<?xml version="1.0" encoding="UTF-8"?>
<!DOCTYPE article PUBLIC "-//AMS TEXML//DTD MODIFIED JATS (Z39.96) Journal Archiving and Interchange DTD with MathML3 v1.3d2 20201130//EN" "texml-jats-1-3d2.dtd">
<article xmlns:xlink="http://www.w3.org/1999/xlink">
  <p>numbers=left; stepnumber=3; firstnumber=2</p>
  <fig content-type="code" specific-use="lstlisting">
    <texml:lstlisting numbers="left">
      <texml:line>A</texml:line>
      <texml:line lineno="3">B</texml:line>
      <texml:line>C</texml:line>
      <texml:line>D</texml:line>
      <texml:line lineno="6">E</texml:line>
      <texml:line>F</texml:line>
      <texml:line>G</texml:line>
      <texml:line lineno="9">H</texml:line>
      <texml:line>I</texml:line>
      <texml:line>J</texml:line>
      <texml:line lineno="12">K</texml:line>
      <texml:line>L</texml:line>
    </texml:lstlisting>
  </fig>
</article>
