<?xml version="1.0" encoding="UTF-8"?>
<!DOCTYPE article PUBLIC "-//AMS TEXML//DTD MODIFIED JATS (Z39.96) Journal Archiving and Interchange DTD with MathML3 v1.3d2 20201130//EN" "texml-jats-1-3d2.dtd">
<article xmlns:xlink="http://www.w3.org/1999/xlink">
  <p>numbers=left; stepnumber=3; firstnumber=1</p>
  <fig content-type="code" specific-use="lstlisting">
    <texml:lstlisting numbers="left">
      <texml:line lineno="1">A</texml:line>
      <texml:line>B</texml:line>
      <texml:line>C</texml:line>
      <texml:line lineno="4">D</texml:line>
      <texml:line>E</texml:line>
      <texml:line>F</texml:line>
      <texml:line lineno="7">G</texml:line>
      <texml:line>H</texml:line>
      <texml:line>I</texml:line>
      <texml:line lineno="10">J</texml:line>
      <texml:line>K</texml:line>
      <texml:line>L</texml:line>
    </texml:lstlisting>
  </fig>
</article>
