<?xml version="1.0" encoding="UTF-8"?>
<!DOCTYPE article PUBLIC "-//AMS TEXML//DTD MODIFIED JATS (Z39.96) Journal Archiving and Interchange DTD with MathML3 v1.3d2 20201130//EN" "texml-jats-1-3d2.dtd">
<article xmlns:xlink="http://www.w3.org/1999/xlink">
  <front id="ltxid1">
    <article-meta>
      <title-group>
        <article-title>listings</article-title>
      </title-group>
    </article-meta>
  </front>
  <body id="ltxid2">
    <sec id="ltxid3" specific-use="section">
      <p>We can’t currently implement type-m strings. See comments in <monospace>listings.pm</monospace>.</p>
      <fig content-type="code" specific-use="lstlisting">
        <texml:lstlisting numbers="none">
          <texml:line><id>while</id> (&lt;&gt;) {</texml:line>
          <texml:line>    <id>chomp</id>;</texml:line>
          <texml:line/>
          <texml:line>    <id>print</id> <str>'string'</str>;</texml:line>
          <texml:line>    <id>print</id>(<str>'string'</str>);</texml:line>
          <texml:line/>
          <texml:line>    <id>print</id>()<str>'string'</str>;</texml:line>
          <texml:line/>
          <texml:line>    <id>print</id>[]<str>'string'</str>;</texml:line>
          <texml:line/>
          <texml:line>    <id>print</id><str>'string'</str>;</texml:line>
          <texml:line>}</texml:line>
        </texml:lstlisting>
      </fig>
    </sec>
  </body>
</article>
